[backup] volume=vija-100m-kd-vol/checkpoints_v3 -> /d/Bit-Translate-data/checkpoints_v3 | chu ky 600s
[backup] Ctrl-C de dung. Log: logs/backup_checkpoints_v3.log
[backup 04:04:53] tai step500.pt ...
  OK step500.pt step 500
[backup 04:16:00] tai step1000.pt ...
  OK step1000.pt step 1000
[backup 04:27:06] tai step1500.pt ...
  CORRUPT step1500.pt PytorchStreamReader failed reading file data/5: invalid header or arch
[backup 04:38:12] tai step1500.pt ...
  OK step1500.pt step 1500
[backup 04:39:09] tai step2000.pt ...
  OK step2000.pt step 2000
[backup 04:50:17] tai step2500.pt ...
  OK step2500.pt step 2500
[backup 05:01:31] tai step3000.pt ...
  CORRUPT step3000.pt PytorchStreamReader failed reading file data/1: invalid header or arch
[backup 05:12:34] tai step3000.pt ...
  OK step3000.pt step 3000
[backup 05:13:30] tai step3500.pt ...
  OK step3500.pt step 3500
[backup 05:24:35] tai step4000.pt ...
  OK step4000.pt step 4000
[backup 05:35:40] tai step4500.pt ...
  OK step4500.pt step 4500
[backup 05:46:47] tai step5000.pt ...
  CORRUPT step5000.pt PytorchStreamReader failed reading file data/84: invalid header or arc
[backup 05:58:08] tai step5000.pt ...
  OK step5000.pt step 5000
[backup 05:59:06] tai step5500.pt ...
  OK step5500.pt step 5500
[backup 06:10:11] tai step6000.pt ...
  CORRUPT step6000.pt PytorchStreamReader failed reading file data/131: invalid header or ar
[backup 06:21:15] tai step6000.pt ...
  OK step6000.pt step 6000
[backup 06:22:13] tai step6500.pt ...
  OK step6500.pt step 6500
[backup 06:33:13] tai step7000.pt ...
  OK step7000.pt step 7000
[backup 06:34:09] tai step7500.pt ...
  OK step7500.pt step 7500
