[backup] volume=vija-100m-kd-vol/checkpoints_v7a -> /d/Bit-Translate-data/checkpoints_v7a | chu ky 180s
[backup] Ctrl-C de dung. Log: logs/backup_checkpoints_v7a.log
[backup 08:29:10] tai step5750.pt ...
  OK step5750.pt step 5750
[backup 08:39:42] tai step6250.pt ...
  OK step6250.pt step 6250
[backup 08:40:27] tia step3250.pt
[backup 08:46:56] tia step3500.pt
[backup 08:50:05] tai step6750.pt ...
  OK step6750.pt step 6750
[backup 08:50:35] tia step3750.pt
[backup 08:56:52] tai step7000.pt ...
  OK step7000.pt step 7000
[backup 09:06:42] tai step7500.pt ...
  OK step7500.pt step 7500
[backup 09:07:21] tia step4500.pt
[backup 09:13:39] tia step4750.pt
[backup 10:16:45] tai step5000.pt ...
  OK step5000.pt step 5000
[backup 10:17:14] tia step5000.pt
[backup 10:20:23] tai step5000.pt ...
  OK step5000.pt step 5000
[backup 10:21:00] tia step5000.pt
[backup 10:21:00] tia step5250.pt
rm: cannot remove '/d/Bit-Translate-data/checkpoints_v7a/step5250.pt': Device or resource busy
[backup 10:24:09] tai step5000.pt ...
  OK step5000.pt step 5000
[backup 10:24:35] tai step5250.pt ...
  OK step5250.pt step 5250
[backup 10:25:02] tia step5000.pt
[backup 10:25:02] tia step5250.pt
[backup 10:28:10] tai step5000.pt ...
  OK step5000.pt step 5000
[backup 10:28:35] tai step5250.pt ...
  CORRUPT step5250.pt PytorchStreamReader failed reading file data/10: invalid header or arc
[backup 10:29:00] tai step5500.pt ...
  OK step5500.pt step 5500
[backup 10:29:24] tia step5000.pt
[backup 10:29:24] tia step5500.pt
[backup 10:32:33] tai step5000.pt ...
  OK step5000.pt step 5000
[backup 10:33:57] tai step5500.pt ...
  tai LOI step5500.pt (se thu lai lan sau)
[backup 10:34:02] tai step5750.pt ...
  CORRUPT step5750.pt [Errno 2] No such file or directory: 'D:/Bit-Translate-data/checkpoint
[backup 10:38:02] tai step5000.pt ...
  OK step5000.pt step 5000
[backup 10:38:26] tai step5250.pt ...
  OK step5250.pt step 5250
[backup 10:38:53] tai step5500.pt ...
  OK step5500.pt step 5500
[backup 10:39:22] tai step5750.pt ...
  OK step5750.pt step 5750
[backup 10:39:52] tia step5000.pt
[backup 10:39:52] tia step5250.pt
[backup 10:39:53] tia step5500.pt
[backup 10:39:53] tia step5750.pt
[backup 10:43:02] tai step5000.pt ...
  OK step5000.pt step 5000
[backup 10:43:29] tai step5250.pt ...
  OK step5250.pt step 5250
[backup 10:43:58] tai step5500.pt ...
  OK step5500.pt step 5500
[backup 10:44:26] tai step5750.pt ...
  OK step5750.pt step 5750
[backup 10:44:57] tia step5000.pt
[backup 10:44:58] tia step5250.pt
[backup 10:44:58] tia step5500.pt
[backup 10:44:58] tia step5750.pt
[backup 10:48:12] tai step5500.pt ...
  OK step5500.pt step 5500
[backup 10:49:09] tia step5000.pt
[backup 10:49:09] tia step5250.pt
[backup 10:49:10] tia step5500.pt
[backup 10:49:10] tia step5750.pt
[backup 10:52:22] tai step5000.pt ...
  CORRUPT step5000.pt [Errno 2] No such file or directory: 'D:/Bit-Translate-data/checkpoint
[backup 10:52:56] tai step5250.pt ...
  OK step5250.pt step 5250
[backup 10:53:30] tai step5500.pt ...
  OK step5500.pt step 5500
[backup 10:53:59] tai step5750.pt ...
a step5750.pt
[backup 10:47:09] tai step5000.pt ...
  OK step5000.pt step 5000
[backup 10:47:37] tai step5250.pt ...
  OK step5250.pt step 5250
[backup 10:48:35] tai step5750.pt ...
  CORRUPT step5750.pt [Errno 2] No such file or directory: 'D:/Bit-Translate-data/checkpoint
