[backup] volume=vija-100m-kd-vol/checkpoints_v6 -> /d/Bit-Translate-data/checkpoints_v6 | chu ky 300s
[backup] Ctrl-C de dung. Log: logs/backup_checkpoints_v6.log
[backup 09:31:34] tai step4750.pt ...
  OK step4750.pt step 4750
[backup 09:32:05] tia step250.pt
[backup 09:32:05] tia step1000.pt
[backup 09:32:05] tia step1250.pt
[backup 09:32:05] tia step1500.pt
[backup 09:32:05] tia step1750.pt
[backup 09:37:14] tai step5000.pt ...
  OK step5000.pt step 5000
[backup 09:39:40] tia step2000.pt
[backup 09:44:49] tai step5250.pt ...
  CORRUPT step5250.pt PytorchStreamReader failed reading file data/130: invalid header or ar
[backup 09:45:23] tai step5500.pt ...
  OK step5500.pt step 5500
[backup 09:45:55] tia step2250.pt
[backup 09:51:03] tai step5250.pt ...
  OK step5250.pt step 5250
[backup 09:51:32] tai step5750.pt ...
  OK step5750.pt step 5750
[backup 09:52:01] tia step2500.pt
[backup 09:52:01] tia step2750.pt
[backup 09:57:09] tai step6000.pt ...
  OK step6000.pt step 6000
[backup 09:57:38] tia step3000.pt
[backup 10:02:47] tai step6250.pt ...
  OK step6250.pt step 6250
[backup 10:03:34] tia step3250.pt
[backup 10:08:57] tai step6500.pt ...
  OK step6500.pt step 6500
[backup 10:09:35] tia step3500.pt
[backup 10:14:48] tai step6750.pt ...
  OK step6750.pt step 6750
[backup 10:15:32] tia step3750.pt
[backup 10:20:45] tai step7000.pt ...
  OK step7000.pt step 7000
[backup 10:21:17] tia step4000.pt
[backup 10:26:29] tai step7250.pt ...
  OK step7250.pt step 7250
[backup 10:27:03] tai step7500.pt ...
  OK step7500.pt step 7500
[backup 10:27:32] tia step4250.pt
[backup 10:27:32] tia step4500.pt
[backup 10:32:49] tai step7750.pt ...
  OK step7750.pt step 7750
[backup 10:33:32] tia step4750.pt
[backup 10:38:43] tai step8000.pt ...
  OK step8000.pt step 8000
[backup 10:39:18] tia step5000.pt
[backup 10:44:26] tai step8250.pt ...
  OK step8250.pt step 8250
[backup 10:45:09] tia step5250.pt
[backup 10:50:18] tai step8500.pt ...
  OK step8500.pt step 8500
[backup 10:50:53] tia step5500.pt
[backup 10:56:01] tai step8750.pt ...
  OK step8750.pt step 8750
[backup 10:56:36] tia step5750.pt
[backup 11:01:44] tai step9000.pt ...
  OK step9000.pt step 9000
[backup 11:02:19] tia step6000.pt
[backup 11:07:28] tai step9250.pt ...
  OK step9250.pt step 9250
[backup 11:07:58] tia step6250.pt
[backup 11:13:11] tai step9500.pt ...
  OK step9500.pt step 9500
[backup 11:13:48] tia step6500.pt
[backup 11:19:03] tai step9750.pt ...
  OK step9750.pt step 9750
[backup 11:19:33] tia step6750.pt
[backup 11:24:41] tai step10000.pt ...
  OK step10000.pt step 10000
[backup 11:25:05] tia step7000.pt
[backup 11:30:14] tai step10250.pt ...
  OK step10250.pt step 10250
[backup 11:30:40] tia step7250.pt
[backup 11:35:49] tai step10500.pt ...
  CORRUPT step10500.pt PytorchStreamReader failed reading file data/152: invalid header or ar
[backup 11:41:22] tai step10500.pt ...
  OK step10500.pt step 10500
[backup 11:41:50] tai step10750.pt ...
  OK step10750.pt step 10750
[backup 11:42:18] tia step7500.pt
[backup 11:42:18] tia step7750.pt
[backup 11:47:26] tai step11000.pt ...
  OK step11000.pt step 11000
[backup 11:48:00] tai step11250.pt ...
  OK step11250.pt step 11250
[backup 11:48:26] tia step8000.pt
[backup 11:48:26] tia step8250.pt
[backup 11:53:35] tai step11500.pt ...
  OK step11500.pt step 11500
[backup 11:54:09] tia step8500.pt
[backup 11:59:18] tai step11750.pt ...
  OK step11750.pt step 11750
[backup 11:59:49] tia step8750.pt
[backup 12:04:57] tai step12000.pt ...
  CORRUPT step12000.pt PytorchStreamReader failed reading file data/142: invalid header or ar
[backup 12:10:34] tai step12000.pt ...
  OK step12000.pt step 12000
[backup 12:11:01] tai step12250.pt ...
  OK step12250.pt step 12250
[backup 12:11:31] tia step9000.pt
[backup 12:11:31] tia step9250.pt
[backup 12:16:44] tai step12500.pt ...
  CORRUPT step12500.pt PytorchStreamReader failed reading file data/9: invalid header or arch
[backup 12:22:22] tai step12500.pt ...
  OK step12500.pt step 12500
[backup 12:22:47] tai step12750.pt ...
  CORRUPT step12750.pt PytorchStreamReader failed reading file data/197: invalid header or ar
[backup 12:23:16] tia step9500.pt
[backup 12:28:26] tai step12750.pt ...
  OK step12750.pt step 12750
[backup 12:28:53] tai step13000.pt ...
  OK step13000.pt step 13000
[backup 12:29:35] tia step9750.pt
[backup 12:29:35] tia step10000.pt
[backup 12:34:44] tai step13250.pt ...
  OK step13250.pt step 13250
[backup 12:35:11] tia step10250.pt
[backup 12:40:19] tai step13500.pt ...
  OK step13500.pt step 13500
[backup 12:40:48] tia step10500.pt
[backup 12:45:56] tai step13750.pt ...
  OK step13750.pt step 13750
[backup 12:46:24] tia step10750.pt
[backup 12:51:32] tai step14000.pt ...
  OK step14000.pt step 14000
[backup 12:51:57] tia step11000.pt
[backup 12:57:05] tai step14250.pt ...
  OK step14250.pt step 14250
[backup 12:57:31] tia step11250.pt
[backup 13:02:40] tai step14500.pt ...
  OK step14500.pt step 14500
[backup 13:03:04] tia step11500.pt
[backup 13:08:12] tai step14750.pt ...
  CORRUPT step14750.pt PytorchStreamReader failed reading file data/97: invalid header or arc
[backup 13:08:37] tai step15000.pt ...
  CORRUPT step15000.pt PytorchStreamReader failed reading file data/20: invalid header or arc
[backup 13:14:10] tai step14750.pt ...
  OK step14750.pt step 14750
[backup 13:14:37] tai step15000.pt ...
  OK step15000.pt step 15000
[backup 13:15:04] tai step15250.pt ...
  OK step15250.pt step 15250
[backup 13:15:33] tia step11750.pt
[backup 13:15:33] tia step12000.pt
[backup 13:15:34] tia step12250.pt
[backup 13:20:42] tai step15500.pt ...
  OK step15500.pt step 15500
[backup 13:21:11] tia step12500.pt
[backup 13:26:22] tai step15750.pt ...
  CORRUPT step15750.pt PytorchStreamReader failed reading zip archive: failed finding central
[backup 13:32:09] tai step15750.pt ...
  OK step15750.pt step 15750
[backup 13:32:47] tai step16000.pt ...
  CORRUPT step16000.pt PytorchStreamReader failed reading file data/9: invalid header or arch
[backup 13:33:25] tia step12750.pt
[backup 13:38:37] tai step16000.pt ...
  CORRUPT step16000.pt PytorchStreamReader failed reading file data/108: invalid header or ar
[backup 13:39:24] tai step16250.pt ...
  OK step16250.pt step 16250
[backup 13:40:04] tai step16400.pt ...
  OK step16400.pt step 16400
[backup 13:40:52] tia step13000.pt
[backup 13:40:52] tia step13250.pt
[backup 13:46:08] tia step13500.pt
