[backup] volume=vija-100m-kd-vol/checkpoints_v5 -> /d/Bit-Translate-data/checkpoints_v5 | chu ky 300s
[backup] Ctrl-C de dung. Log: logs/backup_checkpoints_v5.log
[backup 08:28:12] tai step250.pt ...
  OK step250.pt step 250
[backup 08:33:47] tai step500.pt ...
  OK step500.pt step 500
[backup 08:39:22] tai step750.pt ...
  OK step750.pt step 750
[backup 08:44:52] tai step1000.pt ...
  OK step1000.pt step 1000
[backup 08:50:29] tai step1250.pt ...
  OK step1250.pt step 1250
[backup 08:55:58] tai step1500.pt ...
  OK step1500.pt step 1500
[backup 09:01:36] tai step1750.pt ...
  OK step1750.pt step 1750
[backup 09:07:29] tai step2000.pt ...
  OK step2000.pt step 2000
[backup 09:13:09] tai step2250.pt ...
  OK step2250.pt step 2250
[backup 09:18:39] tai step2500.pt ...
  OK step2500.pt step 2500
[backup 09:24:11] tai step2750.pt ...
  OK step2750.pt step 2750
[backup 09:29:45] tai step3000.pt ...
  OK step3000.pt step 3000
[backup 09:35:15] tai step3250.pt ...
  OK step3250.pt step 3250
[backup 09:40:50] tai step3500.pt ...
  OK step3500.pt step 3500
[backup 09:46:35] tai step3750.pt ...
  OK step3750.pt step 3750
[backup 09:52:05] tai step4000.pt ...
  CORRUPT step4000.pt PytorchStreamReader failed reading zip archive: failed finding central
[backup 09:57:41] tai step4000.pt ...
  OK step4000.pt step 4000
[backup 09:58:16] tai step4250.pt ...
  OK step4250.pt step 4250
[backup 10:03:58] tai step4500.pt ...
  OK step4500.pt step 4500
[backup 10:09:44] tai step4750.pt ...
  OK step4750.pt step 4750
[backup 10:15:28] tai step5000.pt ...
  OK step5000.pt step 5000
[backup 10:21:20] tai step5250.pt ...
  OK step5250.pt step 5250
[backup 10:22:02] tai step5500.pt ...
  OK step5500.pt step 5500
[backup 10:27:51] tai step5750.pt ...
  OK step5750.pt step 5750
[backup 10:33:47] tai step6000.pt ...
  OK step6000.pt step 6000
[backup 10:39:33] tai step6250.pt ...
  OK step6250.pt step 6250
[backup 10:45:20] tai step6500.pt ...
  CORRUPT step6500.pt PytorchStreamReader failed reading file data/185: invalid header or ar
[backup 10:51:08] tai step6500.pt ...
  OK step6500.pt step 6500
[backup 10:51:42] tai step6750.pt ...
  OK step6750.pt step 6750
[backup 10:57:26] tai step7000.pt ...
  OK step7000.pt step 7000
[backup 11:03:08] tai step7250.pt ...
  OK step7250.pt step 7250
[backup 11:08:55] tai step7500.pt ...
  OK step7500.pt step 7500
[backup 11:14:39] tai step7750.pt ...
  OK step7750.pt step 7750
[backup 11:20:23] tai step8000.pt ...
  OK step8000.pt step 8000
[backup 11:26:07] tai step8250.pt ...
  OK step8250.pt step 8250
[backup 11:31:52] tai step8500.pt ...
  OK step8500.pt step 8500
[backup 11:32:29] tai step8750.pt ...
  OK step8750.pt step 8750
[backup 11:38:13] tai step9000.pt ...
  OK step9000.pt step 9000
[backup 11:43:55] tai step9250.pt ...
  OK step9250.pt step 9250
[backup 11:49:42] tai step9500.pt ...
  OK step9500.pt step 9500
[backup 11:55:29] tai step9750.pt ...
  OK step9750.pt step 9750
[backup 12:01:13] tai step10000.pt ...
  OK step10000.pt step 10000
[backup 12:06:59] tai step10250.pt ...
  OK step10250.pt step 10250
[backup 12:12:42] tai step10500.pt ...
  OK step10500.pt step 10500
[backup 12:18:18] tai step10750.pt ...
  OK step10750.pt step 10750
[backup 12:23:50] tai step11000.pt ...
  OK step11000.pt step 11000
[backup 12:29:24] tai step11250.pt ...
  OK step11250.pt step 11250
[backup 12:34:58] tai step11500.pt ...
  OK step11500.pt step 11500
[backup 12:40:35] tai step11750.pt ...
  OK step11750.pt step 11750
[backup 12:46:08] tai step12000.pt ...
  OK step12000.pt step 12000
[backup 12:51:40] tai step12250.pt ...
  OK step12250.pt step 12250
[backup 12:57:11] tai step12500.pt ...
  OK step12500.pt step 12500
[backup 13:02:41] tai step12750.pt ...
  OK step12750.pt step 12750
[backup 13:08:12] tai step13000.pt ...
  OK step13000.pt step 13000
[backup 13:13:44] tai step13250.pt ...
  OK step13250.pt step 13250
[backup 13:19:18] tai step13500.pt ...
  OK step13500.pt step 13500
[backup 13:25:16] tai step13750.pt ...
  OK step13750.pt step 13750
[backup 13:25:57] tai step14000.pt ...
  OK step14000.pt step 14000
[backup 13:36:48] tai step1000.pt ...
  OK step1000.pt step 1000
[backup 13:37:29] tai step10250.pt ...
  OK step10250.pt step 10250
[backup 13:38:04] tai step10500.pt ...
  OK step10500.pt step 10500
[backup 13:38:35] tai step10750.pt ...
  OK step10750.pt step 10750
[backup 13:39:07] tai step11000.pt ...
  OK step11000.pt step 11000
[backup 13:39:41] tai step11250.pt ...
  OK step11250.pt step 11250
[backup 13:40:13] tai step11500.pt ...
  OK step11500.pt step 11500
[backup 13:40:42] tai step11750.pt ...
  OK step11750.pt step 11750
[backup 13:41:08] tai step12250.pt ...
  OK step12250.pt step 12250
[backup 13:41:31] tai step1250.pt ...
  OK step1250.pt step 1250
[backup 13:41:54] tai step1500.pt ...
  OK step1500.pt step 1500
[backup 13:42:17] tai step1750.pt ...
  OK step1750.pt step 1750
[backup 13:42:40] tai step2250.pt ...
  CORRUPT step2250.pt PytorchStreamReader failed reading file data/97: invalid header or arc
[backup 13:43:05] tai step250.pt ...
  OK step250.pt step 250
[backup 13:43:29] tai step2500.pt ...
  OK step2500.pt step 2500
[backup 13:43:50] tai step2750.pt ...
  CORRUPT step2750.pt PytorchStreamReader failed reading file data/34: invalid header or arc
[backup 13:44:17] tai step3000.pt ...
  OK step3000.pt step 3000
[backup 13:44:39] tai step3250.pt ...
  OK step3250.pt step 3250
[backup 13:45:02] tai step3500.pt ...
  OK step3500.pt step 3500
[backup 13:45:24] tai step3750.pt ...
  OK step3750.pt step 3750
[backup 13:45:46] tai step4250.pt ...
  OK step4250.pt step 4250
[backup 13:46:07] tai step4500.pt ...
  OK step4500.pt step 4500
[backup 13:46:32] tai step4750.pt ...
  OK step4750.pt step 4750
[backup 13:46:54] tai step500.pt ...
  OK step500.pt step 500
[backup 13:47:18] tai step5000.pt ...
  OK step5000.pt step 5000
[backup 13:47:40] tai step5250.pt ...
  OK step5250.pt step 5250
[backup 13:48:02] tai step5500.pt ...
  OK step5500.pt step 5500
[backup 13:48:28] tai step5750.pt ...
  OK step5750.pt step 5750
[backup 13:48:51] tai step6250.pt ...
  OK step6250.pt step 6250
[backup 13:49:25] tai step6500.pt ...
  OK step6500.pt step 6500
[backup 13:49:57] tai step6750.pt ...
  OK step6750.pt step 6750
[backup 13:50:26] tai step7000.pt ...
  OK step7000.pt step 7000
[backup 13:50:58] tai step7250.pt ...
  CORRUPT step7250.pt PytorchStreamReader failed reading file data/172: invalid header or ar
[backup 13:51:32] tai step750.pt ...
  OK step750.pt step 750
[backup 13:52:02] tai step7500.pt ...
  OK step7500.pt step 7500
[backup 13:52:33] tai step7750.pt ...
  OK step7750.pt step 7750
[backup 13:52:59] tai step8250.pt ...
  OK step8250.pt step 8250
[backup 13:53:29] tai step8500.pt ...
  OK step8500.pt step 8500
[backup 13:53:55] tai step8750.pt ...
  OK step8750.pt step 8750
[backup 13:54:24] tai step9000.pt ...
  OK step9000.pt step 9000
[backup 13:54:53] tai step9250.pt ...
  OK step9250.pt step 9250
[backup 13:55:24] tai step9500.pt ...
  OK step9500.pt step 9500
[backup 13:55:55] tai step9750.pt ...
  OK step9750.pt step 9750
[backup 14:01:35] tai step2250.pt ...
  OK step2250.pt step 2250
[backup 14:02:07] tai step2750.pt ...
  OK step2750.pt step 2750
[backup 14:02:46] tai step7250.pt ...
  OK step7250.pt step 7250
