specials: BOS=2 EOS=3 VIE=4 | D:\Bit-Translate-data\clean_v2 -> D:\Bit-Translate-data\bin_v2
[dev] 3,362 cặp, ja->vi only, streaming tokenize...
  [dev] 3,362/3,362 | 131,312 tokens
[dev] GHI 3,355 seq (131,312 token), bỏ 7 câu >256. mean len 39.1
[train] 11,485,922 cặp, ja->vi only, streaming tokenize...
  [train] 100,000/11,485,922 | 3,886,743 tokens
  [train] 200,000/11,485,922 | 7,788,398 tokens
  [train] 300,000/11,485,922 | 11,701,877 tokens
  [train] 400,000/11,485,922 | 15,590,242 tokens
  [train] 500,000/11,485,922 | 19,475,308 tokens
  [train] 600,000/11,485,922 | 23,388,799 tokens
  [train] 700,000/11,485,922 | 27,297,621 tokens
  [train] 800,000/11,485,922 | 31,200,702 tokens
  [train] 900,000/11,485,922 | 35,100,594 tokens
  [train] 1,000,000/11,485,922 | 39,005,990 tokens
  [train] 1,100,000/11,485,922 | 42,913,172 tokens
  [train] 1,200,000/11,485,922 | 46,813,390 tokens
  [train] 1,300,000/11,485,922 | 50,717,918 tokens
  [train] 1,400,000/11,485,922 | 54,620,945 tokens
  [train] 1,500,000/11,485,922 | 58,508,869 tokens
  [train] 1,600,000/11,485,922 | 62,418,179 tokens
  [train] 1,700,000/11,485,922 | 66,329,179 tokens
  [train] 1,800,000/11,485,922 | 70,236,398 tokens
  [train] 1,900,000/11,485,922 | 74,140,450 tokens
  [train] 2,000,000/11,485,922 | 78,053,154 tokens
  [train] 2,100,000/11,485,922 | 81,943,744 tokens
  [train] 2,200,000/11,485,922 | 85,838,471 tokens
  [train] 2,300,000/11,485,922 | 89,749,996 tokens
  [train] 2,400,000/11,485,922 | 93,634,981 tokens
  [train] 2,500,000/11,485,922 | 97,550,695 tokens
  [train] 2,600,000/11,485,922 | 101,431,406 tokens
  [train] 2,700,000/11,485,922 | 105,341,653 tokens
  [train] 2,800,000/11,485,922 | 109,238,611 tokens
  [train] 2,900,000/11,485,922 | 113,138,233 tokens
  [train] 3,000,000/11,485,922 | 117,042,292 tokens
  [train] 3,100,000/11,485,922 | 120,930,364 tokens
  [train] 3,200,000/11,485,922 | 124,826,399 tokens
  [train] 3,300,000/11,485,922 | 128,741,069 tokens
  [train] 3,400,000/11,485,922 | 132,640,369 tokens
  [train] 3,500,000/11,485,922 | 136,541,487 tokens
  [train] 3,600,000/11,485,922 | 140,436,212 tokens
  [train] 3,700,000/11,485,922 | 144,335,423 tokens
  [train] 3,800,000/11,485,922 | 148,214,213 tokens
  [train] 3,900,000/11,485,922 | 152,109,743 tokens
  [train] 4,000,000/11,485,922 | 156,028,447 tokens
  [train] 4,100,000/11,485,922 | 159,938,321 tokens
  [train] 4,200,000/11,485,922 | 163,842,799 tokens
  [train] 4,300,000/11,485,922 | 167,747,014 tokens
  [train] 4,400,000/11,485,922 | 171,678,930 tokens
  [train] 4,500,000/11,485,922 | 175,597,236 tokens
  [train] 4,600,000/11,485,922 | 179,508,615 tokens
  [train] 4,700,000/11,485,922 | 183,422,930 tokens
  [train] 4,800,000/11,485,922 | 187,334,930 tokens
  [train] 4,900,000/11,485,922 | 191,251,484 tokens
  [train] 5,000,000/11,485,922 | 195,161,008 tokens
  [train] 5,100,000/11,485,922 | 199,070,560 tokens
  [train] 5,200,000/11,485,922 | 202,996,650 tokens
  [train] 5,300,000/11,485,922 | 206,905,915 tokens
  [train] 5,400,000/11,485,922 | 210,828,364 tokens
  [train] 5,500,000/11,485,922 | 214,741,520 tokens
  [train] 5,600,000/11,485,922 | 218,648,008 tokens
  [train] 5,700,000/11,485,922 | 222,559,314 tokens
  [train] 5,800,000/11,485,922 | 226,489,307 tokens
  [train] 5,900,000/11,485,922 | 230,419,336 tokens
  [train] 6,000,000/11,485,922 | 234,328,314 tokens
  [train] 6,100,000/11,485,922 | 238,256,032 tokens
  [train] 6,200,000/11,485,922 | 242,176,503 tokens
  [train] 6,300,000/11,485,922 | 246,074,807 tokens
  [train] 6,400,000/11,485,922 | 249,996,227 tokens
  [train] 6,500,000/11,485,922 | 253,922,600 tokens
  [train] 6,600,000/11,485,922 | 257,841,660 tokens
  [train] 6,700,000/11,485,922 | 261,768,557 tokens
  [train] 6,800,000/11,485,922 | 265,701,334 tokens
  [train] 6,900,000/11,485,922 | 269,612,448 tokens
  [train] 7,000,000/11,485,922 | 273,528,855 tokens
  [train] 7,100,000/11,485,922 | 277,456,616 tokens
  [train] 7,200,000/11,485,922 | 281,386,620 tokens
  [train] 7,300,000/11,485,922 | 285,318,928 tokens
  [train] 7,400,000/11,485,922 | 289,256,522 tokens
  [train] 7,500,000/11,485,922 | 293,183,379 tokens
  [train] 7,600,000/11,485,922 | 297,125,165 tokens
  [train] 7,700,000/11,485,922 | 301,050,774 tokens
  [train] 7,800,000/11,485,922 | 304,984,998 tokens
  [train] 7,900,000/11,485,922 | 308,911,131 tokens
  [train] 8,000,000/11,485,922 | 312,851,474 tokens
  [train] 8,100,000/11,485,922 | 316,793,914 tokens
  [train] 8,200,000/11,485,922 | 320,720,986 tokens
  [train] 8,300,000/11,485,922 | 324,659,290 tokens
  [train] 8,400,000/11,485,922 | 328,585,154 tokens
  [train] 8,500,000/11,485,922 | 332,527,230 tokens
  [train] 8,600,000/11,485,922 | 336,467,388 tokens
  [train] 8,700,000/11,485,922 | 340,419,971 tokens
  [train] 8,800,000/11,485,922 | 344,344,455 tokens
  [train] 8,900,000/11,485,922 | 348,275,793 tokens
  [train] 9,000,000/11,485,922 | 352,204,014 tokens
  [train] 9,100,000/11,485,922 | 356,126,600 tokens
  [train] 9,200,000/11,485,922 | 360,063,478 tokens
  [train] 9,300,000/11,485,922 | 364,017,175 tokens
  [train] 9,400,000/11,485,922 | 367,957,854 tokens
  [train] 9,500,000/11,485,922 | 371,899,471 tokens
  [train] 9,600,000/11,485,922 | 375,829,744 tokens
  [train] 9,700,000/11,485,922 | 379,785,035 tokens
  [train] 9,800,000/11,485,922 | 383,722,716 tokens
  [train] 9,900,000/11,485,922 | 387,669,681 tokens
  [train] 10,000,000/11,485,922 | 391,619,160 tokens
  [train] 10,100,000/11,485,922 | 395,569,335 tokens
  [train] 10,200,000/11,485,922 | 399,509,116 tokens
  [train] 10,300,000/11,485,922 | 403,446,502 tokens
  [train] 10,400,000/11,485,922 | 407,394,224 tokens
  [train] 10,500,000/11,485,922 | 411,355,038 tokens
  [train] 10,600,000/11,485,922 | 415,035,021 tokens
  [train] 10,700,000/11,485,922 | 418,269,271 tokens
  [train] 10,800,000/11,485,922 | 423,398,685 tokens
  [train] 10,900,000/11,485,922 | 426,812,280 tokens
  [train] 11,000,000/11,485,922 | 431,309,598 tokens
  [train] 11,100,000/11,485,922 | 435,217,581 tokens
  [train] 11,200,000/11,485,922 | 438,338,516 tokens
  [train] 11,300,000/11,485,922 | 443,576,332 tokens
  [train] 11,400,000/11,485,922 | 446,951,501 tokens
  [train] 11,485,922/11,485,922 | 451,348,419 tokens
[train] GHI 11,473,730 seq (451,348,419 token), bỏ 12,192 câu >256. mean len 39.3

done -> D:\Bit-Translate-data\bin_v2/ | tổng: 11,477,085 seq, 451,479,731 token
