nguồn: 172,026 câu
  dải   0-40   có   24,605 -> lấy 1,666
  dải  40-60   có   44,593 -> lấy 1,666
  dải  60-80   có   34,088 -> lấy 1,666
  dải  80-110  có   33,339 -> lấy 1,666
  dải 110-150  có   22,100 -> lấy 1,666
  dải 150-∞    có   13,301 -> lấy 1,666
tổng lấy: 9,996

  500/9,996 | 3.8 câu/s | còn 42 phút
  1,000/9,996 | 3.8 câu/s | còn 39 phút
  1,500/9,996 | 4.0 câu/s | còn 35 phút
  2,000/9,996 | 4.1 câu/s | còn 32 phút
  2,500/9,996 | 4.2 câu/s | còn 30 phút
  3,000/9,996 | 4.3 câu/s | còn 27 phút
  3,500/9,996 | 4.2 câu/s | còn 26 phút
  4,000/9,996 | 4.2 câu/s | còn 24 phút
  4,500/9,996 | 4.2 câu/s | còn 22 phút
  5,000/9,996 | 4.3 câu/s | còn 20 phút
  5,500/9,996 | 4.3 câu/s | còn 18 phút
  6,000/9,996 | 4.3 câu/s | còn 16 phút
  6,500/9,996 | 4.3 câu/s | còn 13 phút
  7,000/9,996 | 4.3 câu/s | còn 12 phút
  7,500/9,996 | 4.4 câu/s | còn 10 phút
  8,000/9,996 | 4.4 câu/s | còn 8 phút
  8,500/9,996 | 4.4 câu/s | còn 6 phút
  9,000/9,996 | 4.4 câu/s | còn 4 phút
  9,500/9,996 | 4.4 câu/s | còn 2 phút

XONG 9,996 câu trong 38 phút -> D:/Bit-Translate-data/diag_v4a5.jsonl
