nạp 8,041 thuật ngữ thiếu từ D:\Bit-Translate-data\term_gap.json
[resume] đã có 1,130 câu, phủ 40 thuật ngữ
[run] 8,041 thuật ngữ thiếu x 9 câu | 40 session | 3588 request

  [w4] 1011 None. Quota exceeded for quota metric 'API requests' and limit 'Request limit per min
  10 req | 1,364 câu | PHỦ 87/8,041 thuật ngữ (1%) | lỗi 96 | 1.7p
  20 req | 1,661 câu | PHỦ 130/8,041 thuật ngữ (2%) | lỗi 128 | 1.8p
  30 req | 1,947 câu | PHỦ 178/8,041 thuật ngữ (2%) | lỗi 159 | 1.8p
  40 req | 2,217 câu | PHỦ 225/8,041 thuật ngữ (3%) | lỗi 199 | 1.9p
  [w9] 1011 None. Quota exceeded for quota metric 'API requests' and limit 'Request limit per min
  50 req | 2,537 câu | PHỦ 275/8,041 thuật ngữ (3%) | lỗi 239 | 1.9p
  60 req | 2,806 câu | PHỦ 320/8,041 thuật ngữ (4%) | lỗi 267 | 2.0p
  70 req | 3,079 câu | PHỦ 367/8,041 thuật ngữ (5%) | lỗi 303 | 2.1p
  80 req | 3,335 câu | PHỦ 415/8,041 thuật ngữ (5%) | lỗi 339 | 2.1p
  90 req | 3,669 câu | PHỦ 464/8,041 thuật ngữ (6%) | lỗi 388 | 2.2p
  [w19] 1011 None. Quota exceeded for quota metric 'API requests' and limit 'Request limit per min
  100 req | 3,977 câu | PHỦ 506/8,041 thuật ngữ (6%) | lỗi 442 | 2.3p
  110 req | 4,323 câu | PHỦ 547/8,041 thuật ngữ (7%) | lỗi 469 | 2.3p
  120 req | 4,676 câu | PHỦ 590/8,041 thuật ngữ (7%) | lỗi 518 | 2.4p
  130 req | 4,948 câu | PHỦ 630/8,041 thuật ngữ (8%) | lỗi 573 | 2.5p
  [w4] 1011 None. Quota exceeded for quota metric 'API requests' and limit 'Request limit per min
  140 req | 5,324 câu | PHỦ 678/8,041 thuật ngữ (8%) | lỗi 611 | 2.5p
  150 req | 5,678 câu | PHỦ 723/8,041 thuật ngữ (9%) | lỗi 664 | 2.6p
  160 req | 6,096 câu | PHỦ 773/8,041 thuật ngữ (10%) | lỗi 699 | 2.7p
  170 req | 6,452 câu | PHỦ 817/8,041 thuật ngữ (10%) | lỗi 778 | 2.8p
  [w4] 1011 None. Quota exceeded for quota metric 'API requests' and limit 'Request limit per min
  180 req | 6,873 câu | PHỦ 864/8,041 thuật ngữ (11%) | lỗi 804 | 2.8p
  190 req | 7,230 câu | PHỦ 910/8,041 thuật ngữ (11%) | lỗi 878 | 2.9p
  200 req | 7,583 câu | PHỦ 956/8,041 thuật ngữ (12%) | lỗi 903 | 3.0p
  210 req | 7,999 câu | PHỦ 1,006/8,041 thuật ngữ (13%) | lỗi 977 | 3.1p
  [w8] 1011 None. Quota exceeded for quota metric 'API requests' and limit 'Request limit per min
  220 req | 8,305 câu | PHỦ 1,048/8,041 thuật ngữ (13%) | lỗi 1019 | 3.2p
  230 req | 8,702 câu | PHỦ 1,097/8,041 thuật ngữ (14%) | lỗi 1058 | 3.2p
  240 req | 9,028 câu | PHỦ 1,139/8,041 thuật ngữ (14%) | lỗi 1138 | 3.3p
  250 req | 9,442 câu | PHỦ 1,188/8,041 thuật ngữ (15%) | lỗi 1160 | 3.4p
  [w8] 1011 None. Quota exceeded for quota metric 'API requests' and limit 'Request limit per min
  260 req | 9,822 câu | PHỦ 1,232/8,041 thuật ngữ (15%) | lỗi 1223 | 3.5p
  270 req | 10,254 câu | PHỦ 1,280/8,041 thuật ngữ (16%) | lỗi 1278 | 3.5p
  280 req | 10,579 câu | PHỦ 1,324/8,041 thuật ngữ (16%) | lỗi 1329 | 3.6p
  290 req | 10,963 câu | PHỦ 1,373/8,041 thuật ngữ (17%) | lỗi 1373 | 3.7p
  [w23] 1011 None. Quota exceeded for quota metric 'API requests' and limit 'Request limit per min
  300 req | 11,340 câu | PHỦ 1,421/8,041 thuật ngữ (18%) | lỗi 1407 | 3.7p
  310 req | 11,655 câu | PHỦ 1,456/8,041 thuật ngữ (18%) | lỗi 1466 | 3.8p
  320 req | 12,019 câu | PHỦ 1,493/8,041 thuật ngữ (19%) | lỗi 1498 | 3.9p
  330 req | 12,385 câu | PHỦ 1,530/8,041 thuật ngữ (19%) | lỗi 1534 | 4.0p
  340 req | 12,744 câu | PHỦ 1,572/8,041 thuật ngữ (20%) | lỗi 1584 | 4.0p
  [w14] 1011 None. Quota exceeded for quota metric 'API requests' and limit 'Request limit per min
  350 req | 13,105 câu | PHỦ 1,609/8,041 thuật ngữ (20%) | lỗi 1625 | 4.1p
  360 req | 13,418 câu | PHỦ 1,647/8,041 thuật ngữ (20%) | lỗi 1674 | 4.2p
  370 req | 13,744 câu | PHỦ 1,692/8,041 thuật ngữ (21%) | lỗi 1722 | 4.3p
  380 req | 14,072 câu | PHỦ 1,734/8,041 thuật ngữ (22%) | lỗi 1772 | 4.3p
  390 req | 14,426 câu | PHỦ 1,775/8,041 thuật ngữ (22%) | lỗi 1793 | 4.4p
  [w13] 1011 None. Quota exceeded for quota metric 'API requests' and limit 'Request limit per min
  400 req | 14,731 câu | PHỦ 1,816/8,041 thuật ngữ (23%) | lỗi 1853 | 4.5p
  410 req | 15,118 câu | PHỦ 1,853/8,041 thuật ngữ (23%) | lỗi 1893 | 4.5p
  420 req | 15,404 câu | PHỦ 1,889/8,041 thuật ngữ (23%) | lỗi 1933 | 4.6p
  430 req | 15,696 câu | PHỦ 1,928/8,041 thuật ngữ (24%) | lỗi 1987 | 4.7p
  [w33] 1011 None. Quota exceeded for quota metric 'API requests' and limit 'Request limit per min
  440 req | 16,026 câu | PHỦ 1,959/8,041 thuật ngữ (24%) | lỗi 2023 | 4.7p
  450 req | 16,281 câu | PHỦ 1,994/8,041 thuật ngữ (25%) | lỗi 2092 | 4.8p
  460 req | 16,689 câu | PHỦ 2,033/8,041 thuật ngữ (25%) | lỗi 2113 | 4.9p
  470 req | 17,037 câu | PHỦ 2,074/8,041 thuật ngữ (26%) | lỗi 2153 | 4.9p
  [w25] 1011 None. Quota exceeded for quota metric 'API requests' and limit 'Request limit per min
  480 req | 17,344 câu | PHỦ 2,106/8,041 thuật ngữ (26%) | lỗi 2212 | 5.0p
  490 req | 17,762 câu | PHỦ 2,151/8,041 thuật ngữ (27%) | lỗi 2236 | 5.0p
  500 req | 18,096 câu | PHỦ 2,184/8,041 thuật ngữ (27%) | lỗi 2312 | 5.2p
  510 req | 18,459 câu | PHỦ 2,223/8,041 thuật ngữ (28%) | lỗi 2337 | 5.2p
  [w33] 1011 None. Quota exceeded for quota metric 'API requests' and limit 'Request limit per min
  520 req | 18,820 câu | PHỦ 2,260/8,041 thuật ngữ (28%) | lỗi 2404 | 5.3p
  530 req | 19,191 câu | PHỦ 2,301/8,041 thuật ngữ (29%) | lỗi 2435 | 5.4p
  540 req | 19,520 câu | PHỦ 2,335/8,041 thuật ngữ (29%) | lỗi 2476 | 5.4p
  550 req | 19,836 câu | PHỦ 2,371/8,041 thuật ngữ (29%) | lỗi 2534 | 5.5p
  560 req | 20,201 câu | PHỦ 2,413/8,041 thuật ngữ (30%) | lỗi 2575 | 5.6p
  [w33] 1011 None. Quota exceeded for quota metric 'API requests' and limit 'Request limit per min
  570 req | 20,562 câu | PHỦ 2,453/8,041 thuật ngữ (31%) | lỗi 2632 | 5.7p
  580 req | 20,925 câu | PHỦ 2,492/8,041 thuật ngữ (31%) | lỗi 2656 | 5.7p
  590 req | 21,241 câu | PHỦ 2,526/8,041 thuật ngữ (31%) | lỗi 2732 | 5.8p
  600 req | 21,568 câu | PHỦ 2,559/8,041 thuật ngữ (32%) | lỗi 2755 | 5.8p
  [w8] 1011 None. Quota exceeded for quota metric 'API requests' and limit 'Request limit per min
  610 req | 21,935 câu | PHỦ 2,591/8,041 thuật ngữ (32%) | lỗi 2812 | 5.9p
  620 req | 22,266 câu | PHỦ 2,625/8,041 thuật ngữ (33%) | lỗi 2852 | 6.0p
  630 req | 22,639 câu | PHỦ 2,664/8,041 thuật ngữ (33%) | lỗi 2916 | 6.1p
  640 req | 23,052 câu | PHỦ 2,691/8,041 thuật ngữ (33%) | lỗi 2955 | 6.1p
  650 req | 23,417 câu | PHỦ 2,717/8,041 thuật ngữ (34%) | lỗi 2975 | 6.2p
  660 req | 23,770 câu | PHỦ 2,756/8,041 thuật ngữ (34%) | lỗi 2998 | 6.3p
  [w8] 1011 None. Quota exceeded for quota metric 'API requests' and limit 'Request limit per min
  670 req | 24,142 câu | PHỦ 2,787/8,041 thuật ngữ (35%) | lỗi 3015 | 6.3p
  680 req | 24,464 câu | PHỦ 2,825/8,041 thuật ngữ (35%) | lỗi 3055 | 6.4p
  690 req | 24,846 câu | PHỦ 2,858/8,041 thuật ngữ (36%) | lỗi 3075 | 6.5p
  700 req | 25,197 câu | PHỦ 2,891/8,041 thuật ngữ (36%) | lỗi 3115 | 6.6p
  710 req | 25,494 câu | PHỦ 2,922/8,041 thuật ngữ (36%) | lỗi 3128 | 6.6p
  720 req | 25,909 câu | PHỦ 2,958/8,041 thuật ngữ (37%) | lỗi 3159 | 6.7p
  730 req | 26,312 câu | PHỦ 3,000/8,041 thuật ngữ (37%) | lỗi 3178 | 6.8p
  [w13] 1011 None. Quota exceeded for quota metric 'API requests' and limit 'Request limit per min
  740 req | 26,678 câu | PHỦ 3,036/8,041 thuật ngữ (38%) | lỗi 3215 | 6.9p
  750 req | 26,961 câu | PHỦ 3,063/8,041 thuật ngữ (38%) | lỗi 3235 | 6.9p
  760 req | 27,303 câu | PHỦ 3,098/8,041 thuật ngữ (39%) | lỗi 3258 | 7.0p
  770 req | 27,690 câu | PHỦ 3,137/8,041 thuật ngữ (39%) | lỗi 3288 | 7.1p
  780 req | 28,014 câu | PHỦ 3,176/8,041 thuật ngữ (39%) | lỗi 3315 | 7.1p
  790 req | 28,321 câu | PHỦ 3,206/8,041 thuật ngữ (40%) | lỗi 3335 | 7.2p
  800 req | 28,651 câu | PHỦ 3,246/8,041 thuật ngữ (40%) | lỗi 3355 | 7.3p
  810 req | 28,996 câu | PHỦ 3,282/8,041 thuật ngữ (41%) | lỗi 3384 | 7.3p
  [w25] 1011 None. Quota exceeded for quota metric 'API requests' and limit 'Request limit per min
  820 req | 29,358 câu | PHỦ 3,320/8,041 thuật ngữ (41%) | lỗi 3415 | 7.4p
  830 req | 29,694 câu | PHỦ 3,357/8,041 thuật ngữ (42%) | lỗi 3435 | 7.5p
  840 req | 29,953 câu | PHỦ 3,386/8,041 thuật ngữ (42%) | lỗi 3455 | 7.5p
  850 req | 30,345 câu | PHỦ 3,427/8,041 thuật ngữ (43%) | lỗi 3477 | 7.6p
  860 req | 30,683 câu | PHỦ 3,459/8,041 thuật ngữ (43%) | lỗi 3514 | 7.7p
  870 req | 31,066 câu | PHỦ 3,498/8,041 thuật ngữ (44%) | lỗi 3537 | 7.8p
  880 req | 31,442 câu | PHỦ 3,535/8,041 thuật ngữ (44%) | lỗi 3557 | 7.8p
  890 req | 31,851 câu | PHỦ 3,574/8,041 thuật ngữ (44%) | lỗi 3595 | 7.9p
  [w8] 1011 None. Quota exceeded for quota metric 'API requests' and limit 'Request limit per min
  900 req | 32,275 câu | PHỦ 3,613/8,041 thuật ngữ (45%) | lỗi 3615 | 8.0p
  910 req | 32,657 câu | PHỦ 3,652/8,041 thuật ngữ (45%) | lỗi 3655 | 8.1p
  920 req | 33,072 câu | PHỦ 3,692/8,041 thuật ngữ (46%) | lỗi 3675 | 8.1p
  930 req | 33,431 câu | PHỦ 3,727/8,041 thuật ngữ (46%) | lỗi 3715 | 8.3p
  940 req | 33,802 câu | PHỦ 3,765/8,041 thuật ngữ (47%) | lỗi 3725 | 8.3p
  950 req | 34,222 câu | PHỦ 3,803/8,041 thuật ngữ (47%) | lỗi 3761 | 8.4p
  960 req | 34,578 câu | PHỦ 3,834/8,041 thuật ngữ (48%) | lỗi 3779 | 8.5p
  [w3] 1011 None. Quota exceeded for quota metric 'API requests' and limit 'Request limit per min
  970 req | 35,000 câu | PHỦ 3,874/8,041 thuật ngữ (48%) | lỗi 3815 | 8.6p
  980 req | 35,447 câu | PHỦ 3,917/8,041 thuật ngữ (49%) | lỗi 3835 | 8.6p
  990 req | 35,880 câu | PHỦ 3,957/8,041 thuật ngữ (49%) | lỗi 3879 | 8.7p
  1000 req | 36,296 câu | PHỦ 3,994/8,041 thuật ngữ (50%) | lỗi 3895 | 8.8p
  1010 req | 36,626 câu | PHỦ 4,027/8,041 thuật ngữ (50%) | lỗi 3922 | 8.9p
  1020 req | 37,009 câu | PHỦ 4,062/8,041 thuật ngữ (51%) | lỗi 3943 | 8.9p
  1030 req | 37,417 câu | PHỦ 4,093/8,041 thuật ngữ (51%) | lỗi 3975 | 9.0p
  1040 req | 37,786 câu | PHỦ 4,122/8,041 thuật ngữ (51%) | lỗi 3997 | 9.1p
  [w3] 1011 None. Quota exceeded for quota metric 'API requests' and limit 'Request limit per min
  1050 req | 38,194 câu | PHỦ 4,153/8,041 thuật ngữ (52%) | lỗi 4035 | 9.2p
  1060 req | 38,623 câu | PHỦ 4,180/8,041 thuật ngữ (52%) | lỗi 4056 | 9.2p
  1070 req | 39,030 câu | PHỦ 4,208/8,041 thuật ngữ (52%) | lỗi 4094 | 9.3p
  1080 req | 39,429 câu | PHỦ 4,235/8,041 thuật ngữ (53%) | lỗi 4115 | 9.4p
  1090 req | 39,787 câu | PHỦ 4,259/8,041 thuật ngữ (53%) | lỗi 4137 | 9.4p
  1100 req | 40,125 câu | PHỦ 4,288/8,041 thuật ngữ (53%) | lỗi 4157 | 9.5p
  1110 req | 40,463 câu | PHỦ 4,311/8,041 thuật ngữ (54%) | lỗi 4195 | 9.6p
  [w3] 1011 None. Quota exceeded for quota metric 'API requests' and limit 'Request limit per min
  1120 req | 40,869 câu | PHỦ 4,339/8,041 thuật ngữ (54%) | lỗi 4215 | 9.7p
  1130 req | 41,156 câu | PHỦ 4,360/8,041 thuật ngữ (54%) | lỗi 4238 | 9.7p
  1140 req | 41,536 câu | PHỦ 4,393/8,041 thuật ngữ (55%) | lỗi 4260 | 9.8p
  1150 req | 41,862 câu | PHỦ 4,422/8,041 thuật ngữ (55%) | lỗi 4294 | 9.9p
  1160 req | 42,212 câu | PHỦ 4,442/8,041 thuật ngữ (55%) | lỗi 4317 | 9.9p
  1170 req | 42,636 câu | PHỦ 4,470/8,041 thuật ngữ (56%) | lỗi 4342 | 10.0p
  1180 req | 42,940 câu | PHỦ 4,496/8,041 thuật ngữ (56%) | lỗi 4375 | 10.1p
  1190 req | 43,323 câu | PHỦ 4,524/8,041 thuật ngữ (56%) | lỗi 4398 | 10.2p
  [w13] 1011 None. Quota exceeded for quota metric 'API requests' and limit 'Request limit per min
  1200 req | 43,671 câu | PHỦ 4,548/8,041 thuật ngữ (57%) | lỗi 4434 | 10.3p
  1210 req | 44,003 câu | PHỦ 4,577/8,041 thuật ngữ (57%) | lỗi 4457 | 10.3p
  1220 req | 44,378 câu | PHỦ 4,604/8,041 thuật ngữ (57%) | lỗi 4480 | 10.4p
  1230 req | 44,785 câu | PHỦ 4,633/8,041 thuật ngữ (58%) | lỗi 4515 | 10.5p
  1240 req | 45,012 câu | PHỦ 4,653/8,041 thuật ngữ (58%) | lỗi 4537 | 10.6p
  1250 req | 45,334 câu | PHỦ 4,676/8,041 thuật ngữ (58%) | lỗi 4555 | 10.6p
  1260 req | 45,630 câu | PHỦ 4,701/8,041 thuật ngữ (58%) | lỗi 4585 | 10.7p
  1270 req | 45,980 câu | PHỦ 4,727/8,041 thuật ngữ (59%) | lỗi 4598 | 10.7p
  [w15] 1011 None. Quota exceeded for quota metric 'API requests' and limit 'Request limit per min
  1280 req | 46,250 câu | PHỦ 4,749/8,041 thuật ngữ (59%) | lỗi 4627 | 10.8p
  1290 req | 46,598 câu | PHỦ 4,773/8,041 thuật ngữ (59%) | lỗi 4642 | 10.9p
  1300 req | 46,928 câu | PHỦ 4,804/8,041 thuật ngữ (60%) | lỗi 4669 | 10.9p
  1310 req | 47,224 câu | PHỦ 4,826/8,041 thuật ngữ (60%) | lỗi 4695 | 11.0p
  1320 req | 47,577 câu | PHỦ 4,848/8,041 thuật ngữ (60%) | lỗi 4718 | 11.1p
  1330 req | 47,984 câu | PHỦ 4,880/8,041 thuật ngữ (61%) | lỗi 4755 | 11.2p
  1340 req | 48,401 câu | PHỦ 4,907/8,041 thuật ngữ (61%) | lỗi 4778 | 11.2p
  [w38] 1011 None. Quota exceeded for quota metric 'API requests' and limit 'Request limit per min
  1350 req | 48,791 câu | PHỦ 4,938/8,041 thuật ngữ (61%) | lỗi 4811 | 11.3p
  1360 req | 49,185 câu | PHỦ 4,964/8,041 thuật ngữ (62%) | lỗi 4838 | 11.4p
  1370 req | 49,585 câu | PHỦ 4,992/8,041 thuật ngữ (62%) | lỗi 4866 | 11.5p
  1380 req | 49,937 câu | PHỦ 5,020/8,041 thuật ngữ (62%) | lỗi 4897 | 11.6p
  1390 req | 50,311 câu | PHỦ 5,037/8,041 thuật ngữ (63%) | lỗi 4927 | 11.6p
  1400 req | 50,662 câu | PHỦ 5,055/8,041 thuật ngữ (63%) | lỗi 4955 | 11.7p
  1410 req | 50,975 câu | PHỦ 5,074/8,041 thuật ngữ (63%) | lỗi 4978 | 11.8p
  1420 req | 51,285 câu | PHỦ 5,091/8,041 thuật ngữ (63%) | lỗi 4998 | 11.8p
  [w38] 1011 None. Quota exceeded for quota metric 'API requests' and limit 'Request limit per min
  1430 req | 51,630 câu | PHỦ 5,110/8,041 thuật ngữ (64%) | lỗi 5019 | 11.9p
  1440 req | 51,984 câu | PHỦ 5,126/8,041 thuật ngữ (64%) | lỗi 5055 | 12.0p
  1450 req | 52,321 câu | PHỦ 5,146/8,041 thuật ngữ (64%) | lỗi 5078 | 12.1p
  1460 req | 52,661 câu | PHỦ 5,166/8,041 thuật ngữ (64%) | lỗi 5095 | 12.1p
  1470 req | 52,987 câu | PHỦ 5,185/8,041 thuật ngữ (64%) | lỗi 5115 | 12.2p
  1480 req | 53,316 câu | PHỦ 5,211/8,041 thuật ngữ (65%) | lỗi 5127 | 12.3p
  1490 req | 53,609 câu | PHỦ 5,233/8,041 thuật ngữ (65%) | lỗi 5140 | 12.3p
  1500 req | 53,879 câu | PHỦ 5,253/8,041 thuật ngữ (65%) | lỗi 5160 | 12.4p
  1510 req | 54,185 câu | PHỦ 5,274/8,041 thuật ngữ (66%) | lỗi 5178 | 12.5p
  1520 req | 54,471 câu | PHỦ 5,293/8,041 thuật ngữ (66%) | lỗi 5195 | 12.5p
  [w13] 1011 None. Quota exceeded for quota metric 'API requests' and limit 'Request limit per min
  1530 req | 54,806 câu | PHỦ 5,315/8,041 thuật ngữ (66%) | lỗi 5217 | 12.6p
  1540 req | 55,176 câu | PHỦ 5,335/8,041 thuật ngữ (66%) | lỗi 5233 | 12.7p
  1550 req | 55,521 câu | PHỦ 5,358/8,041 thuật ngữ (67%) | lỗi 5255 | 12.8p
  1560 req | 55,857 câu | PHỦ 5,388/8,041 thuật ngữ (67%) | lỗi 5260 | 12.8p
  1570 req | 56,145 câu | PHỦ 5,413/8,041 thuật ngữ (67%) | lỗi 5280 | 12.9p
  1580 req | 56,500 câu | PHỦ 5,442/8,041 thuật ngữ (68%) | lỗi 5300 | 13.0p
  1590 req | 56,896 câu | PHỦ 5,474/8,041 thuật ngữ (68%) | lỗi 5318 | 13.0p
  1600 req | 57,250 câu | PHỦ 5,500/8,041 thuật ngữ (68%) | lỗi 5338 | 13.1p
  1610 req | 57,654 câu | PHỦ 5,531/8,041 thuật ngữ (69%) | lỗi 5357 | 13.2p
  1620 req | 57,937 câu | PHỦ 5,556/8,041 thuật ngữ (69%) | lỗi 5378 | 13.3p
  1630 req | 58,339 câu | PHỦ 5,587/8,041 thuật ngữ (69%) | lỗi 5395 | 13.3p
  [w4] 1011 None. Quota exceeded for quota metric 'API requests' and limit 'Request limit per min
  1640 req | 58,617 câu | PHỦ 5,625/8,041 thuật ngữ (70%) | lỗi 5415 | 13.4p
  1650 req | 58,952 câu | PHỦ 5,651/8,041 thuật ngữ (70%) | lỗi 5420 | 13.4p
  1660 req | 59,248 câu | PHỦ 5,672/8,041 thuật ngữ (71%) | lỗi 5440 | 13.5p
  1670 req | 59,596 câu | PHỦ 5,697/8,041 thuật ngữ (71%) | lỗi 5457 | 13.6p
  1680 req | 59,891 câu | PHỦ 5,724/8,041 thuật ngữ (71%) | lỗi 5474 | 13.6p
  1690 req | 60,207 câu | PHỦ 5,752/8,041 thuật ngữ (72%) | lỗi 5495 | 13.7p
  1700 req | 60,568 câu | PHỦ 5,778/8,041 thuật ngữ (72%) | lỗi 5500 | 13.8p
  1710 req | 60,876 câu | PHỦ 5,799/8,041 thuật ngữ (72%) | lỗi 5520 | 13.9p
  1720 req | 61,251 câu | PHỦ 5,825/8,041 thuật ngữ (72%) | lỗi 5540 | 13.9p
  1730 req | 61,582 câu | PHỦ 5,850/8,041 thuật ngữ (73%) | lỗi 5556 | 14.0p
  1740 req | 61,896 câu | PHỦ 5,871/8,041 thuật ngữ (73%) | lỗi 5577 | 14.1p
  1750 req | 62,217 câu | PHỦ 5,892/8,041 thuật ngữ (73%) | lỗi 5595 | 14.1p
  [w24] 1011 None. Quota exceeded for quota metric 'API requests' and limit 'Request limit per min
  1760 req | 62,558 câu | PHỦ 5,921/8,041 thuật ngữ (74%) | lỗi 5614 | 14.2p
  1770 req | 62,836 câu | PHỦ 5,941/8,041 thuật ngữ (74%) | lỗi 5635 | 14.3p
  1780 req | 63,202 câu | PHỦ 5,969/8,041 thuật ngữ (74%) | lỗi 5640 | 14.3p
  1790 req | 63,429 câu | PHỦ 5,987/8,041 thuật ngữ (74%) | lỗi 5660 | 14.4p
  1800 req | 63,764 câu | PHỦ 6,009/8,041 thuật ngữ (75%) | lỗi 5677 | 14.5p
  1810 req | 64,035 câu | PHỦ 6,027/8,041 thuật ngữ (75%) | lỗi 5697 | 14.6p
  1820 req | 64,363 câu | PHỦ 6,049/8,041 thuật ngữ (75%) | lỗi 5715 | 14.6p
  1830 req | 64,691 câu | PHỦ 6,064/8,041 thuật ngữ (75%) | lỗi 5729 | 14.7p
  1840 req | 65,034 câu | PHỦ 6,083/8,041 thuật ngữ (76%) | lỗi 5752 | 14.8p
  1850 req | 65,306 câu | PHỦ 6,103/8,041 thuật ngữ (76%) | lỗi 5760 | 14.8p
  1860 req | 65,677 câu | PHỦ 6,124/8,041 thuật ngữ (76%) | lỗi 5780 | 14.9p
  1870 req | 66,063 câu | PHỦ 6,139/8,041 thuật ngữ (76%) | lỗi 5800 | 15.0p
  [w4] 1011 None. Quota exceeded for quota metric 'API requests' and limit 'Request limit per min
  1880 req | 66,454 câu | PHỦ 6,151/8,041 thuật ngữ (76%) | lỗi 5817 | 15.0p
  1890 req | 66,900 câu | PHỦ 6,170/8,041 thuật ngữ (77%) | lỗi 5840 | 15.1p
  1900 req | 67,301 câu | PHỦ 6,185/8,041 thuật ngữ (77%) | lỗi 5857 | 15.2p
  1910 req | 67,657 câu | PHỦ 6,201/8,041 thuật ngữ (77%) | lỗi 5880 | 15.3p
  1920 req | 68,065 câu | PHỦ 6,220/8,041 thuật ngữ (77%) | lỗi 5897 | 15.4p
  1930 req | 68,319 câu | PHỦ 6,235/8,041 thuật ngữ (78%) | lỗi 5919 | 15.4p
  1940 req | 68,689 câu | PHỦ 6,247/8,041 thuật ngữ (78%) | lỗi 5935 | 15.5p
  1950 req | 69,116 câu | PHỦ 6,262/8,041 thuật ngữ (78%) | lỗi 5954 | 15.6p
  1960 req | 69,465 câu | PHỦ 6,277/8,041 thuật ngữ (78%) | lỗi 5975 | 15.7p
  1970 req | 69,875 câu | PHỦ 6,298/8,041 thuật ngữ (78%) | lỗi 5988 | 15.7p
  [w14] 1011 None. Quota exceeded for quota metric 'API requests' and limit 'Request limit per min
  1980 req | 70,272 câu | PHỦ 6,319/8,041 thuật ngữ (79%) | lỗi 6014 | 15.8p
  1990 req | 70,588 câu | PHỦ 6,334/8,041 thuật ngữ (79%) | lỗi 6020 | 15.9p
  2000 req | 70,955 câu | PHỦ 6,353/8,041 thuật ngữ (79%) | lỗi 6051 | 16.0p
  2010 req | 71,281 câu | PHỦ 6,372/8,041 thuật ngữ (79%) | lỗi 6060 | 16.0p
  2020 req | 71,596 câu | PHỦ 6,390/8,041 thuật ngữ (79%) | lỗi 6080 | 16.1p
  2030 req | 71,948 câu | PHỦ 6,408/8,041 thuật ngữ (80%) | lỗi 6098 | 16.2p
  2040 req | 72,347 câu | PHỦ 6,430/8,041 thuật ngữ (80%) | lỗi 6115 | 16.2p
  2050 req | 72,645 câu | PHỦ 6,448/8,041 thuật ngữ (80%) | lỗi 6135 | 16.3p
  2060 req | 73,007 câu | PHỦ 6,464/8,041 thuật ngữ (80%) | lỗi 6152 | 16.4p
  2070 req | 73,317 câu | PHỦ 6,484/8,041 thuật ngữ (81%) | lỗi 6174 | 16.5p
  2080 req | 73,678 câu | PHỦ 6,501/8,041 thuật ngữ (81%) | lỗi 6180 | 16.5p
  2090 req | 73,981 câu | PHỦ 6,523/8,041 thuật ngữ (81%) | lỗi 6200 | 16.6p
  [w14] 1011 None. Quota exceeded for quota metric 'API requests' and limit 'Request limit per min
  2100 req | 74,332 câu | PHỦ 6,539/8,041 thuật ngữ (81%) | lỗi 6214 | 16.6p
  2110 req | 74,679 câu | PHỦ 6,557/8,041 thuật ngữ (82%) | lỗi 6234 | 16.7p
  2120 req | 75,020 câu | PHỦ 6,576/8,041 thuật ngữ (82%) | lỗi 6254 | 16.8p
  2130 req | 75,424 câu | PHỦ 6,598/8,041 thuật ngữ (82%) | lỗi 6274 | 16.9p
  2140 req | 75,822 câu | PHỦ 6,616/8,041 thuật ngữ (82%) | lỗi 6294 | 16.9p
  2150 req | 76,251 câu | PHỦ 6,630/8,041 thuật ngữ (82%) | lỗi 6315 | 17.0p
  2160 req | 76,647 câu | PHỦ 6,637/8,041 thuật ngữ (83%) | lỗi 6322 | 17.1p
  2170 req | 77,054 câu | PHỦ 6,650/8,041 thuật ngữ (83%) | lỗi 6354 | 17.2p
  2180 req | 77,488 câu | PHỦ 6,658/8,041 thuật ngữ (83%) | lỗi 6373 | 17.3p
  2190 req | 77,873 câu | PHỦ 6,667/8,041 thuật ngữ (83%) | lỗi 6391 | 17.3p
  [w24] 1011 None. Quota exceeded for quota metric 'API requests' and limit 'Request limit per min
  2200 req | 78,306 câu | PHỦ 6,676/8,041 thuật ngữ (83%) | lỗi 6414 | 17.4p
  2210 req | 78,735 câu | PHỦ 6,682/8,041 thuật ngữ (83%) | lỗi 6433 | 17.5p
  2220 req | 79,122 câu | PHỦ 6,691/8,041 thuật ngữ (83%) | lỗi 6444 | 17.6p
  2230 req | 79,544 câu | PHỦ 6,706/8,041 thuật ngữ (83%) | lỗi 6460 | 17.7p
  2240 req | 79,966 câu | PHỦ 6,726/8,041 thuật ngữ (84%) | lỗi 6479 | 17.7p
  2250 req | 80,323 câu | PHỦ 6,737/8,041 thuật ngữ (84%) | lỗi 6494 | 17.8p
  2260 req | 80,712 câu | PHỦ 6,749/8,041 thuật ngữ (84%) | lỗi 6504 | 17.9p
  2270 req | 81,085 câu | PHỦ 6,767/8,041 thuật ngữ (84%) | lỗi 6520 | 18.0p
  2280 req | 81,487 câu | PHỦ 6,788/8,041 thuật ngữ (84%) | lỗi 6532 | 18.0p
  2290 req | 81,912 câu | PHỦ 6,805/8,041 thuật ngữ (85%) | lỗi 6549 | 18.1p
  2300 req | 82,361 câu | PHỦ 6,818/8,041 thuật ngữ (85%) | lỗi 6563 | 18.2p
  2310 req | 82,731 câu | PHỦ 6,831/8,041 thuật ngữ (85%) | lỗi 6578 | 18.3p
  2320 req | 83,100 câu | PHỦ 6,854/8,041 thuật ngữ (85%) | lỗi 6594 | 18.4p
  [w4] 1011 None. Quota exceeded for quota metric 'API requests' and limit 'Request limit per min
  2330 req | 83,489 câu | PHỦ 6,875/8,041 thuật ngữ (85%) | lỗi 6604 | 18.4p
  2340 req | 83,881 câu | PHỦ 6,892/8,041 thuật ngữ (86%) | lỗi 6619 | 18.5p
  2350 req | 84,237 câu | PHỦ 6,907/8,041 thuật ngữ (86%) | lỗi 6625 | 18.5p
  2360 req | 84,651 câu | PHỦ 6,922/8,041 thuật ngữ (86%) | lỗi 6644 | 18.6p
  2370 req | 85,075 câu | PHỦ 6,938/8,041 thuật ngữ (86%) | lỗi 6655 | 18.7p
  2380 req | 85,389 câu | PHỦ 6,949/8,041 thuật ngữ (86%) | lỗi 6675 | 18.8p
  2390 req | 85,754 câu | PHỦ 6,966/8,041 thuật ngữ (87%) | lỗi 6684 | 18.8p
  2400 req | 86,163 câu | PHỦ 6,985/8,041 thuật ngữ (87%) | lỗi 6702 | 18.9p
  2410 req | 86,512 câu | PHỦ 6,999/8,041 thuật ngữ (87%) | lỗi 6714 | 19.0p
  2420 req | 86,893 câu | PHỦ 7,024/8,041 thuật ngữ (87%) | lỗi 6732 | 19.1p
  2430 req | 87,263 câu | PHỦ 7,043/8,041 thuật ngữ (88%) | lỗi 6742 | 19.1p
  2440 req | 87,605 câu | PHỦ 7,057/8,041 thuật ngữ (88%) | lỗi 6754 | 19.2p
  2450 req | 87,975 câu | PHỦ 7,077/8,041 thuật ngữ (88%) | lỗi 6765 | 19.3p
  2460 req | 88,339 câu | PHỦ 7,099/8,041 thuật ngữ (88%) | lỗi 6778 | 19.3p
  2470 req | 88,647 câu | PHỦ 7,118/8,041 thuật ngữ (89%) | lỗi 6794 | 19.4p
  2480 req | 88,952 câu | PHỦ 7,130/8,041 thuật ngữ (89%) | lỗi 6799 | 19.4p
  [w24] 1011 None. Quota exceeded for quota metric 'API requests' and limit 'Request limit per min
  2490 req | 89,270 câu | PHỦ 7,148/8,041 thuật ngữ (89%) | lỗi 6814 | 19.5p
  2500 req | 89,609 câu | PHỦ 7,156/8,041 thuật ngữ (89%) | lỗi 6824 | 19.6p
  2510 req | 89,886 câu | PHỦ 7,163/8,041 thuật ngữ (89%) | lỗi 6838 | 19.6p
  2520 req | 90,237 câu | PHỦ 7,170/8,041 thuật ngữ (89%) | lỗi 6848 | 19.7p
  2530 req | 90,597 câu | PHỦ 7,186/8,041 thuật ngữ (89%) | lỗi 6864 | 19.8p
  2540 req | 90,939 câu | PHỦ 7,199/8,041 thuật ngữ (90%) | lỗi 6877 | 19.8p
  2550 req | 91,346 câu | PHỦ 7,215/8,041 thuật ngữ (90%) | lỗi 6892 | 19.9p
  2560 req | 91,664 câu | PHỦ 7,224/8,041 thuật ngữ (90%) | lỗi 6904 | 20.0p
  2570 req | 92,039 câu | PHỦ 7,235/8,041 thuật ngữ (90%) | lỗi 6917 | 20.1p
  2580 req | 92,375 câu | PHỦ 7,251/8,041 thuật ngữ (90%) | lỗi 6925 | 20.1p
  2590 req | 92,731 câu | PHỦ 7,261/8,041 thuật ngữ (90%) | lỗi 6940 | 20.2p
  2600 req | 93,045 câu | PHỦ 7,271/8,041 thuật ngữ (90%) | lỗi 6954 | 20.2p
  2610 req | 93,306 câu | PHỦ 7,282/8,041 thuật ngữ (91%) | lỗi 6970 | 20.3p
  2620 req | 93,673 câu | PHỦ 7,291/8,041 thuật ngữ (91%) | lỗi 6975 | 20.4p
  2630 req | 93,992 câu | PHỦ 7,301/8,041 thuật ngữ (91%) | lỗi 6998 | 20.5p
  [w29] 1011 None. Quota exceeded for quota metric 'API requests' and limit 'Request limit per min
  2640 req | 94,399 câu | PHỦ 7,311/8,041 thuật ngữ (91%) | lỗi 7004 | 20.5p
  2650 req | 94,738 câu | PHỦ 7,321/8,041 thuật ngữ (91%) | lỗi 7024 | 20.6p
  2660 req | 95,088 câu | PHỦ 7,333/8,041 thuật ngữ (91%) | lỗi 7034 | 20.7p
  2670 req | 95,479 câu | PHỦ 7,344/8,041 thuật ngữ (91%) | lỗi 7050 | 20.8p
  2680 req | 95,849 câu | PHỦ 7,353/8,041 thuật ngữ (91%) | lỗi 7064 | 20.8p
  2690 req | 96,248 câu | PHỦ 7,368/8,041 thuật ngữ (92%) | lỗi 7079 | 20.9p
  2700 req | 96,608 câu | PHỦ 7,381/8,041 thuật ngữ (92%) | lỗi 7092 | 21.0p
  2710 req | 96,964 câu | PHỦ 7,394/8,041 thuật ngữ (92%) | lỗi 7112 | 21.1p
  2720 req | 97,336 câu | PHỦ 7,401/8,041 thuật ngữ (92%) | lỗi 7119 | 21.1p
  2730 req | 97,687 câu | PHỦ 7,409/8,041 thuật ngữ (92%) | lỗi 7140 | 21.2p
  2740 req | 98,082 câu | PHỦ 7,420/8,041 thuật ngữ (92%) | lỗi 7145 | 21.3p
  2750 req | 98,382 câu | PHỦ 7,424/8,041 thuật ngữ (92%) | lỗi 7165 | 21.4p
  2760 req | 98,796 câu | PHỦ 7,431/8,041 thuật ngữ (92%) | lỗi 7178 | 21.4p
  2770 req | 99,102 câu | PHỦ 7,434/8,041 thuật ngữ (92%) | lỗi 7194 | 21.5p
  [w24] 1011 None. Quota exceeded for quota metric 'API requests' and limit 'Request limit per min
  2780 req | 99,490 câu | PHỦ 7,440/8,041 thuật ngữ (93%) | lỗi 7204 | 21.6p
  2790 req | 99,856 câu | PHỦ 7,443/8,041 thuật ngữ (93%) | lỗi 7210 | 21.6p
  2800 req | 100,299 câu | PHỦ 7,449/8,041 thuật ngữ (93%) | lỗi 7210 | 21.7p

=== XONG ===
Câu       : 100,388
PHỦ       : 7,449/8,041 thuật ngữ (92.6%)
Request   : 2802 | lỗi 7210 | 21.8 phút
Rớt QC:
  term_khong_trong_ja              4,795
  ja_lan_tieng_viet                  444
  vi_term_khong_dung_ban_chuan       165
  term_ngoai_danh_sach               163
  rong                               108
  trung_lap                           14
  ja_khong_phai_tieng_nhat            13
  vi_sot_tieng_nhat                    4
Output    : D:\Bit-Translate-data\gen_niche\termgap.jsonl
