nạp 3,168 quán ngữ thiếu
[run] 3,168 quán ngữ x 20 câu | 12 session | 1443 request

  [w8] 1011 None. You exceeded your current quota, please check your plan and billing details. Fo
  10 req | 476 câu | PHỦ 48/3,168 (2%) | lỗi 25 | 0.6p
  20 req | 878 câu | PHỦ 90/3,168 (3%) | lỗi 45 | 0.8p
  30 req | 1,338 câu | PHỦ 131/3,168 (4%) | lỗi 71 | 1.1p
  40 req | 1,601 câu | PHỦ 173/3,168 (5%) | lỗi 74 | 1.4p
  50 req | 2,087 câu | PHỦ 223/3,168 (7%) | lỗi 98 | 1.6p
  60 req | 2,415 câu | PHỦ 262/3,168 (8%) | lỗi 130 | 1.9p
  70 req | 2,715 câu | PHỦ 297/3,168 (9%) | lỗi 154 | 2.2p
  80 req | 3,252 câu | PHỦ 347/3,168 (11%) | lỗi 161 | 2.5p
  [w10] 1011 None. You exceeded your current quota, please check your plan and billing details. Fo
  90 req | 3,684 câu | PHỦ 381/3,168 (12%) | lỗi 205 | 2.9p
  100 req | 4,250 câu | PHỦ 429/3,168 (14%) | lỗi 219 | 3.4p
  110 req | 4,794 câu | PHỦ 474/3,168 (15%) | lỗi 229 | 3.6p
  120 req | 5,280 câu | PHỦ 517/3,168 (16%) | lỗi 272 | 4.1p
  130 req | 5,728 câu | PHỦ 567/3,168 (18%) | lỗi 274 | 4.4p
  140 req | 6,376 câu | PHỦ 611/3,168 (19%) | lỗi 298 | 4.7p
  150 req | 6,612 câu | PHỦ 648/3,168 (20%) | lỗi 344 | 5.1p
  160 req | 6,914 câu | PHỦ 692/3,168 (22%) | lỗi 344 | 5.3p
  170 req | 7,080 câu | PHỦ 721/3,168 (23%) | lỗi 354 | 5.5p
  180 req | 7,280 câu | PHỦ 756/3,168 (24%) | lỗi 369 | 5.7p
  [w10] 1011 None. You exceeded your current quota, please check your plan and billing details. Fo
  190 req | 7,649 câu | PHỦ 795/3,168 (25%) | lỗi 425 | 6.1p
  200 req | 8,024 câu | PHỦ 833/3,168 (26%) | lỗi 428 | 6.3p
  210 req | 8,514 câu | PHỦ 874/3,168 (28%) | lỗi 445 | 6.5p
  220 req | 8,834 câu | PHỦ 907/3,168 (29%) | lỗi 481 | 6.9p
  230 req | 9,087 câu | PHỦ 933/3,168 (29%) | lỗi 491 | 7.1p
  240 req | 9,262 câu | PHỦ 949/3,168 (30%) | lỗi 491 | 7.3p
  250 req | 9,562 câu | PHỦ 982/3,168 (31%) | lỗi 502 | 7.5p
  260 req | 9,851 câu | PHỦ 1,011/3,168 (32%) | lỗi 520 | 7.6p
  270 req | 10,277 câu | PHỦ 1,046/3,168 (33%) | lỗi 552 | 7.9p
  280 req | 10,558 câu | PHỦ 1,073/3,168 (34%) | lỗi 568 | 8.1p
  290 req | 10,766 câu | PHỦ 1,102/3,168 (35%) | lỗi 568 | 8.3p
  300 req | 11,187 câu | PHỦ 1,142/3,168 (36%) | lỗi 581 | 8.5p
  [w11] 1011 None. You exceeded your current quota, please check your plan and billing details. Fo
  310 req | 11,413 câu | PHỦ 1,170/3,168 (37%) | lỗi 615 | 8.8p
  320 req | 11,904 câu | PHỦ 1,206/3,168 (38%) | lỗi 650 | 9.0p
  330 req | 12,111 câu | PHỦ 1,238/3,168 (39%) | lỗi 651 | 9.3p
  340 req | 12,590 câu | PHỦ 1,277/3,168 (40%) | lỗi 662 | 9.5p
  350 req | 12,854 câu | PHỦ 1,308/3,168 (41%) | lỗi 685 | 9.7p
  360 req | 13,144 câu | PHỦ 1,339/3,168 (42%) | lỗi 704 | 9.9p
  370 req | 13,473 câu | PHỦ 1,368/3,168 (43%) | lỗi 724 | 10.1p
  380 req | 13,703 câu | PHỦ 1,400/3,168 (44%) | lỗi 728 | 10.3p
  390 req | 14,031 câu | PHỦ 1,433/3,168 (45%) | lỗi 756 | 10.5p
  [w4] 1011 None. You exceeded your current quota, please check your plan and billing details. Fo
  400 req | 14,445 câu | PHỦ 1,464/3,168 (46%) | lỗi 801 | 10.8p
  410 req | 14,844 câu | PHỦ 1,497/3,168 (47%) | lỗi 825 | 11.1p
  420 req | 15,317 câu | PHỦ 1,532/3,168 (48%) | lỗi 826 | 11.2p
  430 req | 15,731 câu | PHỦ 1,568/3,168 (49%) | lỗi 849 | 11.5p
  440 req | 16,119 câu | PHỦ 1,594/3,168 (50%) | lỗi 875 | 11.7p
  450 req | 16,472 câu | PHỦ 1,613/3,168 (51%) | lỗi 918 | 12.0p
  460 req | 16,748 câu | PHỦ 1,632/3,168 (52%) | lỗi 925 | 12.2p
  470 req | 17,180 câu | PHỦ 1,656/3,168 (52%) | lỗi 930 | 12.4p
  480 req | 17,689 câu | PHỦ 1,677/3,168 (53%) | lỗi 963 | 12.7p
  490 req | 18,214 câu | PHỦ 1,704/3,168 (54%) | lỗi 985 | 13.0p
  500 req | 18,693 câu | PHỦ 1,731/3,168 (55%) | lỗi 988 | 13.3p
  510 req | 19,252 câu | PHỦ 1,760/3,168 (56%) | lỗi 992 | 13.5p
  [w7] 1011 None. You exceeded your current quota, please check your plan and billing details. Fo
  520 req | 19,609 câu | PHỦ 1,787/3,168 (56%) | lỗi 1012 | 13.7p
  530 req | 20,104 câu | PHỦ 1,820/3,168 (57%) | lỗi 1026 | 14.0p
  540 req | 20,445 câu | PHỦ 1,854/3,168 (59%) | lỗi 1029 | 14.2p
  550 req | 20,852 câu | PHỦ 1,883/3,168 (59%) | lỗi 1033 | 14.3p
  560 req | 21,375 câu | PHỦ 1,919/3,168 (61%) | lỗi 1056 | 14.6p
  570 req | 21,854 câu | PHỦ 1,946/3,168 (61%) | lỗi 1075 | 15.0p
  580 req | 22,167 câu | PHỦ 1,972/3,168 (62%) | lỗi 1079 | 15.2p
  590 req | 22,726 câu | PHỦ 2,002/3,168 (63%) | lỗi 1085 | 15.4p
  600 req | 22,933 câu | PHỦ 2,027/3,168 (64%) | lỗi 1105 | 15.6p
  610 req | 23,261 câu | PHỦ 2,051/3,168 (65%) | lỗi 1120 | 15.8p
  620 req | 23,552 câu | PHỦ 2,077/3,168 (66%) | lỗi 1137 | 16.1p
  630 req | 23,850 câu | PHỦ 2,110/3,168 (67%) | lỗi 1137 | 16.2p
  640 req | 24,150 câu | PHỦ 2,133/3,168 (67%) | lỗi 1143 | 16.4p
  650 req | 24,688 câu | PHỦ 2,163/3,168 (68%) | lỗi 1158 | 16.6p
  660 req | 25,268 câu | PHỦ 2,190/3,168 (69%) | lỗi 1190 | 17.0p
  670 req | 25,593 câu | PHỦ 2,213/3,168 (70%) | lỗi 1194 | 17.3p
  [w7] 1011 None. You exceeded your current quota, please check your plan and billing details. Fo
  680 req | 25,965 câu | PHỦ 2,230/3,168 (70%) | lỗi 1204 | 17.5p
  690 req | 26,356 câu | PHỦ 2,248/3,168 (71%) | lỗi 1219 | 17.7p
  700 req | 26,620 câu | PHỦ 2,263/3,168 (71%) | lỗi 1240 | 17.9p
  710 req | 26,810 câu | PHỦ 2,280/3,168 (72%) | lỗi 1252 | 18.1p
  720 req | 27,063 câu | PHỦ 2,297/3,168 (73%) | lỗi 1252 | 18.3p
  730 req | 27,400 câu | PHỦ 2,321/3,168 (73%) | lỗi 1252 | 18.5p
  740 req | 27,734 câu | PHỦ 2,341/3,168 (74%) | lỗi 1252 | 18.7p
  750 req | 28,126 câu | PHỦ 2,354/3,168 (74%) | lỗi 1252 | 18.9p
  760 req | 28,644 câu | PHỦ 2,372/3,168 (75%) | lỗi 1252 | 19.2p
  770 req | 29,130 câu | PHỦ 2,386/3,168 (75%) | lỗi 1252 | 19.5p
  780 req | 29,550 câu | PHỦ 2,397/3,168 (76%) | lỗi 1252 | 19.8p
  790 req | 30,072 câu | PHỦ 2,411/3,168 (76%) | lỗi 1253 | 20.1p
  800 req | 30,533 câu | PHỦ 2,422/3,168 (76%) | lỗi 1253 | 20.5p
  810 req | 31,343 câu | PHỦ 2,435/3,168 (77%) | lỗi 1253 | 20.8p
  820 req | 31,949 câu | PHỦ 2,450/3,168 (77%) | lỗi 1253 | 21.1p
  830 req | 32,442 câu | PHỦ 2,468/3,168 (78%) | lỗi 1253 | 21.3p
  840 req | 32,893 câu | PHỦ 2,486/3,168 (78%) | lỗi 1253 | 21.6p
  850 req | 33,518 câu | PHỦ 2,503/3,168 (79%) | lỗi 1259 | 21.8p
  860 req | 33,886 câu | PHỦ 2,530/3,168 (80%) | lỗi 1265 | 22.0p
  870 req | 34,242 câu | PHỦ 2,548/3,168 (80%) | lỗi 1268 | 22.2p
  880 req | 34,478 câu | PHỦ 2,563/3,168 (81%) | lỗi 1268 | 22.3p
  890 req | 34,976 câu | PHỦ 2,586/3,168 (82%) | lỗi 1270 | 22.5p
  900 req | 35,277 câu | PHỦ 2,599/3,168 (82%) | lỗi 1278 | 22.6p
  910 req | 35,549 câu | PHỦ 2,610/3,168 (82%) | lỗi 1282 | 22.9p
  920 req | 36,126 câu | PHỦ 2,631/3,168 (83%) | lỗi 1287 | 23.0p
  930 req | 36,569 câu | PHỦ 2,654/3,168 (84%) | lỗi 1288 | 23.2p
  940 req | 37,078 câu | PHỦ 2,675/3,168 (84%) | lỗi 1289 | 23.4p
  950 req | 37,406 câu | PHỦ 2,685/3,168 (85%) | lỗi 1297 | 23.7p
  960 req | 37,830 câu | PHỦ 2,700/3,168 (85%) | lỗi 1304 | 23.9p
  970 req | 38,155 câu | PHỦ 2,713/3,168 (86%) | lỗi 1307 | 24.2p
  980 req | 38,783 câu | PHỦ 2,726/3,168 (86%) | lỗi 1307 | 24.3p
  990 req | 39,283 câu | PHỦ 2,732/3,168 (86%) | lỗi 1316 | 24.6p
  1000 req | 39,690 câu | PHỦ 2,738/3,168 (86%) | lỗi 1321 | 24.8p
  1010 req | 40,053 câu | PHỦ 2,743/3,168 (87%) | lỗi 1326 | 25.0p
  1020 req | 40,353 câu | PHỦ 2,749/3,168 (87%) | lỗi 1329 | 25.2p
  1030 req | 40,600 câu | PHỦ 2,755/3,168 (87%) | lỗi 1329 | 25.3p
  1040 req | 40,881 câu | PHỦ 2,759/3,168 (87%) | lỗi 1332 | 25.5p
  1050 req | 41,112 câu | PHỦ 2,765/3,168 (87%) | lỗi 1341 | 25.7p
  1060 req | 41,331 câu | PHỦ 2,775/3,168 (88%) | lỗi 1345 | 25.9p
  1070 req | 41,720 câu | PHỦ 2,781/3,168 (88%) | lỗi 1349 | 26.2p
  1080 req | 41,929 câu | PHỦ 2,795/3,168 (88%) | lỗi 1349 | 26.3p
  1090 req | 42,331 câu | PHỦ 2,801/3,168 (88%) | lỗi 1352 | 26.5p
  1100 req | 42,589 câu | PHỦ 2,810/3,168 (89%) | lỗi 1355 | 26.7p
  1110 req | 42,908 câu | PHỦ 2,818/3,168 (89%) | lỗi 1357 | 26.9p
  1120 req | 43,423 câu | PHỦ 2,828/3,168 (89%) | lỗi 1365 | 27.2p
  1130 req | 43,811 câu | PHỦ 2,840/3,168 (90%) | lỗi 1365 | 27.4p
  1140 req | 44,267 câu | PHỦ 2,853/3,168 (90%) | lỗi 1369 | 27.6p
  1150 req | 44,629 câu | PHỦ 2,861/3,168 (90%) | lỗi 1371 | 27.8p
  1160 req | 45,056 câu | PHỦ 2,870/3,168 (91%) | lỗi 1377 | 28.1p
  1170 req | 45,525 câu | PHỦ 2,882/3,168 (91%) | lỗi 1379 | 28.3p
  1180 req | 45,912 câu | PHỦ 2,891/3,168 (91%) | lỗi 1379 | 28.4p
  1190 req | 46,142 câu | PHỦ 2,896/3,168 (91%) | lỗi 1382 | 28.6p
  1200 req | 46,420 câu | PHỦ 2,904/3,168 (92%) | lỗi 1386 | 28.8p
  1210 req | 46,945 câu | PHỦ 2,911/3,168 (92%) | lỗi 1394 | 29.1p
  1220 req | 47,166 câu | PHỦ 2,921/3,168 (92%) | lỗi 1394 | 29.3p
  1230 req | 47,676 câu | PHỦ 2,936/3,168 (93%) | lỗi 1395 | 29.4p
  [w11] 1011 None. You exceeded your current quota, please check your plan and billing details. Fo
  1240 req | 48,062 câu | PHỦ 2,950/3,168 (93%) | lỗi 1401 | 29.7p
  1250 req | 48,359 câu | PHỦ 2,955/3,168 (93%) | lỗi 1404 | 29.8p
  1260 req | 48,685 câu | PHỦ 2,963/3,168 (94%) | lỗi 1409 | 30.2p
  1270 req | 49,259 câu | PHỦ 2,970/3,168 (94%) | lỗi 1409 | 30.4p
  1280 req | 49,761 câu | PHỦ 2,975/3,168 (94%) | lỗi 1416 | 30.7p
  1290 req | 50,314 câu | PHỦ 2,983/3,168 (94%) | lỗi 1421 | 31.0p
  1300 req | 50,827 câu | PHỦ 2,989/3,168 (94%) | lỗi 1422 | 31.4p
  1310 req | 51,340 câu | PHỦ 2,996/3,168 (95%) | lỗi 1432 | 31.6p
  1320 req | 51,930 câu | PHỦ 3,002/3,168 (95%) | lỗi 1438 | 31.9p
  1330 req | 52,620 câu | PHỦ 3,007/3,168 (95%) | lỗi 1441 | 32.2p
  1340 req | 52,881 câu | PHỦ 3,010/3,168 (95%) | lỗi 1442 | 32.5p
  1350 req | 53,362 câu | PHỦ 3,018/3,168 (95%) | lỗi 1445 | 32.8p
  1360 req | 53,694 câu | PHỦ 3,023/3,168 (95%) | lỗi 1446 | 33.0p
  1370 req | 54,052 câu | PHỦ 3,031/3,168 (96%) | lỗi 1448 | 33.3p
  1380 req | 54,444 câu | PHỦ 3,036/3,168 (96%) | lỗi 1450 | 33.6p
  1390 req | 54,665 câu | PHỦ 3,040/3,168 (96%) | lỗi 1454 | 33.9p
  1400 req | 55,076 câu | PHỦ 3,049/3,168 (96%) | lỗi 1456 | 34.1p
  1410 req | 55,453 câu | PHỦ 3,057/3,168 (96%) | lỗi 1456 | 34.3p
  1420 req | 55,752 câu | PHỦ 3,058/3,168 (97%) | lỗi 1457 | 34.5p

=== XONG ===
Câu: 56,051
PHỦ: 3,060/3,168 (96.6%)
Request 1425 | lỗi 1461 | 41.9 phút
Rớt QC:
  quan_ngu_khong_trong_ja        4,003
  idiom_ngoai_ds                   287
  rong                              99
  trung_lap                         19
  ti_le_do_dai                       4
  do_dai_ja                          3
  ja_khong_phai_tieng_nhat           1
  ja_lan_tieng_viet                  1
Output: D:\Bit-Translate-data\gen_niche\idiomgap.jsonl
