nạp hash corpus cũ để loại trùng...
  17,724,024 hash

[resume] đã có 42,759 câu

  2010-01 | phát biểu 3,122 | GIỮ 42,759 câu | loại: khuôn mẫu 228 trùng 11,165 độ dài 7,617 | 0p
  2010-02 | phát biểu 11,859 | GIỮ 88,376 câu | loại: khuôn mẫu 611 trùng 11,525 độ dài 33,610 | 1p
  2010-03 | phát biểu 34,489 | GIỮ 147,711 câu | loại: khuôn mẫu 1,709 trùng 44,335 độ dài 88,925 | 4p
  2010-04 | phát biểu 52,757 | GIỮ 226,503 câu | loại: khuôn mẫu 2,548 trùng 44,975 độ dài 133,816 | 6p
  2010-05 | phát biểu 65,963 | GIỮ 280,526 câu | loại: khuôn mẫu 3,587 trùng 45,527 độ dài 166,488 | 7p
  2010-06 | phát biểu 67,600 | GIỮ 287,660 câu | loại: khuôn mẫu 3,912 trùng 45,686 độ dài 171,263 | 7p
  2010-07 | phát biểu 68,057 | GIỮ 289,379 câu | loại: khuôn mẫu 3,983 trùng 45,780 độ dài 172,663 | 7p
  2010-08 | phát biểu 70,903 | GIỮ 298,854 câu | loại: khuôn mẫu 4,289 trùng 45,912 độ dài 179,952 | 8p
  2010-09 | phát biểu 73,288 | GIỮ 308,472 câu | loại: khuôn mẫu 4,374 trùng 45,928 độ dài 185,935 | 8p
  2010-10 | phát biểu 84,096 | GIỮ 349,105 câu | loại: khuôn mẫu 4,874 trùng 46,477 độ dài 212,950 | 9p
  2010-11 | phát biểu 96,429 | GIỮ 392,114 câu | loại: khuôn mẫu 5,748 trùng 46,902 độ dài 242,907 | 10p
  2010-12 | phát biểu 97,314 | GIỮ 394,097 câu | loại: khuôn mẫu 6,002 trùng 47,032 độ dài 245,131 | 10p
  2011-01 | phát biểu 97,918 | GIỮ 399,063 câu | loại: khuôn mẫu 6,097 trùng 47,358 độ dài 247,674 | 10p
  2011-02 | phát biểu 107,469 | GIỮ 442,345 câu | loại: khuôn mẫu 6,579 trùng 47,821 độ dài 274,114 | 11p
  2011-03 | phát biểu 123,055 | GIỮ 496,332 câu | loại: khuôn mẫu 7,434 trùng 48,908 độ dài 309,803 | 13p
  2011-04 | phát biểu 140,478 | GIỮ 564,615 câu | loại: khuôn mẫu 8,343 trùng 49,524 độ dài 351,749 | 15p
  2011-05 | phát biểu 157,964 | GIỮ 633,077 câu | loại: khuôn mẫu 9,091 trùng 50,171 độ dài 393,994 | 17p
  2011-06 | phát biểu 165,656 | GIỮ 661,972 câu | loại: khuôn mẫu 9,641 trùng 50,534 độ dài 412,874 | 18p
  2011-07 | phát biểu 175,611 | GIỮ 703,423 câu | loại: khuôn mẫu 10,220 trùng 51,019 độ dài 438,009 | 19p
  2011-08 | phát biểu 185,168 | GIỮ 739,850 câu | loại: khuôn mẫu 10,997 trùng 51,613 độ dài 461,694 | 20p
  2011-09 | phát biểu 188,336 | GIỮ 751,407 câu | loại: khuôn mẫu 11,369 trùng 52,044 độ dài 470,674 | 20p
  2011-10 | phát biểu 198,885 | GIỮ 791,813 câu | loại: khuôn mẫu 11,699 trùng 52,740 độ dài 495,668 | 21p
  2011-11 | phát biểu 209,811 | GIỮ 831,866 câu | loại: khuôn mẫu 12,274 trùng 53,160 độ dài 522,663 | 22p
  2011-12 | phát biểu 216,507 | GIỮ 854,389 câu | loại: khuôn mẫu 12,883 trùng 53,620 độ dài 538,741 | 23p
  2012-01 | phát biểu 217,397 | GIỮ 859,942 câu | loại: khuôn mẫu 13,003 trùng 54,054 độ dài 542,019 | 23p
  2012-02 | phát biểu 226,821 | GIỮ 898,789 câu | loại: khuôn mẫu 13,404 trùng 54,382 độ dài 567,444 | 24p
  2012-03 | phát biểu 254,964 | GIỮ 1,004,443 câu | loại: khuôn mẫu 14,519 trùng 55,927 độ dài 633,085 | 27p
  2012-04 | phát biểu 264,763 | GIỮ 1,035,397 câu | loại: khuôn mẫu 14,968 trùng 56,292 độ dài 655,474 | 28p
  2012-05 | phát biểu 268,499 | GIỮ 1,056,274 câu | loại: khuôn mẫu 15,182 trùng 56,468 độ dài 666,614 | 29p
  2012-06 | phát biểu 282,230 | GIỮ 1,111,703 câu | loại: khuôn mẫu 16,038 trùng 57,152 độ dài 700,803 | 30p
  2012-07 | phát biểu 293,679 | GIỮ 1,154,664 câu | loại: khuôn mẫu 16,675 trùng 57,530 độ dài 728,336 | 31p
  2012-08 | phát biểu 305,587 | GIỮ 1,199,752 câu | loại: khuôn mẫu 17,486 trùng 58,168 độ dài 756,579 | 33p
  2012-09 | phát biểu 306,813 | GIỮ 1,202,263 câu | loại: khuôn mẫu 17,830 trùng 58,391 độ dài 759,529 | 33p
  2012-10 | phát biểu 307,863 | GIỮ 1,206,067 câu | loại: khuôn mẫu 17,922 trùng 58,511 độ dài 762,155 | 33p
  2012-11 | phát biểu 312,965 | GIỮ 1,225,923 câu | loại: khuôn mẫu 18,372 trùng 58,920 độ dài 775,571 | 33p
  2012-12 | phát biểu 313,730 | GIỮ 1,226,340 câu | loại: khuôn mẫu 18,604 trùng 59,199 độ dài 777,415 | 34p
  2013-01 | phát biểu 314,664 | GIỮ 1,230,340 câu | loại: khuôn mẫu 18,701 trùng 59,411 độ dài 780,006 | 34p
  2013-02 | phát biểu 320,854 | GIỮ 1,255,966 câu | loại: khuôn mẫu 18,991 trùng 59,783 độ dài 796,507 | 34p
  2013-03 | phát biểu 335,188 | GIỮ 1,321,377 câu | loại: khuôn mẫu 19,629 trùng 60,816 độ dài 833,309 | 36p
  2013-04 | phát biểu 353,634 | GIỮ 1,402,801 câu | loại: khuôn mẫu 20,332 trùng 61,593 độ dài 879,253 | 38p
  2013-05 | phát biểu 376,354 | GIỮ 1,493,592 câu | loại: khuôn mẫu 21,513 trùng 62,865 độ dài 933,062 | 40p
  2013-06 | phát biểu 388,908 | GIỮ 1,543,367 câu | loại: khuôn mẫu 22,456 trùng 63,784 độ dài 963,050 | 42p
  2013-07 | phát biểu 389,012 | GIỮ 1,543,903 câu | loại: khuôn mẫu 22,462 trùng 63,789 độ dài 963,407 | 42p
  2013-08 | phát biểu 389,735 | GIỮ 1,544,208 câu | loại: khuôn mẫu 22,724 trùng 64,072 độ dài 965,160 | 42p
  2013-09 | phát biểu 390,079 | GIỮ 1,545,611 câu | loại: khuôn mẫu 22,732 trùng 64,075 độ dài 966,017 | 42p
  2013-10 | phát biểu 395,357 | GIỮ 1,568,275 câu | loại: khuôn mẫu 23,027 trùng 64,663 độ dài 979,504 | 42p
  2013-11 | phát biểu 425,825 | GIỮ 1,691,035 câu | loại: khuôn mẫu 24,477 trùng 65,895 độ dài 1,050,881 | 45p
  2013-12 | phát biểu 431,940 | GIỮ 1,712,187 câu | loại: khuôn mẫu 25,305 trùng 66,375 độ dài 1,065,633 | 46p
  2014-01 | phát biểu 432,626 | GIỮ 1,717,535 câu | loại: khuôn mẫu 25,422 trùng 66,810 độ dài 1,068,675 | 46p
  2014-02 | phát biểu 446,919 | GIỮ 1,786,844 câu | loại: khuôn mẫu 26,006 trùng 67,440 độ dài 1,106,479 | 48p
  2014-03 | phát biểu 466,895 | GIỮ 1,864,950 câu | loại: khuôn mẫu 26,859 trùng 68,745 độ dài 1,152,676 | 50p
  2014-04 | phát biểu 493,861 | GIỮ 1,983,568 câu | loại: khuôn mẫu 28,043 trùng 69,822 độ dài 1,216,592 | 53p
  2014-05 | phát biểu 516,630 | GIỮ 2,081,066 câu | loại: khuôn mẫu 29,024 trùng 70,861 độ dài 1,270,208 | 55p
  2014-06 | phát biểu 534,433 | GIỮ 2,147,966 câu | loại: khuôn mẫu 30,202 trùng 71,901 độ dài 1,311,335 | 57p
  2014-07 | phát biểu 535,164 | GIỮ 2,150,774 câu | loại: khuôn mẫu 30,232 trùng 71,907 độ dài 1,313,207 | 57p
  2014-08 | phát biểu 535,926 | GIỮ 2,153,795 câu | loại: khuôn mẫu 30,249 trùng 71,927 độ dài 1,315,045 | 58p
  2014-09 | phát biểu 536,225 | GIỮ 2,154,902 câu | loại: khuôn mẫu 30,313 trùng 72,085 độ dài 1,316,070 | 58p
  2014-10 | phát biểu 552,740 | GIỮ 2,223,425 câu | loại: khuôn mẫu 30,938 trùng 73,085 độ dài 1,356,821 | 60p
  2014-11 | phát biểu 566,209 | GIỮ 2,274,811 câu | loại: khuôn mẫu 31,688 trùng 73,801 độ dài 1,387,998 | 61p
  2014-12 | phát biểu 566,895 | GIỮ 2,275,079 câu | loại: khuôn mẫu 31,920 trùng 74,097 độ dài 1,389,624 | 61p
  2015-01 | phát biểu 568,311 | GIỮ 2,281,624 câu | loại: khuôn mẫu 32,064 trùng 74,327 độ dài 1,393,604 | 62p
  2015-02 | phát biểu 573,457 | GIỮ 2,305,826 câu | loại: khuôn mẫu 32,334 trùng 74,827 độ dài 1,407,662 | 62p
  2015-03 | phát biểu 596,207 | GIỮ 2,397,470 câu | loại: khuôn mẫu 33,176 trùng 76,285 độ dài 1,461,937 | 65p
  2015-04 | phát biểu 615,219 | GIỮ 2,471,095 câu | loại: khuôn mẫu 33,941 trùng 77,156 độ dài 1,505,363 | 67p
  2015-05 | phát biểu 637,111 | GIỮ 2,560,846 câu | loại: khuôn mẫu 34,929 trùng 78,165 độ dài 1,557,740 | 69p
  2015-06 | phát biểu 658,353 | GIỮ 2,639,796 câu | loại: khuôn mẫu 35,786 trùng 79,106 độ dài 1,605,997 | 72p
  2015-07 | phát biểu 670,370 | GIỮ 2,686,495 câu | loại: khuôn mẫu 36,438 trùng 79,666 độ dài 1,635,176 | 73p
  2015-08 | phát biểu 682,213 | GIỮ 2,729,085 câu | loại: khuôn mẫu 36,827 trùng 80,016 độ dài 1,662,934 | 75p
  2015-09 | phát biểu 690,701 | GIỮ 2,758,343 câu | loại: khuôn mẫu 37,708 trùng 80,641 độ dài 1,684,028 | 76p
  2015-10 | phát biểu 690,701 | GIỮ 2,758,343 câu | loại: khuôn mẫu 37,708 trùng 80,641 độ dài 1,684,028 | 76p
  2015-11 | phát biểu 691,396 | GIỮ 2,761,539 câu | loại: khuôn mẫu 37,729 trùng 80,658 độ dài 1,686,058 | 76p
  2015-12 | phát biểu 694,144 | GIỮ 2,772,561 câu | loại: khuôn mẫu 37,806 trùng 80,735 độ dài 1,692,785 | 76p
  2016-01 | phát biểu 698,839 | GIỮ 2,792,392 câu | loại: khuôn mẫu 38,260 trùng 81,523 độ dài 1,706,105 | 77p
  2016-02 | phát biểu 711,131 | GIỮ 2,849,965 câu | loại: khuôn mẫu 38,669 trùng 82,204 độ dài 1,739,519 | 78p
  2016-03 | phát biểu 736,977 | GIỮ 2,946,861 câu | loại: khuôn mẫu 39,759 trùng 83,775 độ dài 1,799,045 | 81p
  2016-04 | phát biểu 756,648 | GIỮ 3,027,453 câu | loại: khuôn mẫu 40,679 trùng 84,775 độ dài 1,845,499 | 83p
  2016-05 | phát biểu 772,693 | GIỮ 3,091,392 câu | loại: khuôn mẫu 41,555 trùng 85,761 độ dài 1,883,182 | 85p
  2016-06 | phát biểu 773,127 | GIỮ 3,091,610 câu | loại: khuôn mẫu 41,761 trùng 85,885 độ dài 1,884,300 | 85p
  2016-07 | phát biểu 773,127 | GIỮ 3,091,610 câu | loại: khuôn mẫu 41,761 trùng 85,885 độ dài 1,884,300 | 85p
  2016-08 | phát biểu 773,763 | GIỮ 3,091,861 câu | loại: khuôn mẫu 42,017 trùng 86,147 độ dài 1,885,834 | 85p
  2016-09 | phát biểu 774,821 | GIỮ 3,097,405 câu | loại: khuôn mẫu 42,183 trùng 86,520 độ dài 1,889,399 | 85p
  2016-10 | phát biểu 787,989 | GIỮ 3,150,468 câu | loại: khuôn mẫu 42,894 trùng 87,334 độ dài 1,922,625 | 87p
  2016-11 | phát biểu 804,515 | GIỮ 3,219,712 câu | loại: khuôn mẫu 43,959 trùng 88,316 độ dài 1,962,868 | 89p
  2016-12 | phát biểu 812,764 | GIỮ 3,252,376 câu | loại: khuôn mẫu 44,640 trùng 88,979 độ dài 1,983,157 | 90p
  2017-01 | phát biểu 815,155 | GIỮ 3,262,199 câu | loại: khuôn mẫu 44,876 trùng 89,547 độ dài 1,989,826 | 90p
  2017-02 | phát biểu 828,422 | GIỮ 3,317,017 câu | loại: khuôn mẫu 45,355 trùng 90,119 độ dài 2,023,989 | 91p
  2017-03 | phát biểu 854,421 | GIỮ 3,409,084 câu | loại: khuôn mẫu 46,373 trùng 91,859 độ dài 2,085,109 | 94p
  2017-04 | phát biểu 882,273 | GIỮ 3,512,346 câu | loại: khuôn mẫu 47,561 trùng 93,058 độ dài 2,150,582 | 98p
  2017-05 | phát biểu 904,905 | GIỮ 3,599,652 câu | loại: khuôn mẫu 48,608 trùng 94,039 độ dài 2,205,116 | 100p
  2017-06 | phát biểu 918,482 | GIỮ 3,647,586 câu | loại: khuôn mẫu 49,598 trùng 94,900 độ dài 2,237,934 | 102p
  2017-07 | phát biểu 919,682 | GIỮ 3,651,450 câu | loại: khuôn mẫu 49,657 trùng 94,921 độ dài 2,240,864 | 102p
  2017-08 | phát biểu 920,650 | GIỮ 3,654,663 câu | loại: khuôn mẫu 49,683 trùng 94,967 độ dài 2,243,084 | 102p
  2017-09 | phát biểu 921,764 | GIỮ 3,658,070 câu | loại: khuôn mẫu 49,743 trùng 95,164 độ dài 2,245,883 | 102p
  2017-10 | phát biểu 921,764 | GIỮ 3,658,070 câu | loại: khuôn mẫu 49,743 trùng 95,164 độ dài 2,245,883 | 102p
  2017-11 | phát biểu 925,471 | GIỮ 3,672,618 câu | loại: khuôn mẫu 50,018 trùng 95,888 độ dài 2,255,601 | 102p
  2017-12 | phát biểu 933,354 | GIỮ 3,702,280 câu | loại: khuôn mẫu 50,512 trùng 96,438 độ dài 2,274,915 | 103p
  2018-01 | phát biểu 935,163 | GIỮ 3,711,339 câu | loại: khuôn mẫu 50,679 trùng 97,118 độ dài 2,280,376 | 103p
  2018-02 | phát biểu 948,869 | GIỮ 3,768,611 câu | loại: khuôn mẫu 51,205 trùng 97,608 độ dài 2,316,459 | 105p
  2018-03 | phát biểu 970,904 | GIỮ 3,844,849 câu | loại: khuôn mẫu 52,019 trùng 99,670 độ dài 2,367,711 | 107p
  2018-04 | phát biểu 993,076 | GIỮ 3,923,724 câu | loại: khuôn mẫu 52,882 trùng 100,678 độ dài 2,420,174 | 110p
  2018-05 | phát biểu 1,020,250 | GIỮ 4,024,897 câu | loại: khuôn mẫu 54,312 trùng 102,037 độ dài 2,485,992 | 113p
  2018-06 | phát biểu 1,037,181 | GIỮ 4,087,495 câu | loại: khuôn mẫu 55,262 trùng 102,973 độ dài 2,526,651 | 115p
  2018-07 | phát biểu 1,043,654 | GIỮ 4,113,195 câu | loại: khuôn mẫu 55,904 trùng 103,455 độ dài 2,544,211 | 115p
  2018-08 | phát biểu 1,043,808 | GIỮ 4,113,808 câu | loại: khuôn mẫu 55,909 trùng 103,468 độ dài 2,544,531 | 115p
  2018-09 | phát biểu 1,043,808 | GIỮ 4,113,808 câu | loại: khuôn mẫu 55,909 trùng 103,468 độ dài 2,544,531 | 115p
  2018-10 | phát biểu 1,044,225 | GIỮ 4,116,719 câu | loại: khuôn mẫu 56,014 trùng 103,815 độ dài 2,546,280 | 115p
  2018-11 | phát biểu 1,064,736 | GIỮ 4,188,078 câu | loại: khuôn mẫu 56,946 trùng 105,190 độ dài 2,596,594 | 118p
  2018-12 | phát biểu 1,072,481 | GIỮ 4,215,580 câu | loại: khuôn mẫu 57,575 trùng 105,815 độ dài 2,615,668 | 119p
  2019-01 | phát biểu 1,073,994 | GIỮ 4,222,163 câu | loại: khuôn mẫu 57,720 trùng 106,375 độ dài 2,620,174 | 119p
  2019-02 | phát biểu 1,089,157 | GIỮ 4,280,768 câu | loại: khuôn mẫu 58,339 trùng 106,950 độ dài 2,659,990 | 120p
  2019-03 | phát biểu 1,112,718 | GIỮ 4,363,002 câu | loại: khuôn mẫu 59,217 trùng 108,801 độ dài 2,715,786 | 123p
  2019-04 | phát biểu 1,133,385 | GIỮ 4,437,651 câu | loại: khuôn mẫu 60,013 trùng 109,862 độ dài 2,763,052 | 126p
  2019-05 | phát biểu 1,156,064 | GIỮ 4,521,977 câu | loại: khuôn mẫu 60,968 trùng 111,153 độ dài 2,816,612 | 128p
  2019-06 | phát biểu 1,164,503 | GIỮ 4,554,207 câu | loại: khuôn mẫu 61,693 trùng 111,907 độ dài 2,838,030 | 129p
  2019-07 | phát biểu 1,164,503 | GIỮ 4,554,207 câu | loại: khuôn mẫu 61,693 trùng 111,907 độ dài 2,838,030 | 129p
  2019-08 | phát biểu 1,165,136 | GIỮ 4,554,429 câu | loại: khuôn mẫu 61,954 trùng 112,187 độ dài 2,839,530 | 129p
  2019-09 | phát biểu 1,165,136 | GIỮ 4,554,429 câu | loại: khuôn mẫu 61,954 trùng 112,187 độ dài 2,839,530 | 129p
  2019-10 | phát biểu 1,170,740 | GIỮ 4,575,774 câu | loại: khuôn mẫu 62,257 trùng 113,113 độ dài 2,854,356 | 130p
  2019-11 | phát biểu 1,191,010 | GIỮ 4,651,550 câu | loại: khuôn mẫu 63,082 trùng 114,255 độ dài 2,904,410 | 132p
  2019-12 | phát biểu 1,194,227 | GIỮ 4,662,749 câu | loại: khuôn mẫu 63,388 trùng 114,659 độ dài 2,912,558 | 133p
  2020-01 | phát biểu 1,198,138 | GIỮ 4,676,726 câu | loại: khuôn mẫu 63,669 trùng 115,280 độ dài 2,922,753 | 133p
  2020-02 | phát biểu 1,212,048 | GIỮ 4,728,681 câu | loại: khuôn mẫu 64,249 trùng 115,692 độ dài 2,959,211 | 135p
  2020-03 | phát biểu 1,234,250 | GIỮ 4,807,644 câu | loại: khuôn mẫu 65,141 trùng 117,484 độ dài 3,012,265 | 137p
  2020-04 | phát biểu 1,246,569 | GIỮ 4,856,554 câu | loại: khuôn mẫu 65,767 trùng 118,273 độ dài 3,043,008 | 139p
  2020-05 | phát biểu 1,263,740 | GIỮ 4,925,757 câu | loại: khuôn mẫu 66,545 trùng 119,179 độ dài 3,085,879 | 140p
  2020-06 | phát biểu 1,274,228 | GIỮ 4,964,356 câu | loại: khuôn mẫu 67,283 trùng 119,951 độ dài 3,112,126 | 142p
  2020-07 | phát biểu 1,276,481 | GIỮ 4,973,707 câu | loại: khuôn mẫu 67,334 trùng 120,031 độ dài 3,117,914 | 142p
  2020-08 | phát biểu 1,277,188 | GIỮ 4,977,115 câu | loại: khuôn mẫu 67,351 trùng 120,041 độ dài 3,119,725 | 142p
  2020-09 | phát biểu 1,278,136 | GIỮ 4,978,751 câu | loại: khuôn mẫu 67,582 trùng 120,356 độ dài 3,122,129 | 142p
  2020-10 | phát biểu 1,278,970 | GIỮ 4,982,915 câu | loại: khuôn mẫu 67,716 trùng 120,634 độ dài 3,125,054 | 142p
  2020-11 | phát biểu 1,294,917 | GIỮ 5,045,202 câu | loại: khuôn mẫu 68,377 trùng 121,918 độ dài 3,164,635 | 144p
  2020-12 | phát biểu 1,300,136 | GIỮ 5,063,136 câu | loại: khuôn mẫu 68,764 trùng 122,393 độ dài 3,177,106 | 145p
  2021-01 | phát biểu 1,304,001 | GIỮ 5,079,187 câu | loại: khuôn mẫu 69,034 trùng 122,943 độ dài 3,187,974 | 145p
  2021-02 | phát biểu 1,317,034 | GIỮ 5,135,702 câu | loại: khuôn mẫu 69,404 trùng 123,466 độ dài 3,223,810 | 147p
  2021-03 | phát biểu 1,342,457 | GIỮ 5,228,447 câu | loại: khuôn mẫu 70,251 trùng 125,528 độ dài 3,285,273 | 150p
  2021-04 | phát biểu 1,370,353 | GIỮ 5,340,196 câu | loại: khuôn mẫu 71,427 trùng 126,973 độ dài 3,355,315 | 153p
  2021-05 | phát biểu 1,390,301 | GIỮ 5,420,816 câu | loại: khuôn mẫu 72,302 trùng 128,178 độ dài 3,405,446 | 155p
  2021-06 | phát biểu 1,401,233 | GIỮ 5,460,357 câu | loại: khuôn mẫu 73,167 trùng 129,086 độ dài 3,432,421 | 157p
  2021-07 | phát biểu 1,402,388 | GIỮ 5,464,387 câu | loại: khuôn mẫu 73,193 trùng 129,141 độ dài 3,435,261 | 157p
  2021-08 | phát biểu 1,403,490 | GIỮ 5,468,532 câu | loại: khuôn mẫu 73,233 trùng 129,224 độ dài 3,438,262 | 157p
  2021-09 | phát biểu 1,403,986 | GIỮ 5,470,299 câu | loại: khuôn mẫu 73,246 trùng 129,280 độ dài 3,439,449 | 157p
  2021-10 | phát biểu 1,404,552 | GIỮ 5,473,462 câu | loại: khuôn mẫu 73,381 trùng 129,682 độ dài 3,441,860 | 157p
  2021-11 | phát biểu 1,405,290 | GIỮ 5,473,790 câu | loại: khuôn mẫu 73,630 trùng 129,994 độ dài 3,443,607 | 157p
  2021-12 | phát biểu 1,409,464 | GIỮ 5,489,154 câu | loại: khuôn mẫu 74,097 trùng 130,650 độ dài 3,454,426 | 158p
  2022-01 | phát biểu 1,411,685 | GIỮ 5,500,665 câu | loại: khuôn mẫu 74,224 trùng 131,148 độ dài 3,461,147 | 158p
  2022-02 | phát biểu 1,424,465 | GIỮ 5,557,474 câu | loại: khuôn mẫu 74,579 trùng 131,784 độ dài 3,496,217 | 159p
  2022-03 | phát biểu 1,452,188 | GIỮ 5,666,483 câu | loại: khuôn mẫu 75,566 trùng 134,304 độ dài 3,564,045 | 162p
  2022-04 | phát biểu 1,476,589 | GIỮ 5,766,379 câu | loại: khuôn mẫu 76,518 trùng 135,661 độ dài 3,624,966 | 165p
  2022-05 | phát biểu 1,491,633 | GIỮ 5,828,462 câu | loại: khuôn mẫu 77,178 trùng 136,577 độ dài 3,662,040 | 167p
  2022-06 | phát biểu 1,497,823 | GIỮ 5,852,225 câu | loại: khuôn mẫu 77,654 trùng 137,160 độ dài 3,678,186 | 168p
  2022-07 | phát biểu 1,497,823 | GIỮ 5,852,225 câu | loại: khuôn mẫu 77,654 trùng 137,160 độ dài 3,678,186 | 168p
  2022-08 | phát biểu 1,498,733 | GIỮ 5,853,447 câu | loại: khuôn mẫu 77,920 trùng 137,466 độ dài 3,680,320 | 168p
  2022-09 | phát biểu 1,499,080 | GIỮ 5,854,769 câu | loại: khuôn mẫu 77,930 trùng 137,477 độ dài 3,681,147 | 168p
  2022-10 | phát biểu 1,508,134 | GIỮ 5,889,819 câu | loại: khuôn mẫu 78,325 trùng 138,721 độ dài 3,703,999 | 169p
  2022-11 | phát biểu 1,525,409 | GIỮ 5,955,170 câu | loại: khuôn mẫu 79,015 trùng 139,837 độ dài 3,745,960 | 171p
  2022-12 | phát biểu 1,532,834 | GIỮ 5,981,840 câu | loại: khuôn mẫu 79,465 trùng 140,352 độ dài 3,764,007 | 171p
  2023-01 | phát biểu 1,534,144 | GIỮ 5,990,042 câu | loại: khuôn mẫu 79,574 trùng 140,920 độ dài 3,768,634 | 172p
  2023-02 | phát biểu 1,546,554 | GIỮ 6,046,250 câu | loại: khuôn mẫu 79,961 trùng 141,520 độ dài 3,802,382 | 173p
  2023-03 | phát biểu 1,569,413 | GIỮ 6,135,417 câu | loại: khuôn mẫu 80,736 trùng 143,539 độ dài 3,858,763 | 176p
  2023-04 | phát biểu 1,598,289 | GIỮ 6,249,919 câu | loại: khuôn mẫu 81,801 trùng 145,165 độ dài 3,929,020 | 179p
  2023-05 | phát biểu 1,617,133 | GIỮ 6,324,136 câu | loại: khuôn mẫu 82,643 trùng 146,197 độ dài 3,974,245 | 181p
  2023-06 | phát biểu 1,626,653 | GIỮ 6,361,601 câu | loại: khuôn mẫu 83,416 trùng 147,101 độ dài 3,998,874 | 182p
  2023-07 | phát biểu 1,627,062 | GIỮ 6,363,072 câu | loại: khuôn mẫu 83,427 trùng 147,108 độ dài 3,999,810 | 182p
  2023-08 | phát biểu 1,627,339 | GIỮ 6,364,446 câu | loại: khuôn mẫu 83,435 trùng 147,136 độ dài 4,000,618 | 182p
  2023-09 | phát biểu 1,627,678 | GIỮ 6,365,858 câu | loại: khuôn mẫu 83,448 trùng 147,145 độ dài 4,001,492 | 182p
  2023-10 | phát biểu 1,629,536 | GIỮ 6,374,251 câu | loại: khuôn mẫu 83,571 trùng 147,449 độ dài 4,006,943 | 182p
  2023-11 | phát biểu 1,646,253 | GIỮ 6,437,601 câu | loại: khuôn mẫu 84,222 trùng 148,960 độ dài 4,048,368 | 184p
  2023-12 | phát biểu 1,652,895 | GIỮ 6,460,768 câu | loại: khuôn mẫu 84,628 trùng 149,525 độ dài 4,064,501 | 185p
  2024-01 | phát biểu 1,653,948 | GIỮ 6,464,838 câu | loại: khuôn mẫu 84,734 trùng 149,937 độ dài 4,067,708 | 185p
  2024-02 | phát biểu 1,666,732 | GIỮ 6,522,712 câu | loại: khuôn mẫu 85,052 trùng 150,553 độ dài 4,102,929 | 187p
  2024-03 | phát biểu 1,687,219 | GIỮ 6,601,353 câu | loại: khuôn mẫu 85,896 trùng 152,582 độ dài 4,153,756 | 189p
  2024-04 | phát biểu 1,715,724 | GIỮ 6,713,704 câu | loại: khuôn mẫu 86,999 trùng 153,992 độ dài 4,223,629 | 192p
  2024-05 | phát biểu 1,743,575 | GIỮ 6,825,228 câu | loại: khuôn mẫu 88,010 trùng 155,594 độ dài 4,293,232 | 195p
  2024-06 | phát biểu 1,756,567 | GIỮ 6,874,875 câu | loại: khuôn mẫu 88,777 trùng 156,670 độ dài 4,325,499 | 197p
  2024-07 | phát biểu 1,756,934 | GIỮ 6,876,186 câu | loại: khuôn mẫu 88,786 trùng 156,674 độ dài 4,326,479 | 197p
  2024-08 | phát biểu 1,757,224 | GIỮ 6,877,242 câu | loại: khuôn mẫu 88,799 trùng 156,691 độ dài 4,327,117 | 197p
  2024-09 | phát biểu 1,757,224 | GIỮ 6,877,242 câu | loại: khuôn mẫu 88,799 trùng 156,691 độ dài 4,327,117 | 197p
  2024-10 | phát biểu 1,757,965 | GIỮ 6,879,452 câu | loại: khuôn mẫu 88,946 trùng 157,092 độ dài 4,329,693 | 197p
  2024-11 | phát biểu 1,758,967 | GIỮ 6,880,112 câu | loại: khuôn mẫu 89,267 trùng 157,604 độ dài 4,332,163 | 197p
  2024-12 | phát biểu 1,773,343 | GIỮ 6,939,665 câu | loại: khuôn mẫu 90,145 trùng 159,055 độ dài 4,370,444 | 198p
  2025-01 | phát biểu 1,774,344 | GIỮ 6,946,198 câu | loại: khuôn mẫu 90,256 trùng 159,483 độ dài 4,374,115 | 199p
  2025-02 | phát biểu 1,787,509 | GIỮ 7,004,974 câu | loại: khuôn mẫu 90,596 trùng 160,021 độ dài 4,409,900 | 200p
  2025-03 | phát biểu 1,808,222 | GIỮ 7,087,359 câu | loại: khuôn mẫu 91,532 trùng 162,185 độ dài 4,462,282 | 202p
  2025-04 | phát biểu 1,834,566 | GIỮ 7,190,933 câu | loại: khuôn mẫu 92,681 trùng 163,570 độ dài 4,526,571 | 205p
  2025-05 | phát biểu 1,858,484 | GIỮ 7,285,477 câu | loại: khuôn mẫu 93,736 trùng 164,899 độ dài 4,586,366 | 208p
  2025-06 | phát biểu 1,870,371 | GIỮ 7,332,485 câu | loại: khuôn mẫu 94,550 trùng 165,760 độ dài 4,617,594 | 209p
  2025-07 | phát biểu 1,870,371 | GIỮ 7,332,485 câu | loại: khuôn mẫu 94,550 trùng 165,760 độ dài 4,617,594 | 209p
  2025-08 | phát biểu 1,871,343 | GIỮ 7,334,281 câu | loại: khuôn mẫu 94,798 trùng 166,042 độ dài 4,620,049 | 210p
  2025-09 | phát biểu 1,871,590 | GIỮ 7,335,206 câu | loại: khuôn mẫu 94,804 trùng 166,046 độ dài 4,620,703 | 210p
  2025-10 | phát biểu 1,871,946 | GIỮ 7,335,579 câu | loại: khuôn mẫu 94,908 trùng 166,277 độ dài 4,621,637 | 210p
  2025-11 | phát biểu 1,883,287 | GIỮ 7,383,455 câu | loại: khuôn mẫu 95,383 trùng 167,511 độ dài 4,651,456 | 211p
  2025-12 | phát biểu 1,891,909 | GIỮ 7,415,856 câu | loại: khuôn mẫu 96,020 trùng 168,254 độ dài 4,673,800 | 212p

=== XONG (212 phút) ===
Phát biểu đọc : 1,891,909
CÂU GIỮ       : 7,415,856
Loại khuôn mẫu: 96,020 | trùng: 168,254 | độ dài/không-JA: 4,673,800
Output        : D:\Bit-Translate-data\raw\kokkai_ja.txt
