[07-30 00:17:17] === V7A: chờ KD dịch 623007 câu ===
[07-30 00:17:17] KD 172043/623007 (27%)
[07-30 00:22:17] KD 187848/623007 (30%)
[07-30 00:27:17] KD 203810/623007 (32%)
[07-30 00:32:18] KD 219837/623007 (35%)
[07-30 00:37:18] KD 235042/623007 (37%)
[07-30 00:42:18] KD 248118/623007 (39%)
[07-30 00:47:19] KD 261238/623007 (41%)
[07-30 00:52:19] KD 274185/623007 (44%)
[07-30 00:57:19] KD 287236/623007 (46%)
[07-30 01:02:20] KD 300231/623007 (48%)
[07-30 01:07:20] KD 313170/623007 (50%)
[07-30 01:12:20] KD 326164/623007 (52%)
[07-30 01:17:21] KD 339064/623007 (54%)
[07-30 01:22:21] KD 352249/623007 (56%)
[07-30 01:27:21] KD 365347/623007 (58%)
[07-30 01:32:22] KD 394012/623007 (63%)
[07-30 01:37:22] KD 424597/623007 (68%)
[07-30 01:42:23] KD 455177/623007 (73%)
[07-30 01:47:23] KD 485227/623007 (77%)
[07-30 01:52:24] KD 514988/623007 (82%)
[07-30 01:57:24] KD 544494/623007 (87%)
[07-30 02:02:25] KD 574458/623007 (92%)
[07-30 02:07:25] KD 590945/623007 (94%)
[07-30 02:12:26] KD 604053/623007 (96%)
[07-30 02:17:26] KD 618854/623007 (99%)
[07-30 02:17:26] đạt 98% — đủ
[07-30 02:17:26] --- merge corpus v6 + kd_v7a ---
=== GỘP XONG ===
v5 cũ   : 15,307,817 (96.1%)
KD vòng6: 614,120 (3.9%)
loại QC : 6,950
TỔNG    : 15,921,937  -> D:/Bit-Translate-data/kd_v7a_merged.jsonl
[07-30 02:18:59] --- dựng clean_v7g (train=merged, dev=dev SẠCH 3.886) ---
train: 15,921,937 cap
dev sach: copied
[07-30 02:20:06] --- binarize -> bin_v7g ---
[train] GHI 15,881,846 seq (945,789,007 token), bỏ 40,091 câu >256. mean len 59.6

done -> D:\Bit-Translate-data\bin_v7g/ | tổng: 15,885,724 seq, 946,012,097 token
[07-30 02:23:41] --- init từ v6_avg (step=0, không optimizer) ---
  step=avg7(15000-16400) | 18L d768 | 176.6M tham số | không optimizer
-> D:/Bit-Translate-data/checkpoints_v7a/last.pt (step=0, không optimizer state)
[07-30 02:23:46] --- upload bin_v7g + checkpoints_v7a lên tritue12 ---
bin_v6
bin_v7g
checkpoints_v7a
[07-30 02:25:01] --- TRAIN GATE: 4000 step, lr 5e-5, dev-every 500 ---
[07-30 05:10:50] đã phát lệnh train
[07-30 05:10:51] --- bật backup KEEP=12 + anchor %1000 ---
[07-30 05:10:51] --- theo dõi train (đích 4000) ---
[07-30 05:15:55] gate step 4000/4000 | dev_loss 2.0617
[07-30 05:15:55] TRAIN GATE XONG
[07-30 05:16:28] --- dịch bench opus100 + rand bằng gate_avg (PyTorch, 5 luồng) ---
[07-30 05:23:12] === CHUỖI V7A-GATE HOÀN TẤT — xem logs/KETQUA_V7A_GATE.txt ===
5/100 (67s)
  100/100 (100s)
[gateopus] -> E:\Bit-Translate\eval\bench_gateopus.jsonl
[gaterand] dịch 200 câu...
  18L d768 | 152.1M
  25/200 (20s)
  50/200 (42s)
  75/200 (100s)
  100/200 (153s)
  125/200 (176s)
  150/200 (198s)
  175/200 (252s)
  200/200 (298s)
[gaterand] -> E:\Bit-Translate\eval\bench_gaterand.jsonl
