[07-28 00:55:36] === VÒNG 6 — chờ KD dịch hết 2204272 câu ===
[07-28 01:00:36] KD 70323/2204272 (3%)
[07-28 01:05:36] KD 99717/2204272 (4%)
[07-28 01:10:37] KD 128678/2204272 (5%)
[07-28 01:15:37] KD 157320/2204272 (7%)
[07-28 01:20:38] KD 185817/2204272 (8%)
[07-28 01:25:39] KD 215747/2204272 (9%)
[07-28 01:30:39] KD 246564/2204272 (11%)
[07-28 01:35:40] KD 276843/2204272 (12%)
[07-28 01:40:41] KD 306546/2204272 (13%)
[07-28 01:45:41] KD 336318/2204272 (15%)
[07-28 01:50:42] KD 366294/2204272 (16%)
[07-28 01:55:43] KD 396069/2204272 (17%)
[07-28 02:00:43] KD 425914/2204272 (19%)
[07-28 02:05:44] KD 455753/2204272 (20%)
[07-28 02:10:45] KD 484878/2204272 (21%)
[07-28 02:15:45] KD 514509/2204272 (23%)
[07-28 02:20:46] KD 544273/2204272 (24%)
[07-28 02:25:47] KD 573944/2204272 (26%)
[07-28 02:30:47] KD 603328/2204272 (27%)
[07-28 02:35:48] KD 632672/2204272 (28%)
[07-28 02:40:49] KD 662256/2204272 (30%)
[07-28 02:45:50] KD 691030/2204272 (31%)
[07-28 02:50:51] KD 720256/2204272 (32%)
[07-28 02:55:51] KD 749684/2204272 (34%)
[07-28 03:00:52] KD 779033/2204272 (35%)
[07-28 03:05:53] KD 808267/2204272 (36%)
[07-28 03:10:54] KD 837321/2204272 (37%)
[07-28 03:15:55] KD 866522/2204272 (39%)
[07-28 03:20:56] KD 895849/2204272 (40%)
[07-28 03:25:57] KD 924975/2204272 (41%)
[07-28 03:30:57] KD 954314/2204272 (43%)
[07-28 03:35:58] KD 983547/2204272 (44%)
[07-28 03:40:59] KD 1012866/2204272 (45%)
[07-28 03:46:00] KD 1042238/2204272 (47%)
[07-28 03:51:01] KD 1071638/2204272 (48%)
[07-28 03:56:02] KD 1100803/2204272 (49%)
[07-28 04:01:03] KD 1130233/2204272 (51%)
[07-28 04:06:04] KD 1159500/2204272 (52%)
[07-28 04:11:05] KD 1188574/2204272 (53%)
[07-28 04:16:06] KD 1218035/2204272 (55%)
[07-28 04:21:07] KD 1247332/2204272 (56%)
[07-28 04:26:08] KD 1276260/2204272 (57%)
[07-28 04:31:09] KD 1305672/2204272 (59%)
[07-28 04:36:10] KD 1334962/2204272 (60%)
[07-28 04:41:12] KD 1364350/2204272 (61%)
[07-28 04:46:13] KD 1393668/2204272 (63%)
[07-28 04:51:14] KD 1422895/2204272 (64%)
[07-28 04:56:15] KD 1452448/2204272 (65%)
[07-28 05:01:16] KD 1483255/2204272 (67%)
[07-28 05:06:17] KD 1513600/2204272 (68%)
[07-28 05:11:18] KD 1543052/2204272 (70%)
[07-28 05:16:19] KD 1572471/2204272 (71%)
[07-28 05:21:21] KD 1601699/2204272 (72%)
[07-28 05:26:22] KD 1631117/2204272 (73%)
[07-28 05:31:24] KD 1660694/2204272 (75%)
[07-28 05:36:25] KD 1690065/2204272 (76%)
[07-28 05:41:27] KD 1719808/2204272 (78%)
[07-28 05:46:28] KD 1749580/2204272 (79%)
[07-28 05:51:29] KD 1779830/2204272 (80%)
[07-28 05:56:30] KD 1810363/2204272 (82%)
[07-28 06:01:32] KD 1840942/2204272 (83%)
[07-28 06:06:33] KD 1871607/2204272 (84%)
[07-28 06:11:34] KD 1902616/2204272 (86%)
[07-28 06:16:36] KD 1933481/2204272 (87%)
[07-28 06:21:37] KD 1964143/2204272 (89%)
[07-28 06:26:38] KD 1994906/2204272 (90%)
[07-28 06:31:40] KD 2025347/2204272 (91%)
[07-28 06:36:41] KD 2055717/2204272 (93%)
[07-28 06:41:42] KD 2085417/2204272 (94%)
[07-28 06:46:44] KD 2100384/2204272 (95%)
[07-28 06:51:45] KD 2118078/2204272 (96%)
[07-28 06:56:47] KD 2136431/2204272 (96%)
[07-28 07:01:48] KD 2155369/2204272 (97%)
[07-28 07:06:50] KD 2171977/2204272 (98%)
[07-28 07:06:50] đã đạt 98% — đủ, đi tiếp
[07-28 07:06:50] --- dừng KD, vá file ---
  kd_v6.jsonl: 2,171,977 dòng (bỏ 0 hỏng)
[07-28 07:07:12] --- gộp corpus v6 ---
corpus v5 : 13,144,706
  + kd_v6.jsonl: 2,163,111

=== GỘP XONG ===
v5 cũ   : 13,144,706 (85.9%)
KD vòng6: 2,163,111 (14.1%)
loại QC : 8,866
TỔNG    : 15,307,817  -> D:\Bit-Translate-data\kd_v6_merged.jsonl
[07-28 07:12:47] --- tách train/dev ---
  ...15,000,000 (train 14,995,641 / dev 4,359)

XONG: train 15,303,373 | dev 4,444 -> D:\Bit-Translate-data\clean_v6
[07-28 07:16:08] --- binarize ---
  [train] 15,303,373/15,303,373 | 858,407,604 tokens
[train] GHI 15,284,511 seq (858,407,604 token), bỏ 18,862 câu >256. mean len 56.2

done -> D:\Bit-Translate-data\bin_v6/ | tổng: 15,288,946 seq, 858,653,219 token
[07-28 07:22:12] --- checkpoint khởi đầu từ v5_avg ---
  step=avg7(12500-14000) | 18L d768 | 176.6M tham số | không optimizer
-> D:/Bit-Translate-data/checkpoints_v6/last.pt (step=0, không optimizer state)
[07-28 07:22:17] --- upload Modal ---
bin_v5
checkpoints_v5
bin_v6
checkpoints_v6
[07-28 07:23:48] --- BẬT BACKUP checkpoint mỗi 5 phút về ổ D (phòng hết credit) ---
[07-28 07:23:48] --- TRAIN vòng 6: 16400 step ---
