  ...1,000,000 (train 999,724 / dev 276)
  ...2,000,000 (train 1,999,432 / dev 568)
  ...3,000,000 (train 2,999,136 / dev 864)
  ...4,000,000 (train 3,998,851 / dev 1,149)
  ...5,000,000 (train 4,998,569 / dev 1,431)
  ...6,000,000 (train 5,998,288 / dev 1,712)
  ...7,000,000 (train 6,998,009 / dev 1,991)
  ...8,000,000 (train 7,997,704 / dev 2,296)
  ...9,000,000 (train 8,997,389 / dev 2,611)
  ...10,000,000 (train 9,997,087 / dev 2,913)
  ...11,000,000 (train 10,996,807 / dev 3,193)
  ...12,000,000 (train 11,996,499 / dev 3,501)
  ...13,000,000 (train 12,996,219 / dev 3,781)

XONG: train 13,140,884 | dev 3,822 -> D:\Bit-Translate-data\clean_v5
specials: BOS=2 EOS=3 VIE=4 | D:\Bit-Translate-data\clean_v5 -> D:\Bit-Translate-data\bin_v5
[dev] 3,822 cặp, ja->vi only, streaming tokenize...
  [dev] 3,822/3,822 | 189,722 tokens
[dev] GHI 3,813 seq (189,722 token), bỏ 9 câu >256. mean len 49.8
[train] 13,140,884 cặp, ja->vi only, streaming tokenize...
  [train] 100,000/13,140,884 | 3,886,757 tokens
  [train] 200,000/13,140,884 | 7,788,409 tokens
  [train] 300,000/13,140,884 | 11,701,917 tokens
  [train] 400,000/13,140,884 | 15,590,243 tokens
  [train] 500,000/13,140,884 | 19,475,253 tokens
  [train] 600,000/13,140,884 | 23,388,787 tokens
  [train] 700,000/13,140,884 | 27,297,647 tokens
  [train] 800,000/13,140,884 | 31,200,517 tokens
  [train] 900,000/13,140,884 | 35,100,606 tokens
  [train] 1,000,000/13,140,884 | 39,005,986 tokens
  [train] 1,100,000/13,140,884 | 42,913,124 tokens
  [train] 1,200,000/13,140,884 | 46,813,410 tokens
  [train] 1,300,000/13,140,884 | 50,717,953 tokens
  [train] 1,400,000/13,140,884 | 54,620,661 tokens
  [train] 1,500,000/13,140,884 | 58,508,825 tokens
  [train] 1,600,000/13,140,884 | 62,418,177 tokens
  [train] 1,700,000/13,140,884 | 66,329,045 tokens
  [train] 1,800,000/13,140,884 | 70,236,331 tokens
  [train] 1,900,000/13,140,884 | 74,140,338 tokens
  [train] 2,000,000/13,140,884 | 78,053,080 tokens
  [train] 2,100,000/13,140,884 | 81,943,665 tokens
  [train] 2,200,000/13,140,884 | 85,838,174 tokens
  [train] 2,300,000/13,140,884 | 89,749,707 tokens
  [train] 2,400,000/13,140,884 | 93,634,914 tokens
  [train] 2,500,000/13,140,884 | 97,550,510 tokens
  [train] 2,600,000/13,140,884 | 101,431,322 tokens
  [train] 2,700,000/13,140,884 | 105,341,381 tokens
  [train] 2,800,000/13,140,884 | 109,238,310 tokens
  [train] 2,900,000/13,140,884 | 113,138,169 tokens
  [train] 3,000,000/13,140,884 | 117,041,799 tokens
  [train] 3,100,000/13,140,884 | 120,929,913 tokens
  [train] 3,200,000/13,140,884 | 124,826,073 tokens
  [train] 3,300,000/13,140,884 | 128,740,862 tokens
  [train] 3,400,000/13,140,884 | 132,640,033 tokens
  [train] 3,500,000/13,140,884 | 136,541,217 tokens
  [train] 3,600,000/13,140,884 | 140,436,047 tokens
  [train] 3,700,000/13,140,884 | 144,334,832 tokens
  [train] 3,800,000/13,140,884 | 148,213,689 tokens
  [train] 3,900,000/13,140,884 | 152,109,097 tokens
  [train] 4,000,000/13,140,884 | 156,028,202 tokens
  [train] 4,100,000/13,140,884 | 159,938,259 tokens
  [train] 4,200,000/13,140,884 | 163,842,612 tokens
  [train] 4,300,000/13,140,884 | 167,746,915 tokens
  [train] 4,400,000/13,140,884 | 171,678,700 tokens
  [train] 4,500,000/13,140,884 | 175,596,704 tokens
  [train] 4,600,000/13,140,884 | 179,508,404 tokens
  [train] 4,700,000/13,140,884 | 183,422,518 tokens
  [train] 4,800,000/13,140,884 | 187,334,791 tokens
  [train] 4,900,000/13,140,884 | 191,251,447 tokens
  [train] 5,000,000/13,140,884 | 195,160,829 tokens
  [train] 5,100,000/13,140,884 | 199,070,392 tokens
  [train] 5,200,000/13,140,884 | 202,996,301 tokens
  [train] 5,300,000/13,140,884 | 206,905,695 tokens
  [train] 5,400,000/13,140,884 | 210,827,967 tokens
  [train] 5,500,000/13,140,884 | 214,741,249 tokens
  [train] 5,600,000/13,140,884 | 218,647,425 tokens
  [train] 5,700,000/13,140,884 | 222,558,921 tokens
  [train] 5,800,000/13,140,884 | 226,489,010 tokens
  [train] 5,900,000/13,140,884 | 230,418,626 tokens
  [train] 6,000,000/13,140,884 | 234,327,723 tokens
  [train] 6,100,000/13,140,884 | 238,255,622 tokens
  [train] 6,200,000/13,140,884 | 242,176,044 tokens
  [train] 6,300,000/13,140,884 | 246,074,566 tokens
  [train] 6,400,000/13,140,884 | 249,995,568 tokens
  [train] 6,500,000/13,140,884 | 253,921,895 tokens
  [train] 6,600,000/13,140,884 | 257,841,214 tokens
  [train] 6,700,000/13,140,884 | 261,768,190 tokens
  [train] 6,800,000/13,140,884 | 265,700,890 tokens
  [train] 6,900,000/13,140,884 | 269,612,015 tokens
  [train] 7,000,000/13,140,884 | 273,528,320 tokens
  [train] 7,100,000/13,140,884 | 277,455,968 tokens
  [train] 7,200,000/13,140,884 | 281,385,899 tokens
  [train] 7,300,000/13,140,884 | 285,317,719 tokens
  [train] 7,400,000/13,140,884 | 289,255,621 tokens
  [train] 7,500,000/13,140,884 | 293,182,602 tokens
  [train] 7,600,000/13,140,884 | 297,124,686 tokens
  [train] 7,700,000/13,140,884 | 301,050,413 tokens
  [train] 7,800,000/13,140,884 | 304,984,455 tokens
  [train] 7,900,000/13,140,884 | 308,910,678 tokens
  [train] 8,000,000/13,140,884 | 312,850,819 tokens
  [train] 8,100,000/13,140,884 | 316,793,336 tokens
  [train] 8,200,000/13,140,884 | 320,720,449 tokens
  [train] 8,300,000/13,140,884 | 324,658,656 tokens
  [train] 8,400,000/13,140,884 | 328,584,653 tokens
  [train] 8,500,000/13,140,884 | 332,526,277 tokens
  [train] 8,600,000/13,140,884 | 336,466,542 tokens
  [train] 8,700,000/13,140,884 | 340,419,106 tokens
  [train] 8,800,000/13,140,884 | 344,343,955 tokens
  [train] 8,900,000/13,140,884 | 348,274,901 tokens
  [train] 9,000,000/13,140,884 | 352,203,145 tokens
  [train] 9,100,000/13,140,884 | 356,125,724 tokens
  [train] 9,200,000/13,140,884 | 360,062,900 tokens
  [train] 9,300,000/13,140,884 | 364,016,012 tokens
  [train] 9,400,000/13,140,884 | 367,957,368 tokens
  [train] 9,500,000/13,140,884 | 371,898,918 tokens
  [train] 9,600,000/13,140,884 | 375,829,068 tokens
  [train] 9,700,000/13,140,884 | 379,784,233 tokens
  [train] 9,800,000/13,140,884 | 383,721,940 tokens
  [train] 9,900,000/13,140,884 | 387,669,102 tokens
  [train] 10,000,000/13,140,884 | 391,618,413 tokens
  [train] 10,100,000/13,140,884 | 395,568,364 tokens
  [train] 10,200,000/13,140,884 | 399,508,309 tokens
  [train] 10,300,000/13,140,884 | 403,445,510 tokens
  [train] 10,400,000/13,140,884 | 407,393,064 tokens
  [train] 10,500,000/13,140,884 | 411,354,152 tokens
  [train] 10,600,000/13,140,884 | 426,023,801 tokens
  [train] 10,700,000/13,140,884 | 437,213,997 tokens
  [train] 10,800,000/13,140,884 | 447,282,304 tokens
  [train] 10,900,000/13,140,884 | 456,912,311 tokens
  [train] 11,000,000/13,140,884 | 466,535,036 tokens
  [train] 11,100,000/13,140,884 | 476,159,255 tokens
  [train] 11,200,000/13,140,884 | 485,757,182 tokens
  [train] 11,300,000/13,140,884 | 495,381,826 tokens
  [train] 11,400,000/13,140,884 | 505,021,054 tokens
  [train] 11,500,000/13,140,884 | 514,643,690 tokens
  [train] 11,600,000/13,140,884 | 524,241,761 tokens
  [train] 11,700,000/13,140,884 | 533,880,827 tokens
  [train] 11,800,000/13,140,884 | 543,514,545 tokens
  [train] 11,900,000/13,140,884 | 553,158,291 tokens
  [train] 12,000,000/13,140,884 | 562,801,228 tokens
  [train] 12,100,000/13,140,884 | 572,433,942 tokens
  [train] 12,200,000/13,140,884 | 582,074,113 tokens
  [train] 12,300,000/13,140,884 | 591,692,263 tokens
  [train] 12,400,000/13,140,884 | 601,316,057 tokens
  [train] 12,500,000/13,140,884 | 610,930,840 tokens
  [train] 12,600,000/13,140,884 | 620,563,710 tokens
  [train] 12,700,000/13,140,884 | 630,183,490 tokens
  [train] 12,800,000/13,140,884 | 639,807,434 tokens
  [train] 12,900,000/13,140,884 | 650,131,771 tokens
  [train] 13,000,000/13,140,884 | 661,951,102 tokens
  [train] 13,100,000/13,140,884 | 665,490,631 tokens
  [train] 13,140,884/13,140,884 | 666,936,121 tokens
[train] GHI 13,122,527 seq (666,936,121 token), bỏ 18,357 câu >256. mean len 50.8

done -> D:\Bit-Translate-data\bin_v5/ | tổng: 13,126,340 seq, 667,125,843 token
