  ...1,000,000 (train 999,724 / dev 276)
  ...2,000,000 (train 1,999,432 / dev 568)
  ...3,000,000 (train 2,999,136 / dev 864)
  ...4,000,000 (train 3,998,851 / dev 1,149)
  ...5,000,000 (train 4,998,569 / dev 1,431)
  ...6,000,000 (train 5,998,288 / dev 1,712)
  ...7,000,000 (train 6,998,009 / dev 1,991)
  ...8,000,000 (train 7,997,704 / dev 2,296)
  ...9,000,000 (train 8,997,389 / dev 2,611)
  ...10,000,000 (train 9,997,087 / dev 2,913)
  ...11,000,000 (train 10,996,809 / dev 3,191)
  ...12,000,000 (train 11,996,552 / dev 3,448)

XONG: train 12,574,336 | dev 3,619 -> D:\Bit-Translate-data\clean_v4
specials: BOS=2 EOS=3 VIE=4 | D:\Bit-Translate-data\clean_v4 -> D:\Bit-Translate-data\bin_v4
[dev] 3,619 cặp, ja->vi only, streaming tokenize...
  [dev] 3,619/3,619 | 136,950 tokens
[dev] GHI 3,612 seq (136,950 token), bỏ 7 câu >256. mean len 37.9
[train] 12,574,336 cặp, ja->vi only, streaming tokenize...
  [train] 100,000/12,574,336 | 3,886,743 tokens
  [train] 200,000/12,574,336 | 7,788,418 tokens
  [train] 300,000/12,574,336 | 11,701,977 tokens
  [train] 400,000/12,574,336 | 15,590,240 tokens
  [train] 500,000/12,574,336 | 19,475,318 tokens
  [train] 600,000/12,574,336 | 23,388,877 tokens
  [train] 700,000/12,574,336 | 27,297,792 tokens
  [train] 800,000/12,574,336 | 31,200,763 tokens
  [train] 900,000/12,574,336 | 35,100,657 tokens
  [train] 1,000,000/12,574,336 | 39,006,077 tokens
  [train] 1,100,000/12,574,336 | 42,913,375 tokens
  [train] 1,200,000/12,574,336 | 46,813,707 tokens
  [train] 1,300,000/12,574,336 | 50,718,452 tokens
  [train] 1,400,000/12,574,336 | 54,621,042 tokens
  [train] 1,500,000/12,574,336 | 58,509,125 tokens
  [train] 1,600,000/12,574,336 | 62,418,541 tokens
  [train] 1,700,000/12,574,336 | 66,329,375 tokens
  [train] 1,800,000/12,574,336 | 70,236,716 tokens
  [train] 1,900,000/12,574,336 | 74,140,849 tokens
  [train] 2,000,000/12,574,336 | 78,053,618 tokens
  [train] 2,100,000/12,574,336 | 81,944,161 tokens
  [train] 2,200,000/12,574,336 | 85,838,878 tokens
  [train] 2,300,000/12,574,336 | 89,750,952 tokens
  [train] 2,400,000/12,574,336 | 93,635,466 tokens
  [train] 2,500,000/12,574,336 | 97,551,175 tokens
  [train] 2,600,000/12,574,336 | 101,432,114 tokens
  [train] 2,700,000/12,574,336 | 105,342,163 tokens
  [train] 2,800,000/12,574,336 | 109,239,058 tokens
  [train] 2,900,000/12,574,336 | 113,138,888 tokens
  [train] 3,000,000/12,574,336 | 117,043,183 tokens
  [train] 3,100,000/12,574,336 | 120,931,223 tokens
  [train] 3,200,000/12,574,336 | 124,826,952 tokens
  [train] 3,300,000/12,574,336 | 128,741,904 tokens
  [train] 3,400,000/12,574,336 | 132,641,314 tokens
  [train] 3,500,000/12,574,336 | 136,542,526 tokens
  [train] 3,600,000/12,574,336 | 140,436,873 tokens
  [train] 3,700,000/12,574,336 | 144,336,309 tokens
  [train] 3,800,000/12,574,336 | 148,214,898 tokens
  [train] 3,900,000/12,574,336 | 152,110,594 tokens
  [train] 4,000,000/12,574,336 | 156,029,303 tokens
  [train] 4,100,000/12,574,336 | 159,939,303 tokens
  [train] 4,200,000/12,574,336 | 163,843,590 tokens
  [train] 4,300,000/12,574,336 | 167,747,749 tokens
  [train] 4,400,000/12,574,336 | 171,679,826 tokens
  [train] 4,500,000/12,574,336 | 175,598,255 tokens
  [train] 4,600,000/12,574,336 | 179,509,603 tokens
  [train] 4,700,000/12,574,336 | 183,423,776 tokens
  [train] 4,800,000/12,574,336 | 187,336,058 tokens
  [train] 4,900,000/12,574,336 | 191,252,479 tokens
  [train] 5,000,000/12,574,336 | 195,161,907 tokens
  [train] 5,100,000/12,574,336 | 199,072,369 tokens
  [train] 5,200,000/12,574,336 | 202,998,078 tokens
  [train] 5,300,000/12,574,336 | 206,907,145 tokens
  [train] 5,400,000/12,574,336 | 210,829,877 tokens
  [train] 5,500,000/12,574,336 | 214,742,604 tokens
  [train] 5,600,000/12,574,336 | 218,649,427 tokens
  [train] 5,700,000/12,574,336 | 222,560,357 tokens
  [train] 5,800,000/12,574,336 | 226,490,414 tokens
  [train] 5,900,000/12,574,336 | 230,420,325 tokens
  [train] 6,000,000/12,574,336 | 234,329,475 tokens
  [train] 6,100,000/12,574,336 | 238,257,440 tokens
  [train] 6,200,000/12,574,336 | 242,178,223 tokens
  [train] 6,300,000/12,574,336 | 246,076,553 tokens
  [train] 6,400,000/12,574,336 | 249,997,838 tokens
  [train] 6,500,000/12,574,336 | 253,923,892 tokens
  [train] 6,600,000/12,574,336 | 257,842,958 tokens
  [train] 6,700,000/12,574,336 | 261,770,152 tokens
  [train] 6,800,000/12,574,336 | 265,702,988 tokens
  [train] 6,900,000/12,574,336 | 269,613,865 tokens
  [train] 7,000,000/12,574,336 | 273,530,163 tokens
  [train] 7,100,000/12,574,336 | 277,458,005 tokens
  [train] 7,200,000/12,574,336 | 281,387,879 tokens
  [train] 7,300,000/12,574,336 | 285,320,396 tokens
  [train] 7,400,000/12,574,336 | 289,258,165 tokens
  [train] 7,500,000/12,574,336 | 293,184,900 tokens
  [train] 7,600,000/12,574,336 | 297,127,222 tokens
  [train] 7,700,000/12,574,336 | 301,052,390 tokens
  [train] 7,800,000/12,574,336 | 304,986,781 tokens
  [train] 7,900,000/12,574,336 | 308,912,939 tokens
  [train] 8,000,000/12,574,336 | 312,853,276 tokens
  [train] 8,100,000/12,574,336 | 316,795,630 tokens
  [train] 8,200,000/12,574,336 | 320,722,825 tokens
  [train] 8,300,000/12,574,336 | 324,661,352 tokens
  [train] 8,400,000/12,574,336 | 328,587,153 tokens
  [train] 8,500,000/12,574,336 | 332,528,813 tokens
  [train] 8,600,000/12,574,336 | 336,469,069 tokens
  [train] 8,700,000/12,574,336 | 340,422,263 tokens
  [train] 8,800,000/12,574,336 | 344,346,513 tokens
  [train] 8,900,000/12,574,336 | 348,277,645 tokens
  [train] 9,000,000/12,574,336 | 352,206,144 tokens
  [train] 9,100,000/12,574,336 | 356,128,200 tokens
  [train] 9,200,000/12,574,336 | 360,065,233 tokens
  [train] 9,300,000/12,574,336 | 364,019,423 tokens
  [train] 9,400,000/12,574,336 | 367,959,750 tokens
  [train] 9,500,000/12,574,336 | 371,901,384 tokens
  [train] 9,600,000/12,574,336 | 375,831,277 tokens
  [train] 9,700,000/12,574,336 | 379,786,851 tokens
  [train] 9,800,000/12,574,336 | 383,725,403 tokens
  [train] 9,900,000/12,574,336 | 387,671,932 tokens
  [train] 10,000,000/12,574,336 | 391,621,057 tokens
  [train] 10,100,000/12,574,336 | 395,571,541 tokens
  [train] 10,200,000/12,574,336 | 399,511,292 tokens
  [train] 10,300,000/12,574,336 | 403,448,446 tokens
  [train] 10,400,000/12,574,336 | 407,396,565 tokens
  [train] 10,500,000/12,574,336 | 411,356,924 tokens
  [train] 10,600,000/12,574,336 | 413,999,137 tokens
  [train] 10,700,000/12,574,336 | 416,316,644 tokens
  [train] 10,800,000/12,574,336 | 418,564,609 tokens
  [train] 10,900,000/12,574,336 | 420,806,744 tokens
  [train] 11,000,000/12,574,336 | 423,047,459 tokens
  [train] 11,100,000/12,574,336 | 425,278,425 tokens
  [train] 11,200,000/12,574,336 | 427,472,522 tokens
  [train] 11,300,000/12,574,336 | 429,671,467 tokens
  [train] 11,400,000/12,574,336 | 431,948,015 tokens
  [train] 11,500,000/12,574,336 | 435,080,658 tokens
  [train] 11,600,000/12,574,336 | 438,739,287 tokens
  [train] 11,700,000/12,574,336 | 442,079,042 tokens
  [train] 11,800,000/12,574,336 | 446,895,070 tokens
  [train] 11,900,000/12,574,336 | 450,607,166 tokens
  [train] 12,000,000/12,574,336 | 454,868,122 tokens
  [train] 12,100,000/12,574,336 | 458,415,148 tokens
  [train] 12,200,000/12,574,336 | 461,901,112 tokens
  [train] 12,300,000/12,574,336 | 465,402,836 tokens
  [train] 12,400,000/12,574,336 | 468,965,617 tokens
  [train] 12,500,000/12,574,336 | 472,419,404 tokens
  [train] 12,574,336/12,574,336 | 475,036,430 tokens
[train] GHI 12,562,144 seq (475,036,430 token), bỏ 12,192 câu >256. mean len 37.8

done -> D:\Bit-Translate-data\bin_v4/ | tổng: 12,565,756 seq, 475,173,380 token
