✓ Initialized. View run at 
https://modal.com/apps/trituenguyen97/main/ap-5uTPEq7PMrYbgtJ4ojknmZ
Building image im-BgxCmsFK0IBCccTPZYoTj6

=> Step 0: FROM base

=> Step 1: RUN python -m pip install 'numpy<2' sacrebleu sentencepiece torch
Looking in indexes: http://pypi-mirror.modal.local:5555/simple
Collecting numpy<2
  Downloading http://pypi-mirror.modal.local:5555/simple/numpy/numpy-1.26.4-cp311-cp311-manylinux_2_17_x86_64.manylinux2014_x86_64.whl.metadata (61 kB)
Collecting sacrebleu
  Downloading http://pypi-mirror.modal.local:5555/simple/sacrebleu/sacrebleu-2.6.0-py3-none-any.whl.metadata (39 kB)
Collecting sentencepiece
  Downloading http://pypi-mirror.modal.local:5555/simple/sentencepiece/sentencepiece-0.2.2-cp311-cp311-manylinux_2_27_x86_64.manylinux_2_28_x86_64.whl.metadata (33 kB)
Collecting torch
  Downloading http://pypi-mirror.modal.local:5555/simple/torch/torch-2.13.0-cp311-cp311-manylinux_2_28_x86_64.whl.metadata (38 kB)
Collecting portalocker (from sacrebleu)
  Downloading http://pypi-mirror.modal.local:5555/simple/portalocker/portalocker-3.2.0-py3-none-any.whl.metadata (8.7 kB)
Collecting regex (from sacrebleu)
  Downloading http://pypi-mirror.modal.local:5555/simple/regex/regex-2026.7.19-cp311-cp311-manylinux2014_x86_64.manylinux_2_17_x86_64.manylinux_2_28_x86_64.whl.metadata (40 kB)
Collecting tabulate>=0.8.9 (from sacrebleu)
  Downloading http://pypi-mirror.modal.local:5555/simple/tabulate/tabulate-0.10.0-py3-none-any.whl.metadata (40 kB)
Collecting colorama (from sacrebleu)
  Downloading http://pypi-mirror.modal.local:5555/simple/colorama/colorama-0.4.6-py2.py3-none-any.whl.metadata (17 kB)
Collecting lxml (from sacrebleu)
  Downloading http://pypi-mirror.modal.local:5555/simple/lxml/lxml-6.1.1-cp311-cp311-manylinux_2_26_x86_64.manylinux_2_28_x86_64.whl.metadata (3.5 kB)
Collecting filelock (from torch)
  Downloading http://pypi-mirror.modal.local:5555/simple/filelock/filelock-3.32.0-py3-none-any.whl.metadata (2.0 kB)
Collecting typing-extensions>=4.10.0 (from torch)
  Downloading http://pypi-mirror.modal.local:5555/simple/typing-extensions/typing_extensions-4.16.0-py3-none-any.whl.metadata (3.3 kB)
Collecting setuptools>=77.0.3 (from torch)
  Downloading http://pypi-mirror.modal.local:5555/simple/setuptools/setuptools-83.0.0-py3-none-any.whl.metadata (6.6 kB)
Collecting sympy>=1.13.3 (from torch)
  Downloading http://pypi-mirror.modal.local:5555/simple/sympy/sympy-1.14.0-py3-none-any.whl.metadata (12 kB)
Collecting networkx>=2.5.1 (from torch)
  Downloading http://pypi-mirror.modal.local:5555/simple/networkx/networkx-3.6.1-py3-none-any.whl.metadata (6.8 kB)
Collecting jinja2 (from torch)
  Downloading http://pypi-mirror.modal.local:5555/simple/jinja2/jinja2-3.1.6-py3-none-any.whl.metadata (2.9 kB)
Collecting fsspec>=0.8.5 (from torch)
  Downloading http://pypi-mirror.modal.local:5555/simple/fsspec/fsspec-2026.7.0-py3-none-any.whl.metadata (10 kB)
Collecting cuda-toolkit==13.0.3 (from cuda-toolkit[cublas,cudart,cufft,cufile,cupti,curand,cusolver,cusparse,nvjitlink,nvrtc,nvtx]==13.0.3; platform_system == "Linux"->torch)
  Downloading http://pypi-mirror.modal.local:5555/simple/cuda-toolkit/cuda_toolkit-13.0.3.0-py2.py3-none-any.whl.metadata (17 kB)
Collecting cuda-bindings<14,>=13.0.3 (from torch)
  Downloading http://pypi-mirror.modal.local:5555/simple/cuda-bindings/cuda_bindings-13.3.1-cp311-cp311-manylinux_2_24_x86_64.manylinux_2_28_x86_64.whl.metadata (2.5 kB)
Collecting nvidia-cudnn-cu13==9.20.0.48 (from torch)
  Downloading http://pypi-mirror.modal.local:5555/simple/nvidia-cudnn-cu13/nvidia_cudnn_cu13-9.20.0.48-py3-none-manylinux_2_27_x86_64.whl.metadata (1.9 kB)
Collecting nvidia-cusparselt-cu13==0.8.1 (from torch)
  Downloading http://pypi-mirror.modal.local:5555/simple/nvidia-cusparselt-cu13/nvidia_cusparselt_cu13-0.8.1-py3-none-manylinux2014_x86_64.whl.metadata (12 kB)
Collecting nvidia-nccl-cu13==2.29.7 (from torch)
  Downloading http://pypi-mirror.modal.local:5555/simple/nvidia-nccl-cu13/nvidia_nccl_cu13-2.29.7-py3-none-manylinux_2_18_x86_64.whl.metadata (2.1 kB)
Collecting nvidia-nvshmem-cu13==3.4.5 (from torch)
  Downloading http://pypi-mirror.modal.local:5555/simple/nvidia-nvshmem-cu13/nvidia_nvshmem_cu13-3.4.5-py3-none-manylinux2014_x86_64.manylinux_2_17_x86_64.whl.metadata (2.1 kB)
Collecting triton==3.7.1 (from torch)
  Downloading http://pypi-mirror.modal.local:5555/simple/triton/triton-3.7.1-cp311-cp311-manylinux_2_27_x86_64.manylinux_2_28_x86_64.whl.metadata (1.7 kB)
Collecting nvidia-cublas==13.1.1.3.* (from cuda-toolkit[cublas,cudart,cufft,cufile,cupti,curand,cusolver,cusparse,nvjitlink,nvrtc,nvtx]==13.0.3; platform_system == "Linux"->torch)
  Downloading http://pypi-mirror.modal.local:5555/simple/nvidia-cublas/nvidia_cublas-13.1.1.3-py3-none-manylinux_2_27_x86_64.whl.metadata (1.8 kB)
Collecting nvidia-cuda-nvrtc==13.0.88.* (from cuda-toolkit[cublas,cudart,cufft,cufile,cupti,curand,cusolver,cusparse,nvjitlink,nvrtc,nvtx]==13.0.3; platform_system == "Linux"->torch)
  Downloading http://pypi-mirror.modal.local:5555/simple/nvidia-cuda-nvrtc/nvidia_cuda_nvrtc-13.0.88-py3-none-manylinux2010_x86_64.manylinux_2_12_x86_64.whl.metadata (1.7 kB)
Collecting nvidia-cuda-runtime==13.0.96.* (from cuda-toolkit[cublas,cudart,cufft,cufile,cupti,curand,cusolver,cusparse,nvjitlink,nvrtc,nvtx]==13.0.3; platform_system == "Linux"->torch)
  Downloading http://pypi-mirror.modal.local:5555/simple/nvidia-cuda-runtime/nvidia_cuda_runtime-13.0.96-py3-none-manylinux2014_x86_64.manylinux_2_17_x86_64.whl.metadata (1.7 kB)
Collecting nvidia-cufft==12.0.0.61.* (from cuda-toolkit[cublas,cudart,cufft,cufile,cupti,curand,cusolver,cusparse,nvjitlink,nvrtc,nvtx]==13.0.3; platform_system == "Linux"->torch)
  Downloading http://pypi-mirror.modal.local:5555/simple/nvidia-cufft/nvidia_cufft-12.0.0.61-py3-none-manylinux2014_x86_64.manylinux_2_17_x86_64.whl.metadata (1.8 kB)
Collecting nvidia-nvjitlink<14,>=13.0.88 (from cuda-toolkit[cublas,cudart,cufft,cufile,cupti,curand,cusolver,cusparse,nvjitlink,nvrtc,nvtx]==13.0.3; platform_system == "Linux"->torch)
  Downloading http://pypi-mirror.modal.local:5555/simple/nvidia-nvjitlink/nvidia_nvjitlink-13.3.33-py3-none-manylinux2010_x86_64.manylinux_2_12_x86_64.whl.metadata (1.8 kB)
Collecting nvidia-cufile==1.15.1.6.* (from cuda-toolkit[cublas,cudart,cufft,cufile,cupti,curand,cusolver,cusparse,nvjitlink,nvrtc,nvtx]==13.0.3; platform_system == "Linux"->torch)
  Downloading http://pypi-mirror.modal.local:5555/simple/nvidia-cufile/nvidia_cufile-1.15.1.6-py3-none-manylinux2014_x86_64.manylinux_2_17_x86_64.whl.metadata (1.7 kB)
Collecting nvidia-cuda-cupti==13.0.85.* (from cuda-toolkit[cublas,cudart,cufft,cufile,cupti,curand,cusolver,cusparse,nvjitlink,nvrtc,nvtx]==13.0.3; platform_system == "Linux"->torch)
  Downloading http://pypi-mirror.modal.local:5555/simple/nvidia-cuda-cupti/nvidia_cuda_cupti-13.0.85-py3-none-manylinux_2_25_x86_64.whl.metadata (1.7 kB)
Collecting nvidia-curand==10.4.0.35.* (from cuda-toolkit[cublas,cudart,cufft,cufile,cupti,curand,cusolver,cusparse,nvjitlink,nvrtc,nvtx]==13.0.3; platform_system == "Linux"->torch)
  Downloading http://pypi-mirror.modal.local:5555/simple/nvidia-curand/nvidia_curand-10.4.0.35-py3-none-manylinux_2_27_x86_64.whl.metadata (1.7 kB)
Collecting nvidia-cusolver==12.0.4.66.* (from cuda-toolkit[cublas,cudart,cufft,cufile,cupti,curand,cusolver,cusparse,nvjitlink,nvrtc,nvtx]==13.0.3; platform_system == "Linux"->torch)
  Downloading http://pypi-mirror.modal.local:5555/simple/nvidia-cusolver/nvidia_cusolver-12.0.4.66-py3-none-manylinux_2_27_x86_64.whl.metadata (1.8 kB)
Collecting nvidia-cusparse==12.6.3.3.* (from cuda-toolkit[cublas,cudart,cufft,cufile,cupti,curand,cusolver,cusparse,nvjitlink,nvrtc,nvtx]==13.0.3; platform_system == "Linux"->torch)
  Downloading http://pypi-mirror.modal.local:5555/simple/nvidia-cusparse/nvidia_cusparse-12.6.3.3-py3-none-manylinux2014_x86_64.manylinux_2_17_x86_64.whl.metadata (1.8 kB)
Collecting nvidia-nvtx==13.0.85.* (from cuda-toolkit[cublas,cudart,cufft,cufile,cupti,curand,cusolver,cusparse,nvjitlink,nvrtc,nvtx]==13.0.3; platform_system == "Linux"->torch)
  Downloading http://pypi-mirror.modal.local:5555/simple/nvidia-nvtx/nvidia_nvtx-13.0.85-py3-none-manylinux1_x86_64.manylinux_2_5_x86_64.whl.metadata (1.8 kB)
Collecting cuda-pathfinder>=1.4.2 (from cuda-bindings<14,>=13.0.3->torch)
  Downloading http://pypi-mirror.modal.local:5555/simple/cuda-pathfinder/cuda_pathfinder-1.6.0-py3-none-any.whl.metadata (1.9 kB)
Collecting mpmath<1.4,>=1.1.0 (from sympy>=1.13.3->torch)
  Downloading http://pypi-mirror.modal.local:5555/simple/mpmath/mpmath-1.3.0-py3-none-any.whl.metadata (8.6 kB)
Collecting MarkupSafe>=2.0 (from jinja2->torch)
  Downloading http://pypi-mirror.modal.local:5555/simple/markupsafe/markupsafe-3.0.3-cp311-cp311-manylinux2014_x86_64.manylinux_2_17_x86_64.manylinux_2_28_x86_64.whl.metadata (2.7 kB)
Downloading http://pypi-mirror.modal.local:5555/simple/numpy/numpy-1.26.4-cp311-cp311-manylinux_2_17_x86_64.manylinux2014_x86_64.whl (18.3 MB)
   ━━━━━━━━━━━━━━━━━━━━━━━━━━━━━━━━━━━━━━━━ 18.3/18.3 MB 232.0 MB/s  0:00:00
Downloading http://pypi-mirror.modal.local:5555/simple/sacrebleu/sacrebleu-2.6.0-py3-none-any.whl (100 kB)
Downloading http://pypi-mirror.modal.local:5555/simple/sentencepiece/sentencepiece-0.2.2-cp311-cp311-manylinux_2_27_x86_64.manylinux_2_28_x86_64.whl (1.4 MB)
   ━━━━━━━━━━━━━━━━━━━━━━━━━━━━━━━━━━━━━━━━ 1.4/1.4 MB 142.8 MB/s  0:00:00
Downloading http://pypi-mirror.modal.local:5555/simple/torch/torch-2.13.0-cp311-cp311-manylinux_2_28_x86_64.whl (526.6 MB)
   ━━━━━━━━━━━━━━━━━━━━━━━━━━━━━━━━━━━━━━━━ 526.6/526.6 MB 101.1 MB/s  0:00:04
Downloading http://pypi-mirror.modal.local:5555/simple/cuda-toolkit/cuda_toolkit-13.0.3.0-py2.py3-none-any.whl (2.5 kB)
Downloading http://pypi-mirror.modal.local:5555/simple/nvidia-cudnn-cu13/nvidia_cudnn_cu13-9.20.0.48-py3-none-manylinux_2_27_x86_64.whl (366.2 MB)
   ━━━━━━━━━━━━━━━━━━━━━━━━━━━━━━━━━━━━━━━━ 366.2/366.2 MB 196.8 MB/s  0:00:01
Downloading http://pypi-mirror.modal.local:5555/simple/nvidia-cusparselt-cu13/nvidia_cusparselt_cu13-0.8.1-py3-none-manylinux2014_x86_64.whl (170.1 MB)
   ━━━━━━━━━━━━━━━━━━━━━━━━━━━━━━━━━━━━━━━━ 170.1/170.1 MB 219.5 MB/s  0:00:00
Downloading http://pypi-mirror.modal.local:5555/simple/nvidia-nccl-cu13/nvidia_nccl_cu13-2.29.7-py3-none-manylinux_2_18_x86_64.whl (206.0 MB)
   ━━━━━━━━━━━━━━━━━━━━━━━━━━━━━━━━━━━━━━━━ 206.0/206.0 MB 232.5 MB/s  0:00:00
Downloading http://pypi-mirror.modal.local:5555/simple/nvidia-nvshmem-cu13/nvidia_nvshmem_cu13-3.4.5-py3-none-manylinux2014_x86_64.manylinux_2_17_x86_64.whl (60.4 MB)
   ━━━━━━━━━━━━━━━━━━━━━━━━━━━━━━━━━━━━━━━━ 60.4/60.4 MB 242.9 MB/s  0:00:00
Downloading http://pypi-mirror.modal.local:5555/simple/triton/triton-3.7.1-cp311-cp311-manylinux_2_27_x86_64.manylinux_2_28_x86_64.whl (197.7 MB)
   ━━━━━━━━━━━━━━━━━━━━━━━━━━━━━━━━━━━━━━━━ 197.7/197.7 MB 132.8 MB/s  0:00:01
Downloading http://pypi-mirror.modal.local:5555/simple/cuda-bindings/cuda_bindings-13.3.1-cp311-cp311-manylinux_2_24_x86_64.manylinux_2_28_x86_64.whl (6.7 MB)
   ━━━━━━━━━━━━━━━━━━━━━━━━━━━━━━━━━━━━━━━━ 6.7/6.7 MB 175.2 MB/s  0:00:00
Downloading http://pypi-mirror.modal.local:5555/simple/nvidia-cublas/nvidia_cublas-13.1.1.3-py3-none-manylinux_2_27_x86_64.whl (423.1 MB)
   ━━━━━━━━━━━━━━━━━━━━━━━━━━━━━━━━━━━━━━━━ 423.1/423.1 MB 212.6 MB/s  0:00:01
Downloading http://pypi-mirror.modal.local:5555/simple/nvidia-cuda-cupti/nvidia_cuda_cupti-13.0.85-py3-none-manylinux_2_25_x86_64.whl (10.7 MB)
   ━━━━━━━━━━━━━━━━━━━━━━━━━━━━━━━━━━━━━━━━ 10.7/10.7 MB 207.7 MB/s  0:00:00
Downloading http://pypi-mirror.modal.local:5555/simple/nvidia-cuda-nvrtc/nvidia_cuda_nvrtc-13.0.88-py3-none-manylinux2010_x86_64.manylinux_2_12_x86_64.whl (90.2 MB)
   ━━━━━━━━━━━━━━━━━━━━━━━━━━━━━━━━━━━━━━━━ 90.2/90.2 MB 164.1 MB/s  0:00:00
Downloading http://pypi-mirror.modal.local:5555/simple/nvidia-cuda-runtime/nvidia_cuda_runtime-13.0.96-py3-none-manylinux2014_x86_64.manylinux_2_17_x86_64.whl (2.2 MB)
   ━━━━━━━━━━━━━━━━━━━━━━━━━━━━━━━━━━━━━━━━ 2.2/2.2 MB 232.1 MB/s  0:00:00
Downloading http://pypi-mirror.modal.local:5555/simple/nvidia-cufft/nvidia_cufft-12.0.0.61-py3-none-manylinux2014_x86_64.manylinux_2_17_x86_64.whl (214.1 MB)
   ━━━━━━━━━━━━━━━━━━━━━━━━━━━━━━━━━━━━━━━━ 214.1/214.1 MB 206.1 MB/s  0:00:01
Downloading http://pypi-mirror.modal.local:5555/simple/nvidia-cufile/nvidia_cufile-1.15.1.6-py3-none-manylinux2014_x86_64.manylinux_2_17_x86_64.whl (1.2 MB)
   ━━━━━━━━━━━━━━━━━━━━━━━━━━━━━━━━━━━━━━━━ 1.2/1.2 MB 204.6 MB/s  0:00:00
Downloading http://pypi-mirror.modal.local:5555/simple/nvidia-curand/nvidia_curand-10.4.0.35-py3-none-manylinux_2_27_x86_64.whl (59.5 MB)
   ━━━━━━━━━━━━━━━━━━━━━━━━━━━━━━━━━━━━━━━━ 59.5/59.5 MB 224.7 MB/s  0:00:00
Downloading http://pypi-mirror.modal.local:5555/simple/nvidia-cusolver/nvidia_cusolver-12.0.4.66-py3-none-manylinux_2_27_x86_64.whl (200.9 MB)
   ━━━━━━━━━━━━━━━━━━━━━━━━━━━━━━━━━━━━━━━━ 200.9/200.9 MB 238.1 MB/s  0:00:00
Downloading http://pypi-mirror.modal.local:5555/simple/nvidia-cusparse/nvidia_cusparse-12.6.3.3-py3-none-manylinux2014_x86_64.manylinux_2_17_x86_64.whl (145.9 MB)
   ━━━━━━━━━━━━━━━━━━━━━━━━━━━━━━━━━━━━━━━━ 145.9/145.9 MB 212.0 MB/s  0:00:00
Downloading http://pypi-mirror.modal.local:5555/simple/nvidia-nvjitlink/nvidia_nvjitlink-13.3.33-py3-none-manylinux2010_x86_64.manylinux_2_12_x86_64.whl (40.7 MB)
   ━━━━━━━━━━━━━━━━━━━━━━━━━━━━━━━━━━━━━━━━ 40.7/40.7 MB 215.0 MB/s  0:00:00
Downloading http://pypi-mirror.modal.local:5555/simple/nvidia-nvtx/nvidia_nvtx-13.0.85-py3-none-manylinux1_x86_64.manylinux_2_5_x86_64.whl (148 kB)
Downloading http://pypi-mirror.modal.local:5555/simple/cuda-pathfinder/cuda_pathfinder-1.6.0-py3-none-any.whl (54 kB)
Downloading http://pypi-mirror.modal.local:5555/simple/fsspec/fsspec-2026.7.0-py3-none-any.whl (206 kB)
Downloading http://pypi-mirror.modal.local:5555/simple/networkx/networkx-3.6.1-py3-none-any.whl (2.1 MB)
   ━━━━━━━━━━━━━━━━━━━━━━━━━━━━━━━━━━━━━━━━ 2.1/2.1 MB 269.0 MB/s  0:00:00
Downloading http://pypi-mirror.modal.local:5555/simple/setuptools/setuptools-83.0.0-py3-none-any.whl (1.0 MB)
   ━━━━━━━━━━━━━━━━━━━━━━━━━━━━━━━━━━━━━━━━ 1.0/1.0 MB 743.7 MB/s  0:00:00
Downloading http://pypi-mirror.modal.local:5555/simple/sympy/sympy-1.14.0-py3-none-any.whl (6.3 MB)
   ━━━━━━━━━━━━━━━━━━━━━━━━━━━━━━━━━━━━━━━━ 6.3/6.3 MB 149.8 MB/s  0:00:00
Downloading http://pypi-mirror.modal.local:5555/simple/mpmath/mpmath-1.3.0-py3-none-any.whl (536 kB)
   ━━━━━━━━━━━━━━━━━━━━━━━━━━━━━━━━━━━━━━━━ 536.2/536.2 kB 129.8 MB/s  0:00:00
Downloading http://pypi-mirror.modal.local:5555/simple/tabulate/tabulate-0.10.0-py3-none-any.whl (39 kB)
Downloading http://pypi-mirror.modal.local:5555/simple/typing-extensions/typing_extensions-4.16.0-py3-none-any.whl (45 kB)
Downloading http://pypi-mirror.modal.local:5555/simple/colorama/colorama-0.4.6-py2.py3-none-any.whl (25 kB)
Downloading http://pypi-mirror.modal.local:5555/simple/filelock/filelock-3.32.0-py3-none-any.whl (97 kB)
Downloading http://pypi-mirror.modal.local:5555/simple/jinja2/jinja2-3.1.6-py3-none-any.whl (134 kB)
Downloading http://pypi-mirror.modal.local:5555/simple/markupsafe/markupsafe-3.0.3-cp311-cp311-manylinux2014_x86_64.manylinux_2_17_x86_64.manylinux_2_28_x86_64.whl (22 kB)
Downloading http://pypi-mirror.modal.local:5555/simple/lxml/lxml-6.1.1-cp311-cp311-manylinux_2_26_x86_64.manylinux_2_28_x86_64.whl (5.2 MB)
   ━━━━━━━━━━━━━━━━━━━━━━━━━━━━━━━━━━━━━━━━ 5.2/5.2 MB 182.4 MB/s  0:00:00
Downloading http://pypi-mirror.modal.local:5555/simple/portalocker/portalocker-3.2.0-py3-none-any.whl (22 kB)
Downloading http://pypi-mirror.modal.local:5555/simple/regex/regex-2026.7.19-cp311-cp311-manylinux2014_x86_64.manylinux_2_17_x86_64.manylinux_2_28_x86_64.whl (801 kB)
   ━━━━━━━━━━━━━━━━━━━━━━━━━━━━━━━━━━━━━━━━ 801.4/801.4 kB 220.8 MB/s  0:00:00
Installing collected packages: nvidia-cusparselt-cu13, mpmath, cuda-toolkit, typing-extensions, triton, tabulate, sympy, setuptools, sentencepiece, regex, portalocker, nvidia-nvtx, nvidia-nvshmem-cu13, nvidia-nvjitlink, nvidia-nccl-cu13, nvidia-curand, nvidia-cufile, nvidia-cuda-runtime, nvidia-cuda-nvrtc, nvidia-cuda-cupti, numpy, networkx, MarkupSafe, lxml, fsspec, filelock, cuda-pathfinder, colorama, sacrebleu, nvidia-cusparse, nvidia-cufft, nvidia-cublas, jinja2, cuda-bindings, nvidia-cusolver, nvidia-cudnn-cu13, torch
  Attempting uninstall: setuptools
    Found existing installation: setuptools 65.5.1
    Uninstalling setuptools-65.5.1:
      Successfully uninstalled setuptools-65.5.1

Successfully installed MarkupSafe-3.0.3 colorama-0.4.6 cuda-bindings-13.3.1 cuda-pathfinder-1.6.0 cuda-toolkit-13.0.3.0 filelock-3.32.0 fsspec-2026.7.0 jinja2-3.1.6 lxml-6.1.1 mpmath-1.3.0 networkx-3.6.1 numpy-1.26.4 nvidia-cublas-13.1.1.3 nvidia-cuda-cupti-13.0.85 nvidia-cuda-nvrtc-13.0.88 nvidia-cuda-runtime-13.0.96 nvidia-cudnn-cu13-9.20.0.48 nvidia-cufft-12.0.0.61 nvidia-cufile-1.15.1.6 nvidia-curand-10.4.0.35 nvidia-cusolver-12.0.4.66 nvidia-cusparse-12.6.3.3 nvidia-cusparselt-cu13-0.8.1 nvidia-nccl-cu13-2.29.7 nvidia-nvjitlink-13.3.33 nvidia-nvshmem-cu13-3.4.5 nvidia-nvtx-13.0.85 portalocker-3.2.0 regex-2026.7.19 sacrebleu-2.6.0 sentencepiece-0.2.2 setuptools-83.0.0 sympy-1.14.0 tabulate-0.10.0 torch-2.13.0 triton-3.7.1 typing-extensions-4.16.0

[notice] A new release of pip is available: 25.2 -> 26.1.2
[notice] To update, run: pip install --upgrade pip
Saving image...
Image saved, took 4.39s

Built image im-BgxCmsFK0IBCccTPZYoTj6 in 62.09s


✓ Created objects.
├── 🔨 Created mount E:\Bit-Translate\cloud\modal_train_100m_kd.py
├── 🔨 Created mount E:\Bit-Translate\tokenizer
├── 🔨 Created mount E:\Bit-Translate\src
├── 🔨 Created mount E:\Bit-Translate\scripts
├── 🔨 Created function train.
├── 🔨 Created function train_v5.
├── 🔨 Created function train_v6.
├── 🔨 Created function train_v4.
├── 🔨 Created function train_v3.
├── 🔨 Created function train_v2.
├── 🔨 Created function finetune_p2.
└── 🔨 Created function status.
>> VÒNG 6: 18 layer, từ 'v6_avg.pt@avg7(15000-16400)' step=0
   cd /root/bt && python3 scripts/train.py --d-model 768 --n-layers 18 --n-heads 12 --d-ff 2048 --vocab-size 32001 --max-tokens 8192 --grad-accum 16 --max-seq 256 --compile --fixed-shapes --pad-multiple 32 --label-smoothing 0.1 --bin-dir data/bin_v7g --lr 5e-05 --min-lr 5.00e-06 --warmup 200 --lr-anchor 0 --max-steps 4000 --save-every 250 --milestone-every 250 --log-every 10 --dev-every 500
data bin: data/bin_v7g
train sequences: 15,881,846 | tokens: 945,789,007
dev sequences: 3,878 | 36 lô | đo mỗi 500 step
params: 152.1M (d=768 L=18 H=12 ff=2048)
checkpoint không có optimizer state -> dùng optimizer mới
resumed at step 0
torch.compile enabled (dynamic=True, recompile_limit=64)
=== start/resume step=0 max_steps=4000 max_tokens=8192 grad_accum=16 lr=5e-05 ===
[guardian] Volume committed
[guardian] Volume committed
[guardian] Volume committed
[guardian] Volume committed
[guardian] Volume committed
[guardian] Volume committed
[guardian] Volume committed
Container terminated due to preemption. Your Function will be restarted with the same input. For more details, see https://modal.com/docs/guide/preemption
>> VÒNG 6: 18 layer, từ 'v6_avg.pt@avg7(15000-16400)' step=0
   cd /root/bt && python3 scripts/train.py --d-model 768 --n-layers 18 --n-heads 12 --d-ff 2048 --vocab-size 32001 --max-tokens 8192 --grad-accum 16 --max-seq 256 --compile --fixed-shapes --pad-multiple 32 --label-smoothing 0.1 --bin-dir data/bin_v7g --lr 5e-05 --min-lr 5.00e-06 --warmup 200 --lr-anchor 0 --max-steps 4000 --save-every 250 --milestone-every 250 --log-every 10 --dev-every 500
data bin: data/bin_v7g
train sequences: 15,881,846 | tokens: 945,789,007
dev sequences: 3,878 | 36 lô | đo mỗi 500 step
params: 152.1M (d=768 L=18 H=12 ff=2048)
checkpoint không có optimizer state -> dùng optimizer mới
resumed at step 0
torch.compile enabled (dynamic=True, recompile_limit=64)
=== start/resume step=0 max_steps=4000 max_tokens=8192 grad_accum=16 lr=5e-05 ===
[guardian] Volume committed
[guardian] Volume committed
[guardian] Volume committed
[guardian] Volume committed
[guardian] Volume committed
[guardian] Volume committed
[guardian] Volume committed
step 10 | loss 2.0204 | lr 2.25e-06 | 235 tok/s | 237.32s/step
[guardian] Volume committed
step 20 | loss 2.0259 | lr 4.75e-06 | 45,233 tok/s | 1.25s/step
step 30 | loss 2.0284 | lr 7.25e-06 | 45,159 tok/s | 1.26s/step
step 40 | loss 2.0185 | lr 9.75e-06 | 43,341 tok/s | 1.26s/step
step 50 | loss 2.0367 | lr 1.22e-05 | 44,488 tok/s | 1.26s/step
step 60 | loss 2.0277 | lr 1.47e-05 | 43,628 tok/s | 1.26s/step
step 70 | loss 2.0333 | lr 1.73e-05 | 44,081 tok/s | 1.26s/step
step 80 | loss 2.0291 | lr 1.98e-05 | 42,954 tok/s | 1.27s/step
step 90 | loss 2.0467 | lr 2.22e-05 | 43,679 tok/s | 1.27s/step
step 100 | loss 2.0391 | lr 2.48e-05 | 43,258 tok/s | 1.27s/step
step 110 | loss 2.0639 | lr 2.72e-05 | 44,525 tok/s | 1.27s/step
step 120 | loss 2.0625 | lr 2.98e-05 | 43,823 tok/s | 1.27s/step
step 130 | loss 2.0631 | lr 3.22e-05 | 43,915 tok/s | 1.27s/step
step 140 | loss 2.0515 | lr 3.48e-05 | 42,201 tok/s | 1.27s/step
step 150 | loss 2.0643 | lr 3.72e-05 | 43,612 tok/s | 1.27s/step
step 160 | loss 2.0693 | lr 3.98e-05 | 42,989 tok/s | 1.27s/step
step 170 | loss 2.0646 | lr 4.23e-05 | 42,988 tok/s | 1.28s/step
step 180 | loss 2.0880 | lr 4.47e-05 | 44,646 tok/s | 1.28s/step
step 190 | loss 2.0714 | lr 4.73e-05 | 42,723 tok/s | 1.28s/step
step 200 | loss 2.0761 | lr 4.98e-05 | 43,151 tok/s | 1.27s/step
step 210 | loss 2.0897 | lr 5.00e-05 | 44,057 tok/s | 1.28s/step
step 220 | loss 2.0731 | lr 5.00e-05 | 42,869 tok/s | 1.28s/step
step 230 | loss 2.0753 | lr 5.00e-05 | 42,749 tok/s | 1.28s/step
step 240 | loss 2.0949 | lr 5.00e-05 | 43,886 tok/s | 1.29s/step
step 250 | loss 2.0867 | lr 5.00e-05 | 43,059 tok/s | 1.28s/step
[guardian] Volume committed
  saved checkpoint @ step 250
step 260 | loss 2.0841 | lr 5.00e-05 | 32,591 tok/s | 1.68s/step
step 270 | loss 2.0784 | lr 5.00e-05 | 43,545 tok/s | 1.27s/step
step 280 | loss 2.0980 | lr 5.00e-05 | 44,245 tok/s | 1.27s/step
step 290 | loss 2.0856 | lr 4.99e-05 | 43,679 tok/s | 1.28s/step
step 300 | loss 2.0799 | lr 4.99e-05 | 42,420 tok/s | 1.29s/step
step 310 | loss 2.0842 | lr 4.99e-05 | 42,628 tok/s | 1.28s/step
step 320 | loss 2.0872 | lr 4.99e-05 | 43,561 tok/s | 1.27s/step
step 330 | loss 2.0847 | lr 4.99e-05 | 43,749 tok/s | 1.26s/step
step 340 | loss 2.0951 | lr 4.99e-05 | 44,803 tok/s | 1.26s/step
step 350 | loss 2.0877 | lr 4.98e-05 | 44,178 tok/s | 1.26s/step
step 360 | loss 2.0776 | lr 4.98e-05 | 43,558 tok/s | 1.26s/step
step 370 | loss 2.0976 | lr 4.98e-05 | 45,212 tok/s | 1.26s/step
step 380 | loss 2.0898 | lr 4.98e-05 | 44,352 tok/s | 1.26s/step
step 390 | loss 2.0810 | lr 4.97e-05 | 43,650 tok/s | 1.27s/step
step 400 | loss 2.0763 | lr 4.97e-05 | 43,025 tok/s | 1.27s/step
step 410 | loss 2.0803 | lr 4.97e-05 | 42,533 tok/s | 1.28s/step
step 420 | loss 2.0940 | lr 4.96e-05 | 43,544 tok/s | 1.28s/step
step 430 | loss 2.0887 | lr 4.96e-05 | 43,461 tok/s | 1.28s/step
step 440 | loss 2.0863 | lr 4.96e-05 | 43,837 tok/s | 1.27s/step
step 450 | loss 2.1024 | lr 4.95e-05 | 45,181 tok/s | 1.26s/step
step 460 | loss 2.0946 | lr 4.95e-05 | 44,771 tok/s | 1.27s/step
step 470 | loss 2.0875 | lr 4.94e-05 | 43,617 tok/s | 1.27s/step
step 480 | loss 2.1016 | lr 4.94e-05 | 44,633 tok/s | 1.26s/step
[guardian] Volume committed
step 490 | loss 2.0797 | lr 4.94e-05 | 42,693 tok/s | 1.27s/step
step 500 | loss 2.0859 | lr 4.93e-05 | 42,650 tok/s | 1.27s/step
  DEV step 500 | dev_loss 2.1283 | 4s
  saved checkpoint @ step 500
step 510 | loss 2.0987 | lr 4.93e-05 | 34,703 tok/s | 1.63s/step
step 520 | loss 2.0879 | lr 4.92e-05 | 44,291 tok/s | 1.28s/step
step 530 | loss 2.0825 | lr 4.92e-05 | 43,297 tok/s | 1.27s/step
step 540 | loss 2.0915 | lr 4.91e-05 | 44,204 tok/s | 1.27s/step
step 550 | loss 2.0956 | lr 4.91e-05 | 44,671 tok/s | 1.27s/step
step 560 | loss 2.0863 | lr 4.90e-05 | 43,777 tok/s | 1.27s/step
step 570 | loss 2.0862 | lr 4.90e-05 | 42,867 tok/s | 1.27s/step
step 580 | loss 2.0855 | lr 4.89e-05 | 43,116 tok/s | 1.27s/step
step 590 | loss 2.0880 | lr 4.88e-05 | 43,265 tok/s | 1.28s/step
step 600 | loss 2.0950 | lr 4.88e-05 | 37,810 tok/s | 1.46s/step
step 610 | loss 2.0915 | lr 4.87e-05 | 44,614 tok/s | 1.27s/step
step 620 | loss 2.0831 | lr 4.87e-05 | 43,048 tok/s | 1.27s/step
step 630 | loss 2.0804 | lr 4.86e-05 | 42,722 tok/s | 1.27s/step
step 640 | loss 2.0885 | lr 4.85e-05 | 44,020 tok/s | 1.27s/step
step 650 | loss 2.0804 | lr 4.85e-05 | 43,599 tok/s | 1.28s/step
step 660 | loss 2.0820 | lr 4.84e-05 | 42,507 tok/s | 1.28s/step
step 670 | loss 2.0844 | lr 4.83e-05 | 42,753 tok/s | 1.28s/step
step 680 | loss 2.0872 | lr 4.83e-05 | 44,220 tok/s | 1.27s/step
step 690 | loss 2.0904 | lr 4.82e-05 | 44,194 tok/s | 1.27s/step
step 700 | loss 2.0827 | lr 4.81e-05 | 43,735 tok/s | 1.27s/step
step 710 | loss 2.0947 | lr 4.80e-05 | 43,774 tok/s | 1.27s/step
[guardian] Volume committed
step 720 | loss 2.0872 | lr 4.80e-05 | 43,178 tok/s | 1.27s/step
step 730 | loss 2.1002 | lr 4.79e-05 | 45,169 tok/s | 1.26s/step
step 740 | loss 2.0995 | lr 4.78e-05 | 44,720 tok/s | 1.27s/step
step 750 | loss 2.0861 | lr 4.77e-05 | 43,766 tok/s | 1.27s/step
  saved checkpoint @ step 750
step 760 | loss 2.0935 | lr 4.76e-05 | 33,413 tok/s | 1.70s/step
step 770 | loss 2.0906 | lr 4.76e-05 | 43,466 tok/s | 1.29s/step
step 780 | loss 2.0983 | lr 4.75e-05 | 44,209 tok/s | 1.28s/step
step 790 | loss 2.0873 | lr 4.74e-05 | 43,580 tok/s | 1.27s/step
step 800 | loss 2.0893 | lr 4.73e-05 | 43,945 tok/s | 1.27s/step
step 810 | loss 2.0927 | lr 4.72e-05 | 44,384 tok/s | 1.27s/step
step 820 | loss 2.0930 | lr 4.71e-05 | 44,168 tok/s | 1.26s/step
step 830 | loss 2.0992 | lr 4.70e-05 | 44,473 tok/s | 1.26s/step
step 840 | loss 2.0908 | lr 4.69e-05 | 44,684 tok/s | 1.26s/step
step 850 | loss 2.0862 | lr 4.68e-05 | 44,150 tok/s | 1.27s/step
step 860 | loss 2.0708 | lr 4.67e-05 | 42,429 tok/s | 1.27s/step
step 870 | loss 2.0948 | lr 4.66e-05 | 44,111 tok/s | 1.27s/step
step 880 | loss 2.0905 | lr 4.65e-05 | 43,905 tok/s | 1.28s/step
step 890 | loss 2.0746 | lr 4.64e-05 | 42,554 tok/s | 1.29s/step
step 900 | loss 2.0992 | lr 4.63e-05 | 44,797 tok/s | 1.28s/step
step 910 | loss 2.0798 | lr 4.62e-05 | 43,234 tok/s | 1.28s/step
step 920 | loss 2.0767 | lr 4.61e-05 | 42,459 tok/s | 1.27s/step
step 930 | loss 2.0862 | lr 4.60e-05 | 43,157 tok/s | 1.28s/step
step 940 | loss 2.0920 | lr 4.59e-05 | 44,453 tok/s | 1.28s/step
step 950 | loss 2.0788 | lr 4.58e-05 | 42,894 tok/s | 1.28s/step
[guardian] Volume committed
step 960 | loss 2.0772 | lr 4.57e-05 | 42,956 tok/s | 1.28s/step
step 970 | loss 2.0875 | lr 4.56e-05 | 43,659 tok/s | 1.28s/step
step 980 | loss 2.0785 | lr 4.55e-05 | 42,161 tok/s | 1.28s/step
step 990 | loss 2.0852 | lr 4.54e-05 | 43,338 tok/s | 1.28s/step
step 1000 | loss 2.0924 | lr 4.53e-05 | 44,048 tok/s | 1.28s/step
  DEV step 1000 | dev_loss 2.1191 | 3s
  saved checkpoint @ step 1000
step 1010 | loss 2.0866 | lr 4.52e-05 | 32,865 tok/s | 1.69s/step
step 1020 | loss 2.0900 | lr 4.50e-05 | 43,527 tok/s | 1.29s/step
step 1030 | loss 2.0965 | lr 4.49e-05 | 44,244 tok/s | 1.29s/step
step 1040 | loss 2.0911 | lr 4.48e-05 | 43,562 tok/s | 1.28s/step
step 1050 | loss 2.0954 | lr 4.47e-05 | 44,094 tok/s | 1.27s/step
step 1060 | loss 2.0851 | lr 4.46e-05 | 43,130 tok/s | 1.27s/step
step 1070 | loss 2.0910 | lr 4.44e-05 | 40,672 tok/s | 1.38s/step
step 1080 | loss 2.0766 | lr 4.43e-05 | 43,105 tok/s | 1.27s/step
step 1090 | loss 2.0858 | lr 4.42e-05 | 43,652 tok/s | 1.27s/step
step 1100 | loss 2.0722 | lr 4.41e-05 | 42,411 tok/s | 1.28s/step
step 1110 | loss 2.0766 | lr 4.39e-05 | 42,379 tok/s | 1.28s/step
step 1120 | loss 2.0758 | lr 4.38e-05 | 42,503 tok/s | 1.29s/step
step 1130 | loss 2.0848 | lr 4.37e-05 | 43,158 tok/s | 1.28s/step
step 1140 | loss 2.0879 | lr 4.36e-05 | 43,860 tok/s | 1.28s/step
step 1150 | loss 2.1008 | lr 4.34e-05 | 44,431 tok/s | 1.27s/step
step 1160 | loss 2.0794 | lr 4.33e-05 | 42,993 tok/s | 1.28s/step
step 1170 | loss 2.0782 | lr 4.32e-05 | 42,980 tok/s | 1.28s/step
step 1180 | loss 2.0830 | lr 4.30e-05 | 42,626 tok/s | 1.28s/step
[guardian] Volume committed
step 1190 | loss 2.0869 | lr 4.29e-05 | 43,588 tok/s | 1.27s/step
step 1200 | loss 2.0908 | lr 4.28e-05 | 44,034 tok/s | 1.27s/step
step 1210 | loss 2.0839 | lr 4.26e-05 | 44,080 tok/s | 1.27s/step
step 1220 | loss 2.0884 | lr 4.25e-05 | 44,170 tok/s | 1.27s/step
step 1230 | loss 2.0777 | lr 4.23e-05 | 42,809 tok/s | 1.27s/step
step 1240 | loss 2.0840 | lr 4.22e-05 | 42,741 tok/s | 1.28s/step
step 1250 | loss 2.0930 | lr 4.21e-05 | 43,428 tok/s | 1.28s/step
  saved checkpoint @ step 1250
step 1260 | loss 2.0882 | lr 4.19e-05 | 33,691 tok/s | 1.68s/step
step 1270 | loss 2.0835 | lr 4.18e-05 | 43,604 tok/s | 1.27s/step
step 1280 | loss 2.0851 | lr 4.16e-05 | 43,503 tok/s | 1.27s/step
step 1290 | loss 2.0876 | lr 4.15e-05 | 42,884 tok/s | 1.27s/step
step 1300 | loss 2.0699 | lr 4.13e-05 | 41,939 tok/s | 1.28s/step
step 1310 | loss 2.0920 | lr 4.12e-05 | 43,885 tok/s | 1.28s/step
step 1320 | loss 2.0820 | lr 4.10e-05 | 44,304 tok/s | 1.27s/step
step 1330 | loss 2.0749 | lr 4.09e-05 | 43,000 tok/s | 1.27s/step
step 1340 | loss 2.0902 | lr 4.07e-05 | 44,279 tok/s | 1.26s/step
step 1350 | loss 2.0869 | lr 4.06e-05 | 44,716 tok/s | 1.26s/step
step 1360 | loss 2.0894 | lr 4.04e-05 | 44,632 tok/s | 1.26s/step
step 1370 | loss 2.0861 | lr 4.03e-05 | 43,951 tok/s | 1.26s/step
step 1380 | loss 2.0812 | lr 4.01e-05 | 43,351 tok/s | 1.26s/step
step 1390 | loss 2.0870 | lr 4.00e-05 | 44,195 tok/s | 1.27s/step
step 1400 | loss 2.0857 | lr 3.98e-05 | 43,682 tok/s | 1.27s/step
step 1410 | loss 2.0846 | lr 3.97e-05 | 43,616 tok/s | 1.27s/step
[guardian] Volume committed
step 1420 | loss 2.0754 | lr 3.95e-05 | 42,218 tok/s | 1.27s/step
step 1430 | loss 2.0761 | lr 3.94e-05 | 42,395 tok/s | 1.28s/step
step 1440 | loss 2.0824 | lr 3.92e-05 | 42,895 tok/s | 1.27s/step
step 1450 | loss 2.0908 | lr 3.90e-05 | 43,673 tok/s | 1.27s/step
step 1460 | loss 2.0820 | lr 3.89e-05 | 44,300 tok/s | 1.28s/step
step 1470 | loss 2.0933 | lr 3.87e-05 | 44,616 tok/s | 1.27s/step
step 1480 | loss 2.0928 | lr 3.86e-05 | 43,869 tok/s | 1.28s/step
step 1490 | loss 2.0808 | lr 3.84e-05 | 43,382 tok/s | 1.28s/step
step 1500 | loss 2.0895 | lr 3.82e-05 | 44,126 tok/s | 1.27s/step
  DEV step 1500 | dev_loss 2.1100 | 3s
  saved checkpoint @ step 1500
step 1510 | loss 2.0761 | lr 3.81e-05 | 32,307 tok/s | 1.66s/step
step 1520 | loss 2.0876 | lr 3.79e-05 | 44,192 tok/s | 1.27s/step
step 1530 | loss 2.0917 | lr 3.77e-05 | 40,783 tok/s | 1.38s/step
step 1540 | loss 2.0797 | lr 3.76e-05 | 43,946 tok/s | 1.27s/step
step 1550 | loss 2.0737 | lr 3.74e-05 | 42,951 tok/s | 1.27s/step
step 1560 | loss 2.0844 | lr 3.72e-05 | 43,944 tok/s | 1.27s/step
step 1570 | loss 2.0841 | lr 3.71e-05 | 44,659 tok/s | 1.27s/step
step 1580 | loss 2.0932 | lr 3.69e-05 | 44,901 tok/s | 1.27s/step
step 1590 | loss 2.0789 | lr 3.67e-05 | 42,790 tok/s | 1.29s/step
step 1600 | loss 2.0924 | lr 3.66e-05 | 44,787 tok/s | 1.28s/step
step 1610 | loss 2.0904 | lr 3.64e-05 | 44,652 tok/s | 1.27s/step
step 1620 | loss 2.0665 | lr 3.62e-05 | 42,715 tok/s | 1.27s/step
step 1630 | loss 2.0752 | lr 3.60e-05 | 43,151 tok/s | 1.27s/step
step 1640 | loss 2.0777 | lr 3.59e-05 | 44,033 tok/s | 1.27s/step
[guardian] Volume committed
step 1650 | loss 2.0777 | lr 3.57e-05 | 44,512 tok/s | 1.27s/step
step 1660 | loss 2.0770 | lr 3.55e-05 | 43,860 tok/s | 1.27s/step
step 1670 | loss 2.0835 | lr 3.53e-05 | 44,629 tok/s | 1.27s/step
step 1680 | loss 2.0808 | lr 3.52e-05 | 43,740 tok/s | 1.27s/step
step 1690 | loss 2.0909 | lr 3.50e-05 | 43,892 tok/s | 1.28s/step
step 1700 | loss 2.0775 | lr 3.48e-05 | 43,025 tok/s | 1.28s/step
step 1710 | loss 2.0765 | lr 3.46e-05 | 42,791 tok/s | 1.27s/step
step 1720 | loss 2.0827 | lr 3.45e-05 | 44,045 tok/s | 1.26s/step
step 1730 | loss 2.0827 | lr 3.43e-05 | 44,066 tok/s | 1.27s/step
step 1740 | loss 2.0661 | lr 3.41e-05 | 42,903 tok/s | 1.26s/step
step 1750 | loss 2.0883 | lr 3.39e-05 | 44,843 tok/s | 1.26s/step
  saved checkpoint @ step 1750
step 1760 | loss 2.0796 | lr 3.38e-05 | 33,753 tok/s | 1.65s/step
step 1770 | loss 2.0713 | lr 3.36e-05 | 43,699 tok/s | 1.27s/step
step 1780 | loss 2.0711 | lr 3.34e-05 | 43,229 tok/s | 1.27s/step
step 1790 | loss 2.0774 | lr 3.32e-05 | 43,918 tok/s | 1.28s/step
step 1800 | loss 2.0792 | lr 3.30e-05 | 43,038 tok/s | 1.28s/step
step 1810 | loss 2.0572 | lr 3.29e-05 | 41,863 tok/s | 1.28s/step
step 1820 | loss 2.0748 | lr 3.27e-05 | 43,623 tok/s | 1.27s/step
step 1830 | loss 2.0735 | lr 3.25e-05 | 42,864 tok/s | 1.28s/step
step 1840 | loss 2.0897 | lr 3.23e-05 | 44,559 tok/s | 1.28s/step
step 1850 | loss 2.0752 | lr 3.21e-05 | 43,089 tok/s | 1.28s/step
step 1860 | loss 2.0771 | lr 3.20e-05 | 43,149 tok/s | 1.28s/step
step 1870 | loss 2.0733 | lr 3.18e-05 | 43,083 tok/s | 1.28s/step
step 1880 | loss 2.0823 | lr 3.16e-05 | 43,829 tok/s | 1.27s/step
[guardian] Volume committed
step 1890 | loss 2.0765 | lr 3.14e-05 | 44,107 tok/s | 1.27s/step
step 1900 | loss 2.0889 | lr 3.12e-05 | 44,776 tok/s | 1.27s/step
step 1910 | loss 2.0630 | lr 3.10e-05 | 42,575 tok/s | 1.27s/step
step 1920 | loss 2.0705 | lr 3.09e-05 | 43,218 tok/s | 1.28s/step
step 1930 | loss 2.0774 | lr 3.07e-05 | 43,531 tok/s | 1.28s/step
step 1940 | loss 2.0677 | lr 3.05e-05 | 43,079 tok/s | 1.28s/step
step 1950 | loss 2.0673 | lr 3.03e-05 | 42,808 tok/s | 1.28s/step
step 1960 | loss 2.0717 | lr 3.01e-05 | 43,232 tok/s | 1.27s/step
step 1970 | loss 2.0672 | lr 2.99e-05 | 43,015 tok/s | 1.28s/step
step 1980 | loss 2.0822 | lr 2.97e-05 | 44,036 tok/s | 1.28s/step
step 1990 | loss 2.0787 | lr 2.96e-05 | 43,586 tok/s | 1.28s/step
step 2000 | loss 2.0822 | lr 2.94e-05 | 40,828 tok/s | 1.39s/step
  DEV step 2000 | dev_loss 2.1016 | 3s
  saved checkpoint @ step 2000
step 2010 | loss 2.0676 | lr 2.92e-05 | 33,078 tok/s | 1.66s/step
step 2020 | loss 2.0731 | lr 2.90e-05 | 43,361 tok/s | 1.27s/step
step 2030 | loss 2.0665 | lr 2.88e-05 | 43,624 tok/s | 1.27s/step
step 2040 | loss 2.0755 | lr 2.86e-05 | 43,984 tok/s | 1.27s/step
step 2050 | loss 2.0796 | lr 2.84e-05 | 43,466 tok/s | 1.27s/step
step 2060 | loss 2.0750 | lr 2.83e-05 | 43,936 tok/s | 1.28s/step
step 2070 | loss 2.0732 | lr 2.81e-05 | 42,970 tok/s | 1.28s/step
step 2080 | loss 2.0735 | lr 2.79e-05 | 44,201 tok/s | 1.27s/step
step 2090 | loss 2.0840 | lr 2.77e-05 | 44,538 tok/s | 1.27s/step
step 2100 | loss 2.0774 | lr 2.75e-05 | 43,470 tok/s | 1.27s/step
step 2110 | loss 2.0862 | lr 2.73e-05 | 44,588 tok/s | 1.28s/step
[guardian] Volume committed
step 2120 | loss 2.0670 | lr 2.71e-05 | 43,270 tok/s | 1.28s/step
step 2130 | loss 2.0711 | lr 2.70e-05 | 43,373 tok/s | 1.28s/step
step 2140 | loss 2.0768 | lr 2.68e-05 | 44,565 tok/s | 1.28s/step
step 2150 | loss 2.0591 | lr 2.66e-05 | 41,835 tok/s | 1.28s/step
step 2160 | loss 2.0766 | lr 2.64e-05 | 44,099 tok/s | 1.28s/step
step 2170 | loss 2.0664 | lr 2.62e-05 | 43,036 tok/s | 1.27s/step
step 2180 | loss 2.0766 | lr 2.60e-05 | 44,358 tok/s | 1.27s/step
step 2190 | loss 2.0673 | lr 2.58e-05 | 42,769 tok/s | 1.27s/step
step 2200 | loss 2.0783 | lr 2.57e-05 | 44,832 tok/s | 1.28s/step
step 2210 | loss 2.0731 | lr 2.55e-05 | 44,062 tok/s | 1.28s/step
step 2220 | loss 2.0656 | lr 2.53e-05 | 42,936 tok/s | 1.29s/step
step 2230 | loss 2.0667 | lr 2.51e-05 | 43,504 tok/s | 1.28s/step
step 2240 | loss 2.0689 | lr 2.49e-05 | 43,998 tok/s | 1.28s/step
step 2250 | loss 2.0775 | lr 2.47e-05 | 44,155 tok/s | 1.27s/step
  saved checkpoint @ step 2250
step 2260 | loss 2.0756 | lr 2.46e-05 | 32,740 tok/s | 1.69s/step
step 2270 | loss 2.0687 | lr 2.44e-05 | 43,846 tok/s | 1.29s/step
step 2280 | loss 2.0728 | lr 2.42e-05 | 44,105 tok/s | 1.28s/step
step 2290 | loss 2.0606 | lr 2.40e-05 | 41,995 tok/s | 1.28s/step
step 2300 | loss 2.0707 | lr 2.38e-05 | 43,894 tok/s | 1.28s/step
step 2310 | loss 2.0672 | lr 2.36e-05 | 43,433 tok/s | 1.28s/step
step 2320 | loss 2.0536 | lr 2.34e-05 | 42,243 tok/s | 1.27s/step
step 2330 | loss 2.0667 | lr 2.33e-05 | 42,554 tok/s | 1.28s/step
step 2340 | loss 2.0663 | lr 2.31e-05 | 42,977 tok/s | 1.28s/step
[guardian] Volume committed
step 2350 | loss 2.0660 | lr 2.29e-05 | 44,232 tok/s | 1.28s/step
step 2360 | loss 2.0696 | lr 2.27e-05 | 44,226 tok/s | 1.27s/step
step 2370 | loss 2.0657 | lr 2.25e-05 | 43,579 tok/s | 1.27s/step
step 2380 | loss 2.0726 | lr 2.24e-05 | 44,318 tok/s | 1.27s/step
step 2390 | loss 2.0565 | lr 2.22e-05 | 43,463 tok/s | 1.27s/step
step 2400 | loss 2.0701 | lr 2.20e-05 | 43,902 tok/s | 1.27s/step
step 2410 | loss 2.0592 | lr 2.18e-05 | 42,701 tok/s | 1.28s/step
step 2420 | loss 2.0641 | lr 2.16e-05 | 43,267 tok/s | 1.29s/step
step 2430 | loss 2.0687 | lr 2.15e-05 | 43,869 tok/s | 1.27s/step
step 2440 | loss 2.0676 | lr 2.13e-05 | 44,325 tok/s | 1.26s/step
step 2450 | loss 2.0585 | lr 2.11e-05 | 43,810 tok/s | 1.26s/step
step 2460 | loss 2.0583 | lr 2.09e-05 | 39,876 tok/s | 1.38s/step
step 2470 | loss 2.0696 | lr 2.07e-05 | 44,615 tok/s | 1.26s/step
step 2480 | loss 2.0608 | lr 2.06e-05 | 43,784 tok/s | 1.26s/step
step 2490 | loss 2.0560 | lr 2.04e-05 | 43,489 tok/s | 1.26s/step
step 2500 | loss 2.0720 | lr 2.02e-05 | 44,189 tok/s | 1.26s/step
  DEV step 2500 | dev_loss 2.0900 | 3s
  saved checkpoint @ step 2500
step 2510 | loss 2.0619 | lr 2.00e-05 | 33,536 tok/s | 1.67s/step
step 2520 | loss 2.0709 | lr 1.99e-05 | 43,773 tok/s | 1.27s/step
step 2530 | loss 2.0629 | lr 1.97e-05 | 44,001 tok/s | 1.27s/step
step 2540 | loss 2.0682 | lr 1.95e-05 | 44,135 tok/s | 1.27s/step
step 2550 | loss 2.0430 | lr 1.93e-05 | 41,606 tok/s | 1.29s/step
step 2560 | loss 2.0591 | lr 1.92e-05 | 42,352 tok/s | 1.28s/step
step 2570 | loss 2.0565 | lr 1.90e-05 | 43,279 tok/s | 1.27s/step
[guardian] Volume committed
step 2580 | loss 2.0679 | lr 1.88e-05 | 44,529 tok/s | 1.27s/step
step 2590 | loss 2.0598 | lr 1.86e-05 | 44,138 tok/s | 1.27s/step
step 2600 | loss 2.0522 | lr 1.85e-05 | 42,874 tok/s | 1.27s/step
step 2610 | loss 2.0690 | lr 1.83e-05 | 43,860 tok/s | 1.27s/step
step 2620 | loss 2.0561 | lr 1.81e-05 | 42,287 tok/s | 1.28s/step
step 2630 | loss 2.0617 | lr 1.80e-05 | 42,437 tok/s | 1.28s/step
step 2640 | loss 2.0717 | lr 1.78e-05 | 44,722 tok/s | 1.28s/step
step 2650 | loss 2.0601 | lr 1.76e-05 | 43,632 tok/s | 1.28s/step
step 2660 | loss 2.0532 | lr 1.75e-05 | 43,247 tok/s | 1.28s/step
step 2670 | loss 2.0625 | lr 1.73e-05 | 44,007 tok/s | 1.28s/step
step 2680 | loss 2.0519 | lr 1.71e-05 | 41,903 tok/s | 1.28s/step
step 2690 | loss 2.0610 | lr 1.70e-05 | 43,064 tok/s | 1.29s/step
step 2700 | loss 2.0749 | lr 1.68e-05 | 44,907 tok/s | 1.28s/step
step 2710 | loss 2.0659 | lr 1.66e-05 | 43,801 tok/s | 1.27s/step
step 2720 | loss 2.0793 | lr 1.65e-05 | 44,740 tok/s | 1.27s/step
step 2730 | loss 2.0592 | lr 1.63e-05 | 43,053 tok/s | 1.28s/step
step 2740 | loss 2.0518 | lr 1.62e-05 | 43,252 tok/s | 1.29s/step
step 2750 | loss 2.0645 | lr 1.60e-05 | 44,101 tok/s | 1.28s/step
  saved checkpoint @ step 2750
step 2760 | loss 2.0648 | lr 1.58e-05 | 33,290 tok/s | 1.69s/step
step 2770 | loss 2.0552 | lr 1.57e-05 | 43,132 tok/s | 1.28s/step
step 2780 | loss 2.0574 | lr 1.55e-05 | 43,973 tok/s | 1.27s/step
step 2790 | loss 2.0520 | lr 1.54e-05 | 42,259 tok/s | 1.28s/step
step 2800 | loss 2.0642 | lr 1.52e-05 | 42,846 tok/s | 1.28s/step
[guardian] Volume committed
step 2810 | loss 2.0635 | lr 1.51e-05 | 43,527 tok/s | 1.28s/step
step 2820 | loss 2.0622 | lr 1.49e-05 | 43,932 tok/s | 1.28s/step
step 2830 | loss 2.0616 | lr 1.47e-05 | 43,664 tok/s | 1.28s/step
step 2840 | loss 2.0650 | lr 1.46e-05 | 44,934 tok/s | 1.28s/step
step 2850 | loss 2.0487 | lr 1.44e-05 | 42,764 tok/s | 1.28s/step
step 2860 | loss 2.0565 | lr 1.43e-05 | 43,315 tok/s | 1.29s/step
step 2870 | loss 2.0520 | lr 1.41e-05 | 43,260 tok/s | 1.29s/step
step 2880 | loss 2.0523 | lr 1.40e-05 | 44,147 tok/s | 1.28s/step
step 2890 | loss 2.0456 | lr 1.38e-05 | 42,682 tok/s | 1.27s/step
step 2900 | loss 2.0399 | lr 1.37e-05 | 41,427 tok/s | 1.27s/step
step 2910 | loss 2.0485 | lr 1.35e-05 | 43,181 tok/s | 1.27s/step
step 2920 | loss 2.0496 | lr 1.34e-05 | 39,818 tok/s | 1.39s/step
step 2930 | loss 2.0487 | lr 1.33e-05 | 42,635 tok/s | 1.28s/step
step 2940 | loss 2.0395 | lr 1.31e-05 | 41,846 tok/s | 1.28s/step
step 2950 | loss 2.0583 | lr 1.30e-05 | 43,651 tok/s | 1.28s/step
step 2960 | loss 2.0576 | lr 1.28e-05 | 43,713 tok/s | 1.28s/step
step 2970 | loss 2.0596 | lr 1.27e-05 | 44,356 tok/s | 1.27s/step
step 2980 | loss 2.0540 | lr 1.26e-05 | 43,228 tok/s | 1.28s/step
step 2990 | loss 2.0525 | lr 1.24e-05 | 43,386 tok/s | 1.28s/step
step 3000 | loss 2.0458 | lr 1.23e-05 | 42,830 tok/s | 1.28s/step
  DEV step 3000 | dev_loss 2.0771 | 3s
  saved checkpoint @ step 3000
step 3010 | loss 2.0572 | lr 1.21e-05 | 33,614 tok/s | 1.67s/step
step 3020 | loss 2.0634 | lr 1.20e-05 | 44,758 tok/s | 1.28s/step
step 3030 | loss 2.0652 | lr 1.19e-05 | 44,477 tok/s | 1.27s/step
[guardian] Volume committed
step 3040 | loss 2.0470 | lr 1.17e-05 | 43,344 tok/s | 1.27s/step
step 3050 | loss 2.0462 | lr 1.16e-05 | 42,950 tok/s | 1.27s/step
step 3060 | loss 2.0604 | lr 1.15e-05 | 44,381 tok/s | 1.27s/step
step 3070 | loss 2.0402 | lr 1.13e-05 | 42,846 tok/s | 1.27s/step
step 3080 | loss 2.0635 | lr 1.12e-05 | 44,544 tok/s | 1.26s/step
step 3090 | loss 2.0549 | lr 1.11e-05 | 43,489 tok/s | 1.27s/step
step 3100 | loss 2.0486 | lr 1.10e-05 | 43,809 tok/s | 1.28s/step
step 3110 | loss 2.0553 | lr 1.08e-05 | 43,685 tok/s | 1.28s/step
step 3120 | loss 2.0487 | lr 1.07e-05 | 43,907 tok/s | 1.27s/step
step 3130 | loss 2.0464 | lr 1.06e-05 | 43,081 tok/s | 1.27s/step
step 3140 | loss 2.0545 | lr 1.05e-05 | 44,492 tok/s | 1.26s/step
step 3150 | loss 2.0516 | lr 1.03e-05 | 43,873 tok/s | 1.26s/step
step 3160 | loss 2.0576 | lr 1.02e-05 | 44,504 tok/s | 1.26s/step
step 3170 | loss 2.0554 | lr 1.01e-05 | 43,950 tok/s | 1.26s/step
step 3180 | loss 2.0478 | lr 9.99e-06 | 43,469 tok/s | 1.26s/step
step 3190 | loss 2.0460 | lr 9.87e-06 | 43,709 tok/s | 1.27s/step
step 3200 | loss 2.0504 | lr 9.76e-06 | 43,149 tok/s | 1.27s/step
step 3210 | loss 2.0482 | lr 9.64e-06 | 43,365 tok/s | 1.28s/step
step 3220 | loss 2.0464 | lr 9.53e-06 | 43,130 tok/s | 1.28s/step
step 3230 | loss 2.0440 | lr 9.42e-06 | 43,376 tok/s | 1.28s/step
step 3240 | loss 2.0502 | lr 9.31e-06 | 43,995 tok/s | 1.27s/step
step 3250 | loss 2.0491 | lr 9.20e-06 | 43,172 tok/s | 1.26s/step
  saved checkpoint @ step 3250
step 3260 | loss 2.0553 | lr 9.09e-06 | 33,829 tok/s | 1.68s/step
step 3270 | loss 2.0559 | lr 8.99e-06 | 44,513 tok/s | 1.27s/step
[guardian] Volume committed
step 3280 | loss 2.0526 | lr 8.88e-06 | 44,385 tok/s | 1.26s/step
step 3290 | loss 2.0466 | lr 8.78e-06 | 44,598 tok/s | 1.27s/step
step 3300 | loss 2.0502 | lr 8.67e-06 | 44,457 tok/s | 1.27s/step
step 3310 | loss 2.0367 | lr 8.57e-06 | 42,583 tok/s | 1.27s/step
step 3320 | loss 2.0418 | lr 8.47e-06 | 42,511 tok/s | 1.27s/step
step 3330 | loss 2.0391 | lr 8.37e-06 | 42,286 tok/s | 1.28s/step
step 3340 | loss 2.0455 | lr 8.28e-06 | 43,162 tok/s | 1.29s/step
step 3350 | loss 2.0623 | lr 8.18e-06 | 45,006 tok/s | 1.27s/step
step 3360 | loss 2.0512 | lr 8.09e-06 | 44,483 tok/s | 1.27s/step
step 3370 | loss 2.0426 | lr 7.99e-06 | 43,318 tok/s | 1.27s/step
step 3380 | loss 2.0380 | lr 7.90e-06 | 40,027 tok/s | 1.38s/step
step 3390 | loss 2.0520 | lr 7.81e-06 | 45,299 tok/s | 1.26s/step
step 3400 | loss 2.0511 | lr 7.72e-06 | 44,026 tok/s | 1.26s/step
step 3410 | loss 2.0399 | lr 7.63e-06 | 43,704 tok/s | 1.26s/step
step 3420 | loss 2.0330 | lr 7.55e-06 | 42,693 tok/s | 1.26s/step
step 3430 | loss 2.0296 | lr 7.46e-06 | 42,863 tok/s | 1.27s/step
step 3440 | loss 2.0399 | lr 7.38e-06 | 43,555 tok/s | 1.27s/step
step 3450 | loss 2.0444 | lr 7.29e-06 | 43,052 tok/s | 1.27s/step
step 3460 | loss 2.0443 | lr 7.21e-06 | 43,243 tok/s | 1.29s/step
step 3470 | loss 2.0489 | lr 7.13e-06 | 43,307 tok/s | 1.28s/step
step 3480 | loss 2.0300 | lr 7.06e-06 | 42,039 tok/s | 1.28s/step
step 3490 | loss 2.0386 | lr 6.98e-06 | 43,272 tok/s | 1.27s/step
step 3500 | loss 2.0390 | lr 6.90e-06 | 43,857 tok/s | 1.27s/step
  DEV step 3500 | dev_loss 2.0670 | 3s
  saved checkpoint @ step 3500
step 3510 | loss 2.0422 | lr 6.83e-06 | 32,404 tok/s | 1.71s/step
[guardian] Volume committed
step 3520 | loss 2.0505 | lr 6.76e-06 | 43,838 tok/s | 1.27s/step
step 3530 | loss 2.0453 | lr 6.68e-06 | 44,680 tok/s | 1.28s/step
step 3540 | loss 2.0430 | lr 6.61e-06 | 43,948 tok/s | 1.28s/step
step 3550 | loss 2.0394 | lr 6.55e-06 | 42,778 tok/s | 1.27s/step
step 3560 | loss 2.0533 | lr 6.48e-06 | 44,024 tok/s | 1.26s/step
step 3570 | loss 2.0493 | lr 6.41e-06 | 44,559 tok/s | 1.26s/step
step 3580 | loss 2.0485 | lr 6.35e-06 | 44,215 tok/s | 1.26s/step
step 3590 | loss 2.0393 | lr 6.29e-06 | 44,264 tok/s | 1.27s/step
step 3600 | loss 2.0476 | lr 6.23e-06 | 44,856 tok/s | 1.27s/step
step 3610 | loss 2.0430 | lr 6.17e-06 | 43,757 tok/s | 1.27s/step
step 3620 | loss 2.0441 | lr 6.11e-06 | 43,269 tok/s | 1.27s/step
step 3630 | loss 2.0384 | lr 6.05e-06 | 42,978 tok/s | 1.28s/step
step 3640 | loss 2.0451 | lr 5.99e-06 | 43,289 tok/s | 1.28s/step
step 3650 | loss 2.0512 | lr 5.94e-06 | 43,697 tok/s | 1.28s/step
step 3660 | loss 2.0387 | lr 5.89e-06 | 43,916 tok/s | 1.27s/step
step 3670 | loss 2.0384 | lr 5.84e-06 | 43,412 tok/s | 1.27s/step
step 3680 | loss 2.0344 | lr 5.79e-06 | 42,996 tok/s | 1.27s/step
step 3690 | loss 2.0508 | lr 5.74e-06 | 44,083 tok/s | 1.28s/step
step 3700 | loss 2.0520 | lr 5.69e-06 | 44,069 tok/s | 1.27s/step
step 3710 | loss 2.0477 | lr 5.65e-06 | 44,183 tok/s | 1.27s/step
step 3720 | loss 2.0375 | lr 5.60e-06 | 43,120 tok/s | 1.28s/step
step 3730 | loss 2.0348 | lr 5.56e-06 | 43,667 tok/s | 1.28s/step
step 3740 | loss 2.0402 | lr 5.52e-06 | 43,416 tok/s | 1.27s/step
step 3750 | loss 2.0408 | lr 5.48e-06 | 43,189 tok/s | 1.27s/step
  saved checkpoint @ step 3750
[guardian] Volume committed
step 3760 | loss 2.0372 | lr 5.45e-06 | 32,237 tok/s | 1.69s/step
step 3770 | loss 2.0579 | lr 5.41e-06 | 44,181 tok/s | 1.28s/step
step 3780 | loss 2.0421 | lr 5.37e-06 | 43,699 tok/s | 1.27s/step
step 3790 | loss 2.0463 | lr 5.34e-06 | 44,448 tok/s | 1.28s/step
step 3800 | loss 2.0435 | lr 5.31e-06 | 43,087 tok/s | 1.29s/step
step 3810 | loss 2.0413 | lr 5.28e-06 | 43,646 tok/s | 1.28s/step
step 3820 | loss 2.0232 | lr 5.25e-06 | 42,047 tok/s | 1.28s/step
step 3830 | loss 2.0489 | lr 5.22e-06 | 43,565 tok/s | 1.27s/step
step 3840 | loss 2.0401 | lr 5.20e-06 | 40,058 tok/s | 1.39s/step
step 3850 | loss 2.0497 | lr 5.18e-06 | 44,043 tok/s | 1.28s/step
step 3860 | loss 2.0232 | lr 5.15e-06 | 41,824 tok/s | 1.29s/step
step 3870 | loss 2.0441 | lr 5.13e-06 | 43,638 tok/s | 1.28s/step
step 3880 | loss 2.0369 | lr 5.11e-06 | 42,875 tok/s | 1.28s/step
step 3890 | loss 2.0459 | lr 5.09e-06 | 44,208 tok/s | 1.27s/step
step 3900 | loss 2.0312 | lr 5.08e-06 | 42,930 tok/s | 1.27s/step
step 3910 | loss 2.0491 | lr 5.06e-06 | 44,170 tok/s | 1.27s/step
step 3920 | loss 2.0529 | lr 5.05e-06 | 44,385 tok/s | 1.28s/step
step 3930 | loss 2.0428 | lr 5.04e-06 | 43,296 tok/s | 1.29s/step
step 3940 | loss 2.0358 | lr 5.03e-06 | 43,903 tok/s | 1.27s/step
step 3950 | loss 2.0404 | lr 5.02e-06 | 43,645 tok/s | 1.27s/step
step 3960 | loss 2.0475 | lr 5.01e-06 | 44,790 tok/s | 1.26s/step
step 3970 | loss 2.0335 | lr 5.01e-06 | 43,651 tok/s | 1.27s/step
step 3980 | loss 2.0370 | lr 5.00e-06 | 43,945 tok/s | 1.27s/step
step 3990 | loss 2.0390 | lr 5.00e-06 | 43,122 tok/s | 1.27s/step
[guardian] Volume committed
step 4000 | loss 2.0236 | lr 5.00e-06 | 42,183 tok/s | 1.28s/step
  DEV step 4000 | dev_loss 2.0617 | 3s
  saved checkpoint @ step 4000
=== training loop exited ===
VÒNG 6 kết thúc rc=0. Checkpoint ở /persist/checkpoints_v7a.
step 3960 | loss 2.0475 | lr 5.01e-06 | 44,790 tok/s | 1.26s/step
step 3970 | loss 2.0335 | lr 5.01e-06 | 43,651 tok/s | 1.27s/step
step 3980 | loss 2.0370 | lr 5.00e-06 | 43,945 tok/s | 1.27s/step
step 3990 | loss 2.0390 | lr 5.00e-06 | 43,122 tok/s | 1.27s/step
step 4000 | loss 2.0236 | lr 5.00e-06 | 42,183 tok/s | 1.28s/step
  DEV step 4000 | dev_loss 2.0617 | 3s
  saved checkpoint @ step 4000
=== training loop exited ===

Runner terminated.
✓ App completed. View run at 
https://modal.com/apps/trituenguyen97/main/ap-5uTPEq7PMrYbgtJ4ojknmZ
